Archive member included because of file (symbol)

C:/Freescale/CW MCU v10.6/MCU/ARM_GCC_Support/ewl/lib/armv6-m\libc.a(sprintf.o)
                              ./Sources/main.o (sprintf)
C:/Freescale/CW MCU v10.6/MCU/ARM_GCC_Support/ewl/lib/armv6-m\libc.a(vsnprintf.o)
                              C:/Freescale/CW MCU v10.6/MCU/ARM_GCC_Support/ewl/lib/armv6-m\libc.a(sprintf.o) (vsnprintf)
C:/Freescale/CW MCU v10.6/MCU/ARM_GCC_Support/ewl/lib/armv6-m\libc.a(exit.o)
                              ./Project_Settings/Startup_Code/__arm_start.o (exit)
C:/Freescale/CW MCU v10.6/MCU/ARM_GCC_Support/ewl/lib/armv6-m\libc.a(memcpy.o)
                              C:/Freescale/CW MCU v10.6/MCU/ARM_GCC_Support/ewl/lib/armv6-m\libc.a(vsnprintf.o) (memcpy)
C:/Freescale/CW MCU v10.6/MCU/ARM_GCC_Support/ewl/lib/armv6-m\libc.a(memset.o)
                              ./Project_Settings/Startup_Code/__arm_start.o (memset)
C:/Freescale/CW MCU v10.6/MCU/ARM_GCC_Support/ewl/lib/armv6-m\libc.a(strlen.o)
                              ./Sources/main.o (strlen)
C:/Freescale/CW MCU v10.6/MCU/ARM_GCC_Support/ewl/lib/armv6-m\libc.a(printformat_fp.o)
                              (__pformatterFP)
C:/Freescale/CW MCU v10.6/MCU/ARM_GCC_Support/ewl/lib/armv6-m\libc.a(scanformat_fp.o)
                              (__sformatter_FP)
C:/Freescale/CW MCU v10.6/MCU/ARM_GCC_Support/ewl/lib/armv6-m\libc.a(ctype_aeabi.o)
                              C:/Freescale/CW MCU v10.6/MCU/ARM_GCC_Support/ewl/lib/armv6-m\libc.a(scanformat_fp.o) (isspace)
C:/Freescale/CW MCU v10.6/MCU/ARM_GCC_Support/ewl/lib/armv6-m\libc.a(__strtold.o)
                              C:/Freescale/CW MCU v10.6/MCU/ARM_GCC_Support/ewl/lib/armv6-m\libc.a(scanformat_fp.o) (__strtold)
C:/Freescale/CW MCU v10.6/MCU/ARM_GCC_Support/ewl/lib/armv6-m\libc.a(vsscanf.o)
                              C:/Freescale/CW MCU v10.6/MCU/ARM_GCC_Support/ewl/lib/armv6-m\libc.a(__strtold.o) (__StringRead)
C:/Freescale/CW MCU v10.6/MCU/ARM_GCC_Support/ewl/lib/armv6-m\libc.a(__strtoul.o)
                              C:/Freescale/CW MCU v10.6/MCU/ARM_GCC_Support/ewl/lib/armv6-m\libc.a(scanformat_fp.o) (__strtoul)
C:/Freescale/CW MCU v10.6/MCU/ARM_GCC_Support/ewl/lib/armv6-m\libc.a(__filll_mem.o)
                              C:/Freescale/CW MCU v10.6/MCU/ARM_GCC_Support/ewl/lib/armv6-m\libc.a(memset.o) (__fill_mem)
C:/Freescale/CW MCU v10.6/MCU/ARM_GCC_Support/ewl/lib/armv6-m\libc.a(memchr.o)
                              C:/Freescale/CW MCU v10.6/MCU/ARM_GCC_Support/ewl/lib/armv6-m\libc.a(printformat_fp.o) (memchr)
C:/Freescale/CW MCU v10.6/MCU/ARM_GCC_Support/ewl/lib/armv6-m\libc.a(strchr.o)
                              C:/Freescale/CW MCU v10.6/MCU/ARM_GCC_Support/ewl/lib/armv6-m\libc.a(printformat_fp.o) (strchr)
C:/Freescale/CW MCU v10.6/MCU/ARM_GCC_Support/ewl/lib/armv6-m\libc.a(strcpy.o)
                              C:/Freescale/CW MCU v10.6/MCU/ARM_GCC_Support/ewl/lib/armv6-m\libc.a(printformat_fp.o) (strcpy)
C:/Freescale/CW MCU v10.6/MCU/ARM_GCC_Support/ewl/lib/armv6-m\libc.a(errno.o)
                              C:/Freescale/CW MCU v10.6/MCU/ARM_GCC_Support/ewl/lib/armv6-m\libc.a(__strtold.o) (errno)
C:/Freescale/CW MCU v10.6/MCU/ARM_GCC_Support/ewl/lib/armv6-m\libm.a(ansi_fp.o)
                              C:/Freescale/CW MCU v10.6/MCU/ARM_GCC_Support/ewl/lib/armv6-m\libc.a(printformat_fp.o) (__num2dec)
C:/Freescale/CW MCU v10.6/MCU/ARM_GCC_Support/ewl/lib/armv6-m\libm.a(float.o)
                              C:/Freescale/CW MCU v10.6/MCU/ARM_GCC_Support/ewl/lib/armv6-m\libc.a(__strtold.o) (__extended_max)
C:/Freescale/CW MCU v10.6/MCU/ARM_GCC_Support/ewl/lib/armv6-m\libm.a(math_api.o)
                              C:/Freescale/CW MCU v10.6/MCU/ARM_GCC_Support/ewl/lib/armv6-m\libm.a(ansi_fp.o) (__signbitd)
C:/Freescale/CW MCU v10.6/MCU/ARM_GCC_Support/ewl/lib/armv6-m\libm.a(s_frexp.o)
                              C:/Freescale/CW MCU v10.6/MCU/ARM_GCC_Support/ewl/lib/armv6-m\libm.a(ansi_fp.o) (frexp)
C:/Freescale/CW MCU v10.6/MCU/ARM_GCC_Support/ewl/lib/armv6-m\libm.a(w_pow.o)
                              C:/Freescale/CW MCU v10.6/MCU/ARM_GCC_Support/ewl/lib/armv6-m\libm.a(ansi_fp.o) (pow)
C:/Freescale/CW MCU v10.6/MCU/ARM_GCC_Support/ewl/lib/armv6-m\libm.a(e_pow.o)
                              C:/Freescale/CW MCU v10.6/MCU/ARM_GCC_Support/ewl/lib/armv6-m\libm.a(w_pow.o) (__ieee754_pow)
C:/Freescale/CW MCU v10.6/MCU/ARM_GCC_Support/ewl/lib/armv6-m\libm.a(scalbn.o)
                              C:/Freescale/CW MCU v10.6/MCU/ARM_GCC_Support/ewl/lib/armv6-m\libm.a(e_pow.o) (scalbn)
C:/Freescale/CW MCU v10.6/MCU/ARM_GCC_Support/ewl/lib/armv6-m\libm.a(w_sqrt.o)
                              C:/Freescale/CW MCU v10.6/MCU/ARM_GCC_Support/ewl/lib/armv6-m\libm.a(e_pow.o) (sqrt)
C:/Freescale/CW MCU v10.6/MCU/ARM_GCC_Support/ewl/lib/armv6-m\libm.a(e_sqrt.o)
                              C:/Freescale/CW MCU v10.6/MCU/ARM_GCC_Support/ewl/lib/armv6-m\libm.a(w_sqrt.o) (__ieee754_sqrt)
[...]
Memory Configuration

Name             Origin             Length             Attributes
m_interrupts     0x00000000         0x000000c0         xr
m_text           0x00000410         0x0003fbf0         xr
m_data           0x1fffe000         0x00008000         rw
m_cfmprotrom     0x00000400         0x00000010         xr
*default*        0x00000000         0xffffffff

Linker script and memory map

LOAD ./Generated_Code/WAIT1.o
LOAD ./Generated_Code/Vectors.o
LOAD ./Generated_Code/TU3.o
LOAD ./Generated_Code/TU2.o
LOAD ./Generated_Code/TU1.o
LOAD ./Generated_Code/Rng1Gal.o
LOAD ./Generated_Code/RingBuffer.o
LOAD ./Generated_Code/PwmLdd8.o
LOAD ./Generated_Code/PwmLdd7.o
LOAD ./Generated_Code/PwmLdd6.o
LOAD ./Generated_Code/PwmLdd5.o
LOAD ./Generated_Code/PwmLdd4.o
LOAD ./Generated_Code/PwmLdd3.o
LOAD ./Generated_Code/PwmLdd2.o
LOAD ./Generated_Code/PwmLdd1.o
LOAD ./Generated_Code/PE_LDD.o
LOAD ./Generated_Code/Oruga2ForwardPWM.o
LOAD ./Generated_Code/Oruga2BackwardPWM.o
LOAD ./Generated_Code/Oruga1ForwardPWM.o
LOAD ./Generated_Code/Oruga1BackwardPWM.o
LOAD ./Generated_Code/MAG1.o
LOAD ./Generated_Code/Luz.o
LOAD ./Generated_Code/GI2C1.o
LOAD ./Generated_Code/Cpu.o
LOAD ./Generated_Code/ComGalileo.o
LOAD ./Generated_Code/CI2C1.o
LOAD ./Generated_Code/Buzzer.o
LOAD ./Generated_Code/BrazoPostForwardPWM.o
LOAD ./Generated_Code/BrazoPostBackwardPWM.o
LOAD ./Generated_Code/BrazoFrontalForwardPWM.o
LOAD ./Generated_Code/BrazoFrontalBackwardPWM.o
LOAD ./Generated_Code/BitsIoLdd1.o
LOAD ./Generated_Code/BitIoLdd2.o
LOAD ./Generated_Code/BitIoLdd1.o
LOAD ./Generated_Code/BateriaInput.o
LOAD ./Generated_Code/AdcLdd1.o
LOAD ./Generated_Code/Acelerometro.o
LOAD ./Generated_Code/AS1.o
LOAD ./Generated_Code/ADCs.o
LOAD ./Project_Settings/Startup_Code/__arm_start.o
LOAD ./Project_Settings/Startup_Code/__arm_end.o
LOAD ./Sources/sa_mtb.o
LOAD ./Sources/main.o
LOAD ./Sources/Utiles.o
LOAD ./Sources/Events.o
LOAD ./Sources/Comunicacion.o
LOAD ./Sources/Actuadores.o
                0x00007688                __pformatter = __pformatterFP
                0x00007ee0                __sformatter = __sformatter_FP
START GROUP
LOAD C:/Freescale/CW MCU v10.6/MCU/ARM_GCC_Support/ewl/lib/armv6-m\libc.a
LOAD C:/Freescale/CW MCU v10.6/MCU/ARM_GCC_Support/ewl/lib/armv6-m\libm.a
LOAD c:/freescale/cw mcu v10.6/cross_tools/arm-none-eabi-gcc-4_7_3/bin/../lib/gcc/arm-none-eabi/4.7.3/armv6-m\libgcc.a
LOAD C:/Freescale/CW MCU v10.6/MCU/ARM_GCC_Support/ewl/lib/armv6-m\librt.a
LOAD C:/Freescale/CW MCU v10.6/MCU/ARM_GCC_Support/ewl/lib/armv6-m\libuart.a
END GROUP
                0x20006000                _estack = 0x20006000
                0x20006000                __SP_INIT = _estack
                0x00000000                __heap_size = 0x0
                0x00000400                __stack_size = 0x400

.interrupts     0x00000000       0xc0
                0x00000000                __vector_table = .
                0x00000000                . = ALIGN (0x4)
 *(.vectortable)
 .vectortable   0x00000000       0xc0 ./Generated_Code/Vectors.o
                0x00000000                __vect_table
                0x000000c0                . = ALIGN (0x4)

.cfmprotect     0x00000400       0x10
                0x00000400                . = ALIGN (0x4)
 *(.cfmconfig)
 .cfmconfig     0x00000400       0x10 ./Generated_Code/Cpu.o
                0x00000400                _cfm
                0x00000410                . = ALIGN (0x4)

.text           0x00000410     0xa490
                0x00000410                . = ALIGN (0x4)
 *(.text)
 .text          0x00000410       0x14 c:/freescale/cw mcu v10.6/cross_tools/arm-none-eabi-gcc-4_7_3/bin/../lib/gcc/arm-none-eabi/4.7.3/armv6-m\libgcc.a(_thumb1_case_sqi.o)
                0x00000410                __gnu_thumb1_case_sqi
 .text          0x00000424       0x14 c:/freescale/cw mcu v10.6/cross_tools/arm-none-eabi-gcc-4_7_3/bin/../lib/gcc/arm-none-eabi/4.7.3/armv6-m\libgcc.a(_thumb1_case_uqi.o)
                0x00000424                __gnu_thumb1_case_uqi
 .text          0x00000438       0x9c c:/freescale/cw mcu v10.6/cross_tools/arm-none-eabi-gcc-4_7_3/bin/../lib/gcc/arm-none-eabi/4.7.3/armv6-m\libgcc.a(_udivsi3.o)
                0x00000438                __aeabi_uidiv
                0x00000438                __udivsi3
                0x000004c0                __aeabi_uidivmod
 .text          0x000004d4       0xc0 c:/freescale/cw mcu v10.6/cross_tools/arm-none-eabi-gcc-4_7_3/bin/../lib/gcc/arm-none-eabi/4.7.3/armv6-m\libgcc.a(_divsi3.o)
                0x000004d4                __divsi3
                0x000004d4                __aeabi_idiv
                0x00000580                __aeabi_idivmod
 .text          0x00000594        0x4 c:/freescale/cw mcu v10.6/cross_tools/arm-none-eabi-gcc-4_7_3/bin/../lib/gcc/arm-none-eabi/4.7.3/armv6-m\libgcc.a(_dvmd_tls.o)
                0x00000594                __aeabi_idiv0
                0x00000594                __aeabi_ldiv0
 .text          0x00000598       0x7c c:/freescale/cw mcu v10.6/cross_tools/arm-none-eabi-gcc-4_7_3/bin/../lib/gcc/arm-none-eabi/4.7.3/armv6-m\libgcc.a(_arm_cmpdf2.o)
                0x00000598                __aeabi_cdrcmple
                0x000005a8                __aeabi_cdcmple
                0x000005a8                __aeabi_cdcmpeq
                0x000005b8                __aeabi_dcmpeq
                0x000005c4                __aeabi_dcmplt
                0x000005d8                __aeabi_dcmple
                0x000005ec                __aeabi_dcmpgt
                0x00000600                __aeabi_dcmpge
 .text          0x00000614       0x74 c:/freescale/cw mcu v10.6/cross_tools/arm-none-eabi-gcc-4_7_3/bin/../lib/gcc/arm-none-eabi/4.7.3/armv6-m\libgcc.a(_arm_cmpsf2.o)
                0x00000614                __aeabi_cfrcmple
                0x0000061c                __aeabi_cfcmpeq
                0x0000061c                __aeabi_cfcmple
                0x0000062c                __aeabi_fcmpeq
                0x00000638                __aeabi_fcmplt
                0x0000064c                __aeabi_fcmple
                0x00000660                __aeabi_fcmpgt
                0x00000674                __aeabi_fcmpge
 .text          0x00000688       0x30 c:/freescale/cw mcu v10.6/cross_tools/arm-none-eabi-gcc-4_7_3/bin/../lib/gcc/arm-none-eabi/4.7.3/armv6-m\libgcc.a(_fixunssfsi.o)
                0x00000688                __fixunssfsi
                0x00000688                __aeabi_f2uiz
 .text          0x000006b8      0x3a4 c:/freescale/cw mcu v10.6/cross_tools/arm-none-eabi-gcc-4_7_3/bin/../lib/gcc/arm-none-eabi/4.7.3/armv6-m\libgcc.a(addsf3.o)
                0x000006b8                __aeabi_fadd
 .text          0x00000a5c      0x274 c:/freescale/cw mcu v10.6/cross_tools/arm-none-eabi-gcc-4_7_3/bin/../lib/gcc/arm-none-eabi/4.7.3/armv6-m\libgcc.a(divsf3.o)
                0x00000a5c                __aeabi_fdiv
 .text          0x00000cd0       0x50 c:/freescale/cw mcu v10.6/cross_tools/arm-none-eabi-gcc-4_7_3/bin/../lib/gcc/arm-none-eabi/4.7.3/armv6-m\libgcc.a(eqsf2.o)
                0x00000cd0                __eqsf2
                0x00000cd0                __nesf2
 .text          0x00000d20       0x90 c:/freescale/cw mcu v10.6/cross_tools/arm-none-eabi-gcc-4_7_3/bin/../lib/gcc/arm-none-eabi/4.7.3/armv6-m\libgcc.a(gesf2.o)
                0x00000d20                __gesf2
                0x00000d20                __gtsf2
 .text          0x00000db0       0x90 c:/freescale/cw mcu v10.6/cross_tools/arm-none-eabi-gcc-4_7_3/bin/../lib/gcc/arm-none-eabi/4.7.3/armv6-m\libgcc.a(lesf2.o)
                0x00000db0                __ltsf2
                0x00000db0                __lesf2
 .text          0x00000e40      0x260 c:/freescale/cw mcu v10.6/cross_tools/arm-none-eabi-gcc-4_7_3/bin/../lib/gcc/arm-none-eabi/4.7.3/armv6-m\libgcc.a(mulsf3.o)
                0x00000e40                __aeabi_fmul
 .text          0x000010a0      0x3ac c:/freescale/cw mcu v10.6/cross_tools/arm-none-eabi-gcc-4_7_3/bin/../lib/gcc/arm-none-eabi/4.7.3/armv6-m\libgcc.a(subsf3.o)
                0x000010a0                __aeabi_fsub
 .text          0x0000144c       0x40 c:/freescale/cw mcu v10.6/cross_tools/arm-none-eabi-gcc-4_7_3/bin/../lib/gcc/arm-none-eabi/4.7.3/armv6-m\libgcc.a(fixsfsi.o)
                0x0000144c                __aeabi_f2iz
 .text          0x0000148c       0xa8 c:/freescale/cw mcu v10.6/cross_tools/arm-none-eabi-gcc-4_7_3/bin/../lib/gcc/arm-none-eabi/4.7.3/armv6-m\libgcc.a(floatsisf.o)
                0x0000148c                __aeabi_i2f
 .text          0x00001534      0x758 c:/freescale/cw mcu v10.6/cross_tools/arm-none-eabi-gcc-4_7_3/bin/../lib/gcc/arm-none-eabi/4.7.3/armv6-m\libgcc.a(adddf3.o)
                0x00001534                __aeabi_dadd
 .text          0x00001c8c      0x5b8 c:/freescale/cw mcu v10.6/cross_tools/arm-none-eabi-gcc-4_7_3/bin/../lib/gcc/arm-none-eabi/4.7.3/armv6-m\libgcc.a(divdf3.o)
                0x00001c8c                __aeabi_ddiv
 .text          0x00002244       0x7c c:/freescale/cw mcu v10.6/cross_tools/arm-none-eabi-gcc-4_7_3/bin/../lib/gcc/arm-none-eabi/4.7.3/armv6-m\libgcc.a(eqdf2.o)
                0x00002244                __nedf2
                0x00002244                __eqdf2
 .text          0x000022c0       0xe8 c:/freescale/cw mcu v10.6/cross_tools/arm-none-eabi-gcc-4_7_3/bin/../lib/gcc/arm-none-eabi/4.7.3/armv6-m\libgcc.a(gedf2.o)
                0x000022c0                __gedf2
                0x000022c0                __gtdf2
 .text          0x000023a8       0xd8 c:/freescale/cw mcu v10.6/cross_tools/arm-none-eabi-gcc-4_7_3/bin/../lib/gcc/arm-none-eabi/4.7.3/armv6-m\libgcc.a(ledf2.o)
                0x000023a8                __ledf2
                0x000023a8                __ltdf2
 .text          0x00002480      0x4e4 c:/freescale/cw mcu v10.6/cross_tools/arm-none-eabi-gcc-4_7_3/bin/../lib/gcc/arm-none-eabi/4.7.3/armv6-m\libgcc.a(muldf3.o)
                0x00002480                __aeabi_dmul
 .text          0x00002964      0x6f8 c:/freescale/cw mcu v10.6/cross_tools/arm-none-eabi-gcc-4_7_3/bin/../lib/gcc/arm-none-eabi/4.7.3/armv6-m\libgcc.a(subdf3.o)
                0x00002964                __aeabi_dsub
 .text          0x0000305c       0x68 c:/freescale/cw mcu v10.6/cross_tools/arm-none-eabi-gcc-4_7_3/bin/../lib/gcc/arm-none-eabi/4.7.3/armv6-m\libgcc.a(fixdfsi.o)
                0x0000305c                __aeabi_d2iz
 .text          0x000030c4       0x74 c:/freescale/cw mcu v10.6/cross_tools/arm-none-eabi-gcc-4_7_3/bin/../lib/gcc/arm-none-eabi/4.7.3/armv6-m\libgcc.a(floatsidf.o)
                0x000030c4                __aeabi_i2d
 .text          0x00003138       0xa8 c:/freescale/cw mcu v10.6/cross_tools/arm-none-eabi-gcc-4_7_3/bin/../lib/gcc/arm-none-eabi/4.7.3/armv6-m\libgcc.a(extendsfdf2.o)
                0x00003138                __aeabi_f2d
 .text          0x000031e0      0x134 c:/freescale/cw mcu v10.6/cross_tools/arm-none-eabi-gcc-4_7_3/bin/../lib/gcc/arm-none-eabi/4.7.3/armv6-m\libgcc.a(truncdfsf2.o)
                0x000031e0                __aeabi_d2f
 .text          0x00003314       0x3c c:/freescale/cw mcu v10.6/cross_tools/arm-none-eabi-gcc-4_7_3/bin/../lib/gcc/arm-none-eabi/4.7.3/armv6-m\libgcc.a(_clzsi2.o)
                0x00003314                __clzsi2
 *(.text*)
 .text.WAIT1_Wait10Cycles
                0x00003350        0x8 ./Generated_Code/WAIT1.o
                0x00003350                WAIT1_Wait10Cycles
 .text.WAIT1_Wait100Cycles
                0x00003358       0x18 ./Generated_Code/WAIT1.o
                0x00003358                WAIT1_Wait100Cycles
 .text.WAIT1_WaitCycles
                0x00003370       0x44 ./Generated_Code/WAIT1.o
                0x00003370                WAIT1_WaitCycles
 .text.WAIT1_WaitLongCycles
                0x000033b4       0x3c ./Generated_Code/WAIT1.o
                0x000033b4                WAIT1_WaitLongCycles
 .text.WAIT1_Waitms
                0x000033f0       0x38 ./Generated_Code/WAIT1.o
                0x000033f0                WAIT1_Waitms
 .text.TU3_Init
                0x00003428      0x13c ./Generated_Code/TU3.o
                0x00003428                TU3_Init
 .text.TU3_GetPeriodTicks
                0x00003564       0x3c ./Generated_Code/TU3.o
                0x00003564                TU3_GetPeriodTicks
 .text.TU3_SetOffsetTicks
                0x000035a0       0x58 ./Generated_Code/TU3.o
                0x000035a0                TU3_SetOffsetTicks
 .text.TU2_Init
                0x000035f8       0xe4 ./Generated_Code/TU2.o
                0x000035f8                TU2_Init
 .text.TU2_GetPeriodTicks
                0x000036dc       0x3c ./Generated_Code/TU2.o
                0x000036dc                TU2_GetPeriodTicks
 .text.TU2_SetOffsetTicks
                0x00003718       0x58 ./Generated_Code/TU2.o
                0x00003718                TU2_SetOffsetTicks
 .text.TU1_Init
                0x00003770       0xe4 ./Generated_Code/TU1.o
                0x00003770                TU1_Init
 .text.TU1_GetPeriodTicks
                0x00003854       0x3c ./Generated_Code/TU1.o
                0x00003854                TU1_GetPeriodTicks
 .text.TU1_SetOffsetTicks
                0x00003890       0x58 ./Generated_Code/TU1.o
                0x00003890                TU1_SetOffsetTicks
 .text.Rng1Gal_Put
                0x000038e8       0xc0 ./Generated_Code/Rng1Gal.o
                0x000038e8                Rng1Gal_Put
 .text.Rng1Gal_Get
                0x000039a8       0xbc ./Generated_Code/Rng1Gal.o
                0x000039a8                Rng1Gal_Get
 .text.Rng1Gal_NofElements
                0x00003a64       0x14 ./Generated_Code/Rng1Gal.o
                0x00003a64                Rng1Gal_NofElements
 .text.Rng1Gal_Init
                0x00003a78       0x28 ./Generated_Code/Rng1Gal.o
                0x00003a78                Rng1Gal_Init
 .text.RingBuffer_Put
                0x00003aa0       0xc0 ./Generated_Code/RingBuffer.o
                0x00003aa0                RingBuffer_Put
 .text.RingBuffer_Get
                0x00003b60       0xbc ./Generated_Code/RingBuffer.o
                0x00003b60                RingBuffer_Get
 .text.RingBuffer_NofElements
                0x00003c1c       0x14 ./Generated_Code/RingBuffer.o
                0x00003c1c                RingBuffer_NofElements
 .text.RingBuffer_Init
                0x00003c30       0x28 ./Generated_Code/RingBuffer.o
                0x00003c30                RingBuffer_Init
 .text.PwmLdd8_Init
                0x00003c58       0x58 ./Generated_Code/PwmLdd8.o
                0x00003c58                PwmLdd8_Init
 .text.PwmLdd8_SetDutyUS
                0x00003cb0       0x78 ./Generated_Code/PwmLdd8.o
                0x00003cb0                PwmLdd8_SetDutyUS
 .text.SetRatio
                0x00003d28       0x68 ./Generated_Code/PwmLdd8.o
 .text.PwmLdd7_Init
                0x00003d90       0x58 ./Generated_Code/PwmLdd7.o
                0x00003d90                PwmLdd7_Init
 .text.PwmLdd7_SetDutyUS
                0x00003de8       0x78 ./Generated_Code/PwmLdd7.o
                0x00003de8                PwmLdd7_SetDutyUS
 .text.SetRatio
                0x00003e60       0x68 ./Generated_Code/PwmLdd7.o
 .text.PwmLdd6_Init
                0x00003ec8       0x58 ./Generated_Code/PwmLdd6.o
                0x00003ec8                PwmLdd6_Init
 .text.PwmLdd6_SetDutyUS
                0x00003f20       0x78 ./Generated_Code/PwmLdd6.o
                0x00003f20                PwmLdd6_SetDutyUS
 .text.SetRatio
                0x00003f98       0x68 ./Generated_Code/PwmLdd6.o
 .text.PwmLdd5_Init
                0x00004000       0x58 ./Generated_Code/PwmLdd5.o
                0x00004000                PwmLdd5_Init
 .text.PwmLdd5_SetDutyUS
                0x00004058       0x78 ./Generated_Code/PwmLdd5.o
                0x00004058                PwmLdd5_SetDutyUS
 .text.SetRatio
                0x000040d0       0x68 ./Generated_Code/PwmLdd5.o
 .text.PwmLdd4_Init
                0x00004138       0x58 ./Generated_Code/PwmLdd4.o
                0x00004138                PwmLdd4_Init
 .text.PwmLdd4_SetDutyUS
                0x00004190       0x78 ./Generated_Code/PwmLdd4.o
                0x00004190                PwmLdd4_SetDutyUS
 .text.SetRatio
                0x00004208       0x68 ./Generated_Code/PwmLdd4.o
 .text.PwmLdd3_Init
                0x00004270       0x58 ./Generated_Code/PwmLdd3.o
                0x00004270                PwmLdd3_Init
 .text.PwmLdd3_SetDutyUS
                0x000042c8       0x78 ./Generated_Code/PwmLdd3.o
                0x000042c8                PwmLdd3_SetDutyUS
 .text.SetRatio
                0x00004340       0x68 ./Generated_Code/PwmLdd3.o
 .text.PwmLdd2_Init
                0x000043a8       0x58 ./Generated_Code/PwmLdd2.o
                0x000043a8                PwmLdd2_Init
 .text.PwmLdd2_SetDutyUS
                0x00004400       0x78 ./Generated_Code/PwmLdd2.o
                0x00004400                PwmLdd2_SetDutyUS
 .text.SetRatio
                0x00004478       0x68 ./Generated_Code/PwmLdd2.o
 .text.PwmLdd1_Init
                0x000044e0       0x58 ./Generated_Code/PwmLdd1.o
                0x000044e0                PwmLdd1_Init
 .text.PwmLdd1_SetDutyUS
                0x00004538       0x78 ./Generated_Code/PwmLdd1.o
                0x00004538                PwmLdd1_SetDutyUS
 .text.SetRatio
                0x000045b0       0x68 ./Generated_Code/PwmLdd1.o
 .text.MAG1_Init
                0x00004618        0xc ./Generated_Code/MAG1.o
                0x00004618                MAG1_Init
 .text.MAG1_GetX
                0x00004624       0x4c ./Generated_Code/MAG1.o
                0x00004624                MAG1_GetX
 .text.MAG1_GetY
                0x00004670       0x4c ./Generated_Code/MAG1.o
                0x00004670                MAG1_GetY
 .text.MAG1_GetZ
                0x000046bc       0x4c ./Generated_Code/MAG1.o
                0x000046bc                MAG1_GetZ
 .text.MAG1_Enable
                0x00004708       0x4c ./Generated_Code/MAG1.o
                0x00004708                MAG1_Enable
 .text.GI2C1_SelectSlave
                0x00004754       0x38 ./Generated_Code/GI2C1.o
                0x00004754                GI2C1_SelectSlave
 .text.GI2C1_UnselectSlave
                0x0000478c        0xc ./Generated_Code/GI2C1.o
                0x0000478c                GI2C1_UnselectSlave
 .text.GI2C1_ReadAddress
                0x00004798       0xd8 ./Generated_Code/GI2C1.o
                0x00004798                GI2C1_ReadAddress
 .text.GI2C1_WriteAddress
                0x00004870      0x140 ./Generated_Code/GI2C1.o
                0x00004870                GI2C1_WriteAddress
 .text.CI2C1_OnMasterBlockSent
                0x000049b0       0x24 ./Generated_Code/GI2C1.o
                0x000049b0                CI2C1_OnMasterBlockSent
 .text.CI2C1_OnMasterBlockReceived
                0x000049d4       0x24 ./Generated_Code/GI2C1.o
                0x000049d4                CI2C1_OnMasterBlockReceived
 .text.GI2C1_Init
                0x000049f8       0x24 ./Generated_Code/GI2C1.o
                0x000049f8                GI2C1_Init
 .text.GI2C1_ReadByteAddress8
                0x00004a1c       0x34 ./Generated_Code/GI2C1.o
                0x00004a1c                GI2C1_ReadByteAddress8
 .text.GI2C1_WriteByteAddress8
                0x00004a50       0x34 ./Generated_Code/GI2C1.o
                0x00004a50                GI2C1_WriteByteAddress8
 .text.Cpu_INT_NMIInterrupt
                0x00004a84        0xc ./Generated_Code/Cpu.o
                0x00004a84                Cpu_INT_NMIInterrupt
 .text.Cpu_Interrupt
                0x00004a90        0xc ./Generated_Code/Cpu.o
                0x00004a90                Cpu_Interrupt
 .text.__init_hardware
                0x00004a9c      0x118 ./Generated_Code/Cpu.o
                0x00004a9c                __init_hardware
 .text.PE_low_level_init
                0x00004bb4      0x11c ./Generated_Code/Cpu.o
                0x00004bb4                PE_low_level_init
 .text.ComGalileo_Init
                0x00004cd0      0x1b0 ./Generated_Code/ComGalileo.o
                0x00004cd0                ComGalileo_Init
 .text.ComGalileo_ReceiveBlock
                0x00004e80       0x98 ./Generated_Code/ComGalileo.o
                0x00004e80                ComGalileo_ReceiveBlock
 .text.ComGalileo_SendBlock
                0x00004f18       0xc4 ./Generated_Code/ComGalileo.o
                0x00004f18                ComGalileo_SendBlock
 .text.InterruptRx
                0x00004fdc       0x58 ./Generated_Code/ComGalileo.o
 .text.InterruptTx
                0x00005034       0x80 ./Generated_Code/ComGalileo.o
 .text.ComGalileo_Interrupt
                0x000050b4       0x6c ./Generated_Code/ComGalileo.o
                0x000050b4                ComGalileo_Interrupt
 .text.CI2C1_Interrupt
                0x00005120      0x278 ./Generated_Code/CI2C1.o
                0x00005120                CI2C1_Interrupt
 .text.CI2C1_Init
                0x00005398      0x114 ./Generated_Code/CI2C1.o
                0x00005398                CI2C1_Init
 .text.CI2C1_MasterSendBlock
                0x000054ac      0x19c ./Generated_Code/CI2C1.o
                0x000054ac                CI2C1_MasterSendBlock
 .text.CI2C1_MasterReceiveBlock
                0x00005648      0x19c ./Generated_Code/CI2C1.o
                0x00005648                CI2C1_MasterReceiveBlock
 .text.CI2C1_SelectSlaveDevice
                0x000057e4      0x100 ./Generated_Code/CI2C1.o
                0x000057e4                CI2C1_SelectSlaveDevice
 .text.BitsIoLdd1_Init
                0x000058e4       0x98 ./Generated_Code/BitsIoLdd1.o
                0x000058e4                BitsIoLdd1_Init
 .text.BitIoLdd2_Init
                0x0000597c       0x68 ./Generated_Code/BitIoLdd2.o
                0x0000597c                BitIoLdd2_Init
 .text.BitIoLdd2_NegVal
                0x000059e4       0x1c ./Generated_Code/BitIoLdd2.o
                0x000059e4                BitIoLdd2_NegVal
 .text.BitIoLdd1_Init
                0x00005a00       0x68 ./Generated_Code/BitIoLdd1.o
                0x00005a00                BitIoLdd1_Init
 .text.BitIoLdd1_NegVal
                0x00005a68       0x1c ./Generated_Code/BitIoLdd1.o
                0x00005a68                BitIoLdd1_NegVal
 .text.AdcLdd1_Init
                0x00005a84       0xe0 ./Generated_Code/AdcLdd1.o
                0x00005a84                AdcLdd1_Init
 .text.AdcLdd1_StartSingleMeasurement
                0x00005b64       0x44 ./Generated_Code/AdcLdd1.o
                0x00005b64                AdcLdd1_StartSingleMeasurement
 .text.AdcLdd1_CreateSampleGroup
                0x00005ba8       0x6c ./Generated_Code/AdcLdd1.o
                0x00005ba8                AdcLdd1_CreateSampleGroup
 .text.AdcLdd1_GetMeasuredValues
                0x00005c14       0x60 ./Generated_Code/AdcLdd1.o
                0x00005c14                AdcLdd1_GetMeasuredValues
 .text.AdcLdd1_GetCalibrationResultStatus
                0x00005c74       0xb8 ./Generated_Code/AdcLdd1.o
                0x00005c74                AdcLdd1_GetCalibrationResultStatus
 .text.AdcLdd1_MeasurementCompleteInterrupt
                0x00005d2c       0x30 ./Generated_Code/AdcLdd1.o
                0x00005d2c                AdcLdd1_MeasurementCompleteInterrupt
 .text.Acelerometro_CalibrateX1g
                0x00005d5c       0xb0 ./Generated_Code/Acelerometro.o
                0x00005d5c                Acelerometro_CalibrateX1g
 .text.Acelerometro_CalibrateY1g
                0x00005e0c       0xb0 ./Generated_Code/Acelerometro.o
                0x00005e0c                Acelerometro_CalibrateY1g
 .text.Acelerometro_CalibrateZ1g
                0x00005ebc       0xb0 ./Generated_Code/Acelerometro.o
                0x00005ebc                Acelerometro_CalibrateZ1g
 .text.Acelerometro_GetXmg
                0x00005f6c       0x1c ./Generated_Code/Acelerometro.o
                0x00005f6c                Acelerometro_GetXmg
 .text.Acelerometro_GetYmg
                0x00005f88       0x1c ./Generated_Code/Acelerometro.o
                0x00005f88                Acelerometro_GetYmg
 .text.Acelerometro_GetZmg
                0x00005fa4       0x1c ./Generated_Code/Acelerometro.o
                0x00005fa4                Acelerometro_GetZmg
 .text.Acelerometro_MeasureGetRawX
                0x00005fc0       0x40 ./Generated_Code/Acelerometro.o
                0x00005fc0                Acelerometro_MeasureGetRawX
 .text.Acelerometro_MeasureGetRawY
                0x00006000       0x40 ./Generated_Code/Acelerometro.o
                0x00006000                Acelerometro_MeasureGetRawY
 .text.Acelerometro_MeasureGetRawZ
                0x00006040       0x40 ./Generated_Code/Acelerometro.o
                0x00006040                Acelerometro_MeasureGetRawZ
 .text.Acelerometro_GetX
                0x00006080       0x3c ./Generated_Code/Acelerometro.o
                0x00006080                Acelerometro_GetX
 .text.Acelerometro_GetY
                0x000060bc       0x3c ./Generated_Code/Acelerometro.o
                0x000060bc                Acelerometro_GetY
 .text.Acelerometro_GetZ
                0x000060f8       0x3c ./Generated_Code/Acelerometro.o
                0x000060f8                Acelerometro_GetZ
 .text.Acelerometro_Enable
                0x00006134       0x64 ./Generated_Code/Acelerometro.o
                0x00006134                Acelerometro_Enable
 .text.AS1_Init
                0x00006198      0x164 ./Generated_Code/AS1.o
                0x00006198                AS1_Init
 .text.AS1_ReceiveBlock
                0x000062fc       0x98 ./Generated_Code/AS1.o
                0x000062fc                AS1_ReceiveBlock
 .text.AS1_SendBlock
                0x00006394       0xc4 ./Generated_Code/AS1.o
                0x00006394                AS1_SendBlock
 .text.InterruptRx
                0x00006458       0x58 ./Generated_Code/AS1.o
 .text.InterruptTx
                0x000064b0       0x80 ./Generated_Code/AS1.o
 .text.AS1_Interrupt
                0x00006530       0x64 ./Generated_Code/AS1.o
                0x00006530                AS1_Interrupt
 .text.ClrSumV  0x00006594       0x20 ./Generated_Code/ADCs.o
 .text.ADCs_HWEnDi
                0x000065b4       0x9c ./Generated_Code/ADCs.o
                0x000065b4                ADCs_HWEnDi
 .text.ADCs_Measure
                0x00006650       0x48 ./Generated_Code/ADCs.o
                0x00006650                ADCs_Measure
 .text.ADCs_GetChanValue
                0x00006698       0x58 ./Generated_Code/ADCs.o
                0x00006698                ADCs_GetChanValue
 .text.AdcLdd1_OnMeasurementComplete
                0x000066f0       0xfc ./Generated_Code/ADCs.o
                0x000066f0                AdcLdd1_OnMeasurementComplete
 .text.ADCs_Init
                0x000067ec       0x2c ./Generated_Code/ADCs.o
                0x000067ec                ADCs_Init
 .text.zero_fill_bss
                0x00006818       0x24 ./Project_Settings/Startup_Code/__arm_start.o
 .text.__thumb_startup
                0x0000683c       0x30 ./Project_Settings/Startup_Code/__arm_start.o
                0x0000683c                __thumb_startup
 .text._ExitProcess
                0x0000686c        0xc ./Project_Settings/Startup_Code/__arm_end.o
                0x0000686c                _ExitProcess
 .text.agarrar_parametros
                0x00006878      0x108 ./Sources/main.o
                0x00006878                agarrar_parametros
 .text.interpretarEtiqueta
                0x00006980      0x1c8 ./Sources/main.o
                0x00006980                interpretarEtiqueta
 .text.main     0x00006b48      0x334 ./Sources/main.o
                0x00006b48                main
 .text.map      0x00006e7c       0x5c ./Sources/Utiles.o
                0x00006e7c                map
 .text.Cpu_OnNMIINT
                0x00006ed8        0x8 ./Sources/Events.o
                0x00006ed8                Cpu_OnNMIINT
 .text.ComGalileo_OnBlockReceived
                0x00006ee0       0x30 ./Sources/Events.o
                0x00006ee0                ComGalileo_OnBlockReceived
 .text.ComGalileo_OnBlockSent
                0x00006f10       0x18 ./Sources/Events.o
                0x00006f10                ComGalileo_OnBlockSent
 .text.ADCs_OnEnd
                0x00006f28        0x8 ./Sources/Events.o
                0x00006f28                ADCs_OnEnd
 .text.ADCs_OnCalibrationEnd
                0x00006f30        0x8 ./Sources/Events.o
                0x00006f30                ADCs_OnCalibrationEnd
 .text.AS1_OnBlockReceived
                0x00006f38       0x30 ./Sources/Events.o
                0x00006f38                AS1_OnBlockReceived
 .text.AS1_OnBlockSent
                0x00006f68       0x18 ./Sources/Events.o
                0x00006f68                AS1_OnBlockSent
 .text.initComunicacion
                0x00006f80       0x98 ./Sources/Comunicacion.o
                0x00006f80                initComunicacion
 .text.SendChar
                0x00007018       0x40 ./Sources/Comunicacion.o
 .text.SendChar2
                0x00007058       0x40 ./Sources/Comunicacion.o
 .text.SendString
                0x00007098       0x48 ./Sources/Comunicacion.o
 .text.mandarCadena
                0x000070e0       0x40 ./Sources/Comunicacion.o
                0x000070e0                mandarCadena
 .text.moverBrazos
                0x00007120       0x84 ./Sources/Actuadores.o
                0x00007120                moverBrazos
 .text.setPWMsBrazos
                0x000071a4       0xd8 ./Sources/Actuadores.o
                0x000071a4                setPWMsBrazos
 .text.moverOrugas
                0x0000727c       0x84 ./Sources/Actuadores.o
                0x0000727c                moverOrugas
 .text.setPWMsOrugas
                0x00007300       0xd8 ./Sources/Actuadores.o
                0x00007300                setPWMsOrugas
 .text.toogleIluminacion
                0x000073d8       0x18 ./Sources/Actuadores.o
                0x000073d8                toogleIluminacion
 .text.toggleBuzzer
                0x000073f0       0x18 ./Sources/Actuadores.o
                0x000073f0                toggleBuzzer
 .text.sprintf  0x00007408       0x1a C:/Freescale/CW MCU v10.6/MCU/ARM_GCC_Support/ewl/lib/armv6-m\libc.a(sprintf.o)
                0x00007408                sprintf
 .text.__StringWrite
                0x00007422       0x26 C:/Freescale/CW MCU v10.6/MCU/ARM_GCC_Support/ewl/lib/armv6-m\libc.a(vsnprintf.o)
                0x00007422                __StringWrite
 .text.vsnprintf
                0x00007448       0x38 C:/Freescale/CW MCU v10.6/MCU/ARM_GCC_Support/ewl/lib/armv6-m\libc.a(vsnprintf.o)
                0x00007448                vsnprintf
 .text.exit     0x00007480       0x38 C:/Freescale/CW MCU v10.6/MCU/ARM_GCC_Support/ewl/lib/armv6-m\libc.a(exit.o)
                0x00007480                exit
 .text.memcpy   0x000074b8       0x12 C:/Freescale/CW MCU v10.6/MCU/ARM_GCC_Support/ewl/lib/armv6-m\libc.a(memcpy.o)
                0x000074b8                memcpy
 .text.memset   0x000074ca        0xc C:/Freescale/CW MCU v10.6/MCU/ARM_GCC_Support/ewl/lib/armv6-m\libc.a(memset.o)
                0x000074ca                memset
 .text.strlen   0x000074d6       0x10 C:/Freescale/CW MCU v10.6/MCU/ARM_GCC_Support/ewl/lib/armv6-m\libc.a(strlen.o)
                0x000074d6                strlen
 *fill*         0x000074e6        0x2 00
 .text.long2str.isra.0
                0x000074e8      0x19c C:/Freescale/CW MCU v10.6/MCU/ARM_GCC_Support/ewl/lib/armv6-m\libc.a(printformat_fp.o)
 *fill*         0x00007684        0x4 00
 .text.__pformatterFP
                0x00007688      0x858 C:/Freescale/CW MCU v10.6/MCU/ARM_GCC_Support/ewl/lib/armv6-m\libc.a(printformat_fp.o)
                0x00007688                __pformatterFP
 .text.__sformatter_FP
                0x00007ee0      0x740 C:/Freescale/CW MCU v10.6/MCU/ARM_GCC_Support/ewl/lib/armv6-m\libc.a(scanformat_fp.o)
                0x00007ee0                __sformatter_FP
 .text.isalpha  0x00008620       0x20 C:/Freescale/CW MCU v10.6/MCU/ARM_GCC_Support/ewl/lib/armv6-m\libc.a(ctype_aeabi.o)
                0x00008620                isalpha
 .text.isspace  0x00008640       0x20 C:/Freescale/CW MCU v10.6/MCU/ARM_GCC_Support/ewl/lib/armv6-m\libc.a(ctype_aeabi.o)
                0x00008640                isspace
 .text.isupper  0x00008660       0x20 C:/Freescale/CW MCU v10.6/MCU/ARM_GCC_Support/ewl/lib/armv6-m\libc.a(ctype_aeabi.o)
                0x00008660                isupper
 .text.isxdigit
                0x00008680       0x20 C:/Freescale/CW MCU v10.6/MCU/ARM_GCC_Support/ewl/lib/armv6-m\libc.a(ctype_aeabi.o)
                0x00008680                isxdigit
 .text.toupper  0x000086a0        0xe C:/Freescale/CW MCU v10.6/MCU/ARM_GCC_Support/ewl/lib/armv6-m\libc.a(ctype_aeabi.o)
                0x000086a0                toupper
 *fill*         0x000086ae        0x2 00
 .text.__strtold
                0x000086b0      0x6d0 C:/Freescale/CW MCU v10.6/MCU/ARM_GCC_Support/ewl/lib/armv6-m\libc.a(__strtold.o)
                0x000086b0                __strtold
 .text.__strtoul
                0x00008d80      0x1ce C:/Freescale/CW MCU v10.6/MCU/ARM_GCC_Support/ewl/lib/armv6-m\libc.a(__strtoul.o)
                0x00008d80                __strtoul
 .text.__fill_mem
                0x00008f4e       0x7e C:/Freescale/CW MCU v10.6/MCU/ARM_GCC_Support/ewl/lib/armv6-m\libc.a(__filll_mem.o)
                0x00008f4e                __fill_mem
 .text.memchr   0x00008fcc       0x1a C:/Freescale/CW MCU v10.6/MCU/ARM_GCC_Support/ewl/lib/armv6-m\libc.a(memchr.o)
                0x00008fcc                memchr
 .text.strchr   0x00008fe6       0x1e C:/Freescale/CW MCU v10.6/MCU/ARM_GCC_Support/ewl/lib/armv6-m\libc.a(strchr.o)
                0x00008fe6                strchr
 .text.strcpy   0x00009004       0x10 C:/Freescale/CW MCU v10.6/MCU/ARM_GCC_Support/ewl/lib/armv6-m\libc.a(strcpy.o)
                0x00009004                strcpy
 *fill*         0x00009014        0x4 00
 .text.__num2dec
                0x00009018      0x250 C:/Freescale/CW MCU v10.6/MCU/ARM_GCC_Support/ewl/lib/armv6-m\libm.a(ansi_fp.o)
                0x00009018                __num2dec
 .text.__dec2num
                0x00009268      0x168 C:/Freescale/CW MCU v10.6/MCU/ARM_GCC_Support/ewl/lib/armv6-m\libm.a(ansi_fp.o)
                0x00009268                __dec2num
 .text.__round_decimal
                0x000093d0       0x98 C:/Freescale/CW MCU v10.6/MCU/ARM_GCC_Support/ewl/lib/armv6-m\libm.a(ansi_fp.o)
                0x000093d0                __round_decimal
 .text.__signbitd
                0x00009468        0x4 C:/Freescale/CW MCU v10.6/MCU/ARM_GCC_Support/ewl/lib/armv6-m\libm.a(math_api.o)
                0x00009468                __signbitd
 .text.__fpclassifyd
                0x0000946c       0x38 C:/Freescale/CW MCU v10.6/MCU/ARM_GCC_Support/ewl/lib/armv6-m\libm.a(math_api.o)
                0x0000946c                __fpclassifyd
 *fill*         0x000094a4        0x4 00
 .text.frexp    0x000094a8       0x80 C:/Freescale/CW MCU v10.6/MCU/ARM_GCC_Support/ewl/lib/armv6-m\libm.a(s_frexp.o)
                0x000094a8                frexp
 .text.pow      0x00009528        0x8 C:/Freescale/CW MCU v10.6/MCU/ARM_GCC_Support/ewl/lib/armv6-m\libm.a(w_pow.o)
                0x00009528                pow
 .text.__ieee754_pow
                0x00009530      0xb70 C:/Freescale/CW MCU v10.6/MCU/ARM_GCC_Support/ewl/lib/armv6-m\libm.a(e_pow.o)
                0x00009530                __ieee754_pow
 .text.scalbn   0x0000a0a0       0x14 C:/Freescale/CW MCU v10.6/MCU/ARM_GCC_Support/ewl/lib/armv6-m\libm.a(scalbn.o)
                0x0000a0a0                scalbn
 .text.sqrt     0x0000a0b4        0x8 C:/Freescale/CW MCU v10.6/MCU/ARM_GCC_Support/ewl/lib/armv6-m\libm.a(w_sqrt.o)
                0x0000a0b4                sqrt
 .text.__ieee754_sqrt
                0x0000a0bc      0x17c C:/Freescale/CW MCU v10.6/MCU/ARM_GCC_Support/ewl/lib/armv6-m\libm.a(e_sqrt.o)
                0x0000a0bc                __ieee754_sqrt
 .text.ldexp    0x0000a238      0x148 C:/Freescale/CW MCU v10.6/MCU/ARM_GCC_Support/ewl/lib/armv6-m\libm.a(s_ldexp.o)
                0x0000a238                ldexp
 .text.__init_cpp
                0x0000a380       0x48 C:/Freescale/CW MCU v10.6/MCU/ARM_GCC_Support/ewl/lib/armv6-m\librt.a(gcc_ctor_dtor.o)
                0x0000a380                __init_cpp
 .text.__fini_cpp
                0x0000a3c8       0x34 C:/Freescale/CW MCU v10.6/MCU/ARM_GCC_Support/ewl/lib/armv6-m\librt.a(gcc_ctor_dtor.o)
                0x0000a3c8                __fini_cpp
 .text.__copy_rom_section
                0x0000a3fc       0x48 C:/Freescale/CW MCU v10.6/MCU/ARM_GCC_Support/ewl/lib/armv6-m\librt.a(ROMCopy.o)
                0x0000a3fc                __copy_rom_section
 .text.__copy_rom_sections_to_ram
                0x0000a444       0x34 C:/Freescale/CW MCU v10.6/MCU/ARM_GCC_Support/ewl/lib/armv6-m\librt.a(ROMCopy.o)
                0x0000a444                __copy_rom_sections_to_ram
 .text.__destroy_global_chain
                0x0000a478       0x1c C:/Freescale/CW MCU v10.6/MCU/ARM_GCC_Support/ewl/lib/armv6-m\librt.a(__arm_eabi_init.o)
                0x0000a478                __destroy_global_chain
 .text.__init_registers
                0x0000a494       0x1c C:/Freescale/CW MCU v10.6/MCU/ARM_GCC_Support/ewl/lib/armv6-m\librt.a(__arm_eabi_init.o)
                0x0000a494                __init_registers
 .text.__init_user
                0x0000a4b0        0x4 C:/Freescale/CW MCU v10.6/MCU/ARM_GCC_Support/ewl/lib/armv6-m\librt.a(__arm_eabi_init.o)
                0x0000a4b0                __init_user
 *(.rodata)
 .rodata        0x0000a4b4       0x6c ./Sources/main.o
 .rodata        0x0000a520       0x20 C:/Freescale/CW MCU v10.6/MCU/ARM_GCC_Support/ewl/lib/armv6-m\libc.a(__strtold.o)
 .rodata        0x0000a540       0x40 c:/freescale/cw mcu v10.6/cross_tools/arm-none-eabi-gcc-4_7_3/bin/../lib/gcc/arm-none-eabi/4.7.3/armv6-m\libgcc.a(divsf3.o)
 .rodata        0x0000a580       0x40 c:/freescale/cw mcu v10.6/cross_tools/arm-none-eabi-gcc-4_7_3/bin/../lib/gcc/arm-none-eabi/4.7.3/armv6-m\libgcc.a(mulsf3.o)
 .rodata        0x0000a5c0       0x40 c:/freescale/cw mcu v10.6/cross_tools/arm-none-eabi-gcc-4_7_3/bin/../lib/gcc/arm-none-eabi/4.7.3/armv6-m\libgcc.a(divdf3.o)
 .rodata        0x0000a600       0x40 c:/freescale/cw mcu v10.6/cross_tools/arm-none-eabi-gcc-4_7_3/bin/../lib/gcc/arm-none-eabi/4.7.3/armv6-m\libgcc.a(muldf3.o)
 *(.rodata*)
 .rodata.ChannelDevice
                0x0000a640        0x4 ./Generated_Code/TU3.o
 .rodata.ChannelMode
                0x0000a644        0x4 ./Generated_Code/TU3.o
 .rodata.ChannelDevice
                0x0000a648        0x4 ./Generated_Code/TU2.o
 .rodata.ChannelMode
                0x0000a64c        0x4 ./Generated_Code/TU2.o
 .rodata.ChannelDevice
                0x0000a650        0x4 ./Generated_Code/TU1.o
 .rodata.ChannelMode
                0x0000a654        0x4 ./Generated_Code/TU1.o
 .rodata.addr.5753
                0x0000a658        0x1 ./Generated_Code/MAG1.o
 .rodata.addr.5745
                0x0000a659        0x1 ./Generated_Code/MAG1.o
 .rodata.addr.5737
                0x0000a65a        0x1 ./Generated_Code/MAG1.o
 *fill*         0x0000a65b        0x1 00
 .rodata.ChannelToPin
                0x0000a65c        0x4 ./Generated_Code/AdcLdd1.o
 .rodata.addr.5819
                0x0000a660        0x1 ./Generated_Code/Acelerometro.o
 .rodata.addr.5811
                0x0000a661        0x1 ./Generated_Code/Acelerometro.o
 .rodata.addr.5803
                0x0000a662        0x1 ./Generated_Code/Acelerometro.o
 *fill*         0x0000a663        0x1 00
 .rodata.Table  0x0000a664        0x4 ./Generated_Code/ADCs.o
 .rodata.main   0x0000a668       0x28 ./Sources/main.o
 .rodata.str1.1
                0x0000a690       0x14 C:/Freescale/CW MCU v10.6/MCU/ARM_GCC_Support/ewl/lib/armv6-m\libc.a(printformat_fp.o)
                                 0x25 (size before relaxing)
 .rodata.CSWTCH.22
                0x0000a6a4       0x21 C:/Freescale/CW MCU v10.6/MCU/ARM_GCC_Support/ewl/lib/armv6-m\libc.a(printformat_fp.o)
 .rodata.CSWTCH.23
                0x0000a6c5       0x21 C:/Freescale/CW MCU v10.6/MCU/ARM_GCC_Support/ewl/lib/armv6-m\libc.a(printformat_fp.o)
 .rodata.__aeabi_ctype_table_C
                0x0000a6e6      0x101 C:/Freescale/CW MCU v10.6/MCU/ARM_GCC_Support/ewl/lib/armv6-m\libc.a(ctype_aeabi.o)
                0x0000a6e6                __aeabi_ctype_table_C
 *fill*         0x0000a7e7        0x1 00
 .rodata.digit_values
                0x0000a7e8       0x40 C:/Freescale/CW MCU v10.6/MCU/ARM_GCC_Support/ewl/lib/armv6-m\libm.a(ansi_fp.o)
 .rodata.bit_values
                0x0000a828       0x48 C:/Freescale/CW MCU v10.6/MCU/ARM_GCC_Support/ewl/lib/armv6-m\libm.a(ansi_fp.o)
 .rodata.dp_h   0x0000a870       0x10 C:/Freescale/CW MCU v10.6/MCU/ARM_GCC_Support/ewl/lib/armv6-m\libm.a(e_pow.o)
 .rodata.dp_l   0x0000a880       0x10 C:/Freescale/CW MCU v10.6/MCU/ARM_GCC_Support/ewl/lib/armv6-m\libm.a(e_pow.o)
 .rodata.bp     0x0000a890       0x10 C:/Freescale/CW MCU v10.6/MCU/ARM_GCC_Support/ewl/lib/armv6-m\libm.a(e_pow.o)
 *(.glue_7)
 .glue_7        0x00000000        0x0 linker stubs
 *(.glue_7t)
 .glue_7t       0x00000000        0x0 linker stubs
 *(.eh_frame)
 *(.init)
 *(.fini)
                0x0000a8a0                . = ALIGN (0x4)
                0x0000a8a0                _etext = .

.vfp11_veneer   0x0000a8a0        0x0
 .vfp11_veneer  0x00000000        0x0 linker stubs

.v4_bx          0x0000a8a0        0x0
 .v4_bx         0x00000000        0x0 linker stubs

.iplt           0x0000a8a0        0x0
 .iplt          0x00000000        0x0 ./Generated_Code/WAIT1.o

.rel.dyn        0x0000a8a0        0x0
 .rel.iplt      0x00000000        0x0 ./Generated_Code/WAIT1.o

.ARM.extab
 *(.ARM.extab* .gnu.linkonce.armextab.*)

.ARM            0x0000a8a0        0x0
                0x0000a8a0                __exidx_start = .
 *(.ARM.exidx*)
                0x0000a8a0                __exidx_end = .

.ctors          0x0000a8a0        0x0
                0x0000a8a0                __CTOR_LIST__ = .
 *crtbegin.o(.ctors)
 *(EXCLUDE_FILE(*crtend.o) .ctors)
 *(SORT(.ctors.*))
 *(.ctors)
                0x0000a8a0                __CTOR_END__ = .

.dtors          0x0000a8a0        0x0
                0x0000a8a0                __DTOR_LIST__ = .
 *crtbegin.o(.dtors)
 *(EXCLUDE_FILE(*crtend.o) .dtors)
 *(SORT(.dtors.*))
 *(.dtors)
                0x0000a8a0                __DTOR_END__ = .

.preinit_array  0x0000a8a0        0x0
                0x0000a8a0                PROVIDE (__preinit_array_start, .)
 *(.preinit_array*)
                0x0000a8a0                PROVIDE (__preinit_array_end, .)

.init_array     0x0000a8a0        0x0
                0x0000a8a0                PROVIDE (__init_array_start, .)
 *(SORT(.init_array.*))
 *(.init_array*)
                0x0000a8a0                PROVIDE (__init_array_end, .)

.fini_array     0x0000a8a0        0x0
                0x0000a8a0                PROVIDE (__fini_array_start, .)
 *(SORT(.fini_array.*))
 *(.fini_array*)
                0x0000a8a0                PROVIDE (__fini_array_end, .)
                0x0000a8a0                ___ROM_AT = .

.mtb            0x1fffe000        0x0
                0x1fffe000                . = ALIGN (0x8)
                0x1fffe000                _mtb_start = .
 *(.mtb_buf)
                0x1fffe000                . = ALIGN (0x8)
                0x1fffe000                _mtb_end = .

.data           0x1fffe000       0x1c load address 0x0000a8a0
                0x1fffe000                . = ALIGN (0x4)
                0x1fffe000                _sdata = .
 *(.data)
 *(.data*)
 .data.__double_nan
                0x1fffe000        0x8 C:/Freescale/CW MCU v10.6/MCU/ARM_GCC_Support/ewl/lib/armv6-m\libm.a(float.o)
                0x1fffe000                __double_nan
 .data.__double_huge
                0x1fffe008        0x8 C:/Freescale/CW MCU v10.6/MCU/ARM_GCC_Support/ewl/lib/armv6-m\libm.a(float.o)
                0x1fffe008                __double_huge
 .data.__float_nan
                0x1fffe010        0x4 C:/Freescale/CW MCU v10.6/MCU/ARM_GCC_Support/ewl/lib/armv6-m\libm.a(float.o)
                0x1fffe010                __float_nan
 .data.__extended_max
                0x1fffe014        0x8 C:/Freescale/CW MCU v10.6/MCU/ARM_GCC_Support/ewl/lib/armv6-m\libm.a(float.o)
                0x1fffe014                __extended_max
                0x1fffe01c                . = ALIGN (0x4)
                0x1fffe01c                _edata = .
                0x0000001c                ___data_size = (_edata - _sdata)

.igot.plt       0x1fffe01c        0x0 load address 0x0000a8bc
 .igot.plt      0x00000000        0x0 ./Generated_Code/WAIT1.o
                0x1fffe01c                . = ALIGN (0x4)

.bss            0x1fffe01c      0x1fc load address 0x0000a8bc
                0x1fffe01c                __START_BSS = .
                0x1fffe01c                PROVIDE (__bss_start__, __START_BSS)
 *(.bss)
 *(.bss*)
 .bss.DeviceDataPrv__DEFAULT_RTOS_ALLOC
                0x1fffe01c        0x8 ./Generated_Code/TU3.o
 .bss.DeviceDataPrv__DEFAULT_RTOS_ALLOC
                0x1fffe024        0x8 ./Generated_Code/TU2.o
 .bss.DeviceDataPrv__DEFAULT_RTOS_ALLOC
                0x1fffe02c        0x8 ./Generated_Code/TU1.o
 .bss.Rng1Gal_buffer
                0x1fffe034       0x20 ./Generated_Code/Rng1Gal.o
 .bss.Rng1Gal_inIdx
                0x1fffe054        0x1 ./Generated_Code/Rng1Gal.o
 .bss.Rng1Gal_outIdx
                0x1fffe055        0x1 ./Generated_Code/Rng1Gal.o
 .bss.Rng1Gal_inSize
                0x1fffe056        0x1 ./Generated_Code/Rng1Gal.o
 *fill*         0x1fffe057        0x1 00
 .bss.RingBuffer_buffer
                0x1fffe058       0x20 ./Generated_Code/RingBuffer.o
 .bss.RingBuffer_inIdx
                0x1fffe078        0x1 ./Generated_Code/RingBuffer.o
 .bss.RingBuffer_outIdx
                0x1fffe079        0x1 ./Generated_Code/RingBuffer.o
 .bss.RingBuffer_inSize
                0x1fffe07a        0x1 ./Generated_Code/RingBuffer.o
 *fill*         0x1fffe07b        0x1 00
 .bss.DeviceDataPrv__DEFAULT_RTOS_ALLOC
                0x1fffe07c        0xc ./Generated_Code/PwmLdd8.o
 .bss.DeviceDataPrv__DEFAULT_RTOS_ALLOC
                0x1fffe088        0xc ./Generated_Code/PwmLdd7.o
 .bss.DeviceDataPrv__DEFAULT_RTOS_ALLOC
                0x1fffe094        0xc ./Generated_Code/PwmLdd6.o
 .bss.DeviceDataPrv__DEFAULT_RTOS_ALLOC
                0x1fffe0a0        0xc ./Generated_Code/PwmLdd5.o
 .bss.DeviceDataPrv__DEFAULT_RTOS_ALLOC
                0x1fffe0ac        0xc ./Generated_Code/PwmLdd4.o
 .bss.DeviceDataPrv__DEFAULT_RTOS_ALLOC
                0x1fffe0b8        0xc ./Generated_Code/PwmLdd3.o
 .bss.DeviceDataPrv__DEFAULT_RTOS_ALLOC
                0x1fffe0c4        0xc ./Generated_Code/PwmLdd2.o
 .bss.DeviceDataPrv__DEFAULT_RTOS_ALLOC
                0x1fffe0d0        0xc ./Generated_Code/PwmLdd1.o
 .bss.PE_LDD_DeviceDataList
                0x1fffe0dc       0x48 ./Generated_Code/PE_LDD.o
                0x1fffe0dc                PE_LDD_DeviceDataList
 .bss.GI2C1_deviceData
                0x1fffe124        0x8 ./Generated_Code/GI2C1.o
 .bss.writeBuf.5739
                0x1fffe12c       0x10 ./Generated_Code/GI2C1.o
 .bss.SR_lock   0x1fffe13c        0x1 ./Generated_Code/Cpu.o
                0x1fffe13c                SR_lock
 *fill*         0x1fffe13d        0x3 00
 .bss.DeviceDataPrv__DEFAULT_RTOS_ALLOC
                0x1fffe140       0x18 ./Generated_Code/ComGalileo.o
 .bss.INT_UART0__DEFAULT_RTOS_ISRPARAM
                0x1fffe158        0x4 ./Generated_Code/ComGalileo.o
 .bss.DeviceDataPrv__DEFAULT_RTOS_ALLOC
                0x1fffe15c       0x18 ./Generated_Code/CI2C1.o
 .bss.INT_I2C0__DEFAULT_RTOS_ISRPARAM
                0x1fffe174        0x4 ./Generated_Code/CI2C1.o
 .bss.DeviceDataPrv__DEFAULT_RTOS_ALLOC
                0x1fffe178        0x4 ./Generated_Code/BitsIoLdd1.o
 .bss.DeviceDataPrv__DEFAULT_RTOS_ALLOC
                0x1fffe17c        0x4 ./Generated_Code/BitIoLdd2.o
 .bss.DeviceDataPrv__DEFAULT_RTOS_ALLOC
                0x1fffe180        0x4 ./Generated_Code/BitIoLdd1.o
 .bss.DeviceDataPrv__DEFAULT_RTOS_ALLOC
                0x1fffe184        0x8 ./Generated_Code/AdcLdd1.o
 .bss.INT_ADC0__DEFAULT_RTOS_ISRPARAM
                0x1fffe18c        0x4 ./Generated_Code/AdcLdd1.o
 .bss.sCalValues
                0x1fffe190        0x8 ./Generated_Code/Acelerometro.o
 .bss.DeviceDataPrv__DEFAULT_RTOS_ALLOC
                0x1fffe198       0x18 ./Generated_Code/AS1.o
 .bss.INT_UART1__DEFAULT_RTOS_ISRPARAM
                0x1fffe1b0        0x4 ./Generated_Code/AS1.o
 .bss.SumChan   0x1fffe1b4        0x1 ./Generated_Code/ADCs.o
 .bss.ModeFlg   0x1fffe1b5        0x1 ./Generated_Code/ADCs.o
 *fill*         0x1fffe1b6        0x2 00
 .bss.SampleGroup
                0x1fffe1b8        0x4 ./Generated_Code/ADCs.o
 .bss.OutFlg    0x1fffe1bc        0x1 ./Generated_Code/ADCs.o
 *fill*         0x1fffe1bd        0x3 00
 .bss.argv      0x1fffe1c0        0x4 ./Project_Settings/Startup_Code/__arm_start.o
 .bss.zar       0x1fffe1c4        0x4 ./Sources/main.o
                0x1fffe1c4                zar
 .bss.end       0x1fffe1c8        0x4 ./Sources/main.o
                0x1fffe1c8                end
 .bss.ter       0x1fffe1cc        0x4 ./Sources/main.o
                0x1fffe1cc                ter
 .bss.deviceData
                0x1fffe1d0        0xc ./Sources/Comunicacion.o
 .bss.sensorData
                0x1fffe1dc        0xc ./Sources/Comunicacion.o
 .bss.__stdio_exit
                0x1fffe1e8        0x4 C:/Freescale/CW MCU v10.6/MCU/ARM_GCC_Support/ewl/lib/armv6-m\libc.a(exit.o)
                0x1fffe1e8                __stdio_exit
 .bss.__console_exit
                0x1fffe1ec        0x4 C:/Freescale/CW MCU v10.6/MCU/ARM_GCC_Support/ewl/lib/armv6-m\libc.a(exit.o)
                0x1fffe1ec                __console_exit
 .bss.__S_romp  0x1fffe1f0        0xc C:/Freescale/CW MCU v10.6/MCU/ARM_GCC_Support/ewl/lib/armv6-m\librt.a(ROMCopy.o)
 .bss.__global_destructor_chain
                0x1fffe1fc        0x4 C:/Freescale/CW MCU v10.6/MCU/ARM_GCC_Support/ewl/lib/armv6-m\librt.a(__arm_eabi_init.o)
                0x1fffe1fc                __global_destructor_chain
 *(COMMON)
 COMMON         0x1fffe200        0x1 ./Generated_Code/Cpu.o
                0x1fffe200                SR_reg
 *fill*         0x1fffe201        0x3 00
 COMMON         0x1fffe204        0x7 ./Generated_Code/ADCs.o
                0x1fffe204                AdcLdd1_DeviceDataPtr
                0x1fffe208                ADCs_OutV
 *fill*         0x1fffe20b        0x1 00
 COMMON         0x1fffe20c        0x8 ./Sources/main.o
                0x1fffe20c                param1
                0x1fffe210                param2
 COMMON         0x1fffe214        0x4 C:/Freescale/CW MCU v10.6/MCU/ARM_GCC_Support/ewl/lib/armv6-m\libc.a(errno.o)
                0x1fffe214                errno
                0x1fffe218                . = ALIGN (0x4)
                0x1fffe218                __END_BSS = .
                0x1fffe218                PROVIDE (__bss_end__, __END_BSS)
                0x0000a8bc                _romp_at = (___ROM_AT + SIZEOF (.data))

.romp           0x1fffe218       0x18 load address 0x0000a8bc
                0x0000a8bc                __S_romp = _romp_at
                0x1fffe218        0x4 LONG 0xa8a0 ___ROM_AT
                0x1fffe21c        0x4 LONG 0x1fffe000 _sdata
                0x1fffe220        0x4 LONG 0x1c ___data_size
                0x1fffe224        0x4 LONG 0x0
                0x1fffe228        0x4 LONG 0x0
                0x1fffe22c        0x4 LONG 0x0

._user_heap_stack
                0x1fffe230      0x400 load address 0x0000a8d4
                0x1fffe230                . = ALIGN (0x4)
                0x1fffe230                PROVIDE (end, .)
                0x1fffe230                PROVIDE (_end, .)
                0x1fffe230                __heap_addr = .
                0x1fffe230                . = (. + __heap_size)
                0x1fffe630                . = (. + __stack_size)
 *fill*         0x1fffe230      0x400 00
                0x1fffe630                . = ALIGN (0x4)

.ARM.attributes
                0x00000000       0x31
 *(.ARM.attributes)
 .ARM.attributes
                0x00000000       0x31 ./Generated_Code/WAIT1.o
 .ARM.attributes
                0x00000031       0x31 ./Generated_Code/Vectors.o
 .ARM.attributes
                0x00000062       0x31 ./Generated_Code/TU3.o
 .ARM.attributes
                0x00000093       0x31 ./Generated_Code/TU2.o
 .ARM.attributes
                0x000000c4       0x31 ./Generated_Code/TU1.o
 .ARM.attributes
                0x000000f5       0x31 ./Generated_Code/Rng1Gal.o
 .ARM.attributes
                0x00000126       0x31 ./Generated_Code/RingBuffer.o
 .ARM.attributes
                0x00000157       0x31 ./Generated_Code/PwmLdd8.o
 .ARM.attributes
                0x00000188       0x31 ./Generated_Code/PwmLdd7.o
 .ARM.attributes
                0x000001b9       0x31 ./Generated_Code/PwmLdd6.o
 .ARM.attributes
                0x000001ea       0x31 ./Generated_Code/PwmLdd5.o
 .ARM.attributes
                0x0000021b       0x31 ./Generated_Code/PwmLdd4.o
 .ARM.attributes
                0x0000024c       0x31 ./Generated_Code/PwmLdd3.o
 .ARM.attributes
                0x0000027d       0x31 ./Generated_Code/PwmLdd2.o
 .ARM.attributes
                0x000002ae       0x31 ./Generated_Code/PwmLdd1.o
 .ARM.attributes
                0x000002df       0x31 ./Generated_Code/PE_LDD.o
 .ARM.attributes
                0x00000310       0x31 ./Generated_Code/MAG1.o
 .ARM.attributes
                0x00000341       0x31 ./Generated_Code/GI2C1.o
 .ARM.attributes
                0x00000372       0x31 ./Generated_Code/Cpu.o
 .ARM.attributes
                0x000003a3       0x31 ./Generated_Code/ComGalileo.o
 .ARM.attributes
                0x000003d4       0x31 ./Generated_Code/CI2C1.o
 .ARM.attributes
                0x00000405       0x31 ./Generated_Code/BitsIoLdd1.o
 .ARM.attributes
                0x00000436       0x31 ./Generated_Code/BitIoLdd2.o
 .ARM.attributes
                0x00000467       0x31 ./Generated_Code/BitIoLdd1.o
 .ARM.attributes
                0x00000498       0x31 ./Generated_Code/AdcLdd1.o
 .ARM.attributes
                0x000004c9       0x31 ./Generated_Code/Acelerometro.o
 .ARM.attributes
                0x000004fa       0x31 ./Generated_Code/AS1.o
 .ARM.attributes
                0x0000052b       0x31 ./Generated_Code/ADCs.o
 .ARM.attributes
                0x0000055c       0x31 ./Project_Settings/Startup_Code/__arm_start.o
 .ARM.attributes
                0x0000058d       0x31 ./Project_Settings/Startup_Code/__arm_end.o
 .ARM.attributes
                0x000005be       0x31 ./Sources/main.o
 .ARM.attributes
                0x000005ef       0x31 ./Sources/Utiles.o
 .ARM.attributes
                0x00000620       0x31 ./Sources/Events.o
 .ARM.attributes
                0x00000651       0x31 ./Sources/Comunicacion.o
 .ARM.attributes
                0x00000682       0x31 ./Sources/Actuadores.o
 .ARM.attributes
                0x000006b3       0x31 C:/Freescale/CW MCU v10.6/MCU/ARM_GCC_Support/ewl/lib/armv6-m\libc.a(sprintf.o)
 .ARM.attributes
                0x000006e4       0x31 C:/Freescale/CW MCU v10.6/MCU/ARM_GCC_Support/ewl/lib/armv6-m\libc.a(vsnprintf.o)
 .ARM.attributes
                0x00000715       0x31 C:/Freescale/CW MCU v10.6/MCU/ARM_GCC_Support/ewl/lib/armv6-m\libc.a(exit.o)
 .ARM.attributes
                0x00000746       0x31 C:/Freescale/CW MCU v10.6/MCU/ARM_GCC_Support/ewl/lib/armv6-m\libc.a(memcpy.o)
 .ARM.attributes
                0x00000777       0x31 C:/Freescale/CW MCU v10.6/MCU/ARM_GCC_Support/ewl/lib/armv6-m\libc.a(memset.o)
 .ARM.attributes
                0x000007a8       0x31 C:/Freescale/CW MCU v10.6/MCU/ARM_GCC_Support/ewl/lib/armv6-m\libc.a(strlen.o)
 .ARM.attributes
                0x000007d9       0x31 C:/Freescale/CW MCU v10.6/MCU/ARM_GCC_Support/ewl/lib/armv6-m\libc.a(printformat_fp.o)
 .ARM.attributes
                0x0000080a       0x31 C:/Freescale/CW MCU v10.6/MCU/ARM_GCC_Support/ewl/lib/armv6-m\libc.a(scanformat_fp.o)
 .ARM.attributes
                0x0000083b       0x31 C:/Freescale/CW MCU v10.6/MCU/ARM_GCC_Support/ewl/lib/armv6-m\libc.a(ctype_aeabi.o)
 .ARM.attributes
                0x0000086c       0x31 C:/Freescale/CW MCU v10.6/MCU/ARM_GCC_Support/ewl/lib/armv6-m\libc.a(__strtold.o)
 .ARM.attributes
                0x0000089d       0x31 C:/Freescale/CW MCU v10.6/MCU/ARM_GCC_Support/ewl/lib/armv6-m\libc.a(__strtoul.o)
 .ARM.attributes
                0x000008ce       0x31 C:/Freescale/CW MCU v10.6/MCU/ARM_GCC_Support/ewl/lib/armv6-m\libc.a(__filll_mem.o)
 .ARM.attributes
                0x000008ff       0x31 C:/Freescale/CW MCU v10.6/MCU/ARM_GCC_Support/ewl/lib/armv6-m\libc.a(memchr.o)
 .ARM.attributes
                0x00000930       0x31 C:/Freescale/CW MCU v10.6/MCU/ARM_GCC_Support/ewl/lib/armv6-m\libc.a(strchr.o)
 .ARM.attributes
                0x00000961       0x31 C:/Freescale/CW MCU v10.6/MCU/ARM_GCC_Support/ewl/lib/armv6-m\libc.a(strcpy.o)
 .ARM.attributes
                0x00000992       0x31 C:/Freescale/CW MCU v10.6/MCU/ARM_GCC_Support/ewl/lib/armv6-m\libc.a(errno.o)
 .ARM.attributes
                0x000009c3       0x31 C:/Freescale/CW MCU v10.6/MCU/ARM_GCC_Support/ewl/lib/armv6-m\libm.a(ansi_fp.o)
 .ARM.attributes
                0x000009f4       0x31 C:/Freescale/CW MCU v10.6/MCU/ARM_GCC_Support/ewl/lib/armv6-m\libm.a(float.o)
 .ARM.attributes
                0x00000a25       0x31 C:/Freescale/CW MCU v10.6/MCU/ARM_GCC_Support/ewl/lib/armv6-m\libm.a(math_api.o)
 .ARM.attributes
                0x00000a56       0x31 C:/Freescale/CW MCU v10.6/MCU/ARM_GCC_Support/ewl/lib/armv6-m\libm.a(s_frexp.o)
 .ARM.attributes
                0x00000a87       0x31 C:/Freescale/CW MCU v10.6/MCU/ARM_GCC_Support/ewl/lib/armv6-m\libm.a(w_pow.o)
 .ARM.attributes
                0x00000ab8       0x31 C:/Freescale/CW MCU v10.6/MCU/ARM_GCC_Support/ewl/lib/armv6-m\libm.a(e_pow.o)
 .ARM.attributes
                0x00000ae9       0x31 C:/Freescale/CW MCU v10.6/MCU/ARM_GCC_Support/ewl/lib/armv6-m\libm.a(scalbn.o)
 .ARM.attributes
                0x00000b1a       0x31 C:/Freescale/CW MCU v10.6/MCU/ARM_GCC_Support/ewl/lib/armv6-m\libm.a(w_sqrt.o)
 .ARM.attributes
                0x00000b4b       0x31 C:/Freescale/CW MCU v10.6/MCU/ARM_GCC_Support/ewl/lib/armv6-m\libm.a(e_sqrt.o)
 .ARM.attributes
                0x00000b7c       0x31 C:/Freescale/CW MCU v10.6/MCU/ARM_GCC_Support/ewl/lib/armv6-m\libm.a(s_ldexp.o)
 .ARM.attributes
                0x00000bad       0x1e c:/freescale/cw mcu v10.6/cross_tools/arm-none-eabi-gcc-4_7_3/bin/../lib/gcc/arm-none-eabi/4.7.3/armv6-m\libgcc.a(_thumb1_case_sqi.o)
 .ARM.attributes
                0x00000bcb       0x1e c:/freescale/cw mcu v10.6/cross_tools/arm-none-eabi-gcc-4_7_3/bin/../lib/gcc/arm-none-eabi/4.7.3/armv6-m\libgcc.a(_thumb1_case_uqi.o)
 .ARM.attributes
                0x00000be9       0x1e c:/freescale/cw mcu v10.6/cross_tools/arm-none-eabi-gcc-4_7_3/bin/../lib/gcc/arm-none-eabi/4.7.3/armv6-m\libgcc.a(_udivsi3.o)
 .ARM.attributes
                0x00000c07       0x1e c:/freescale/cw mcu v10.6/cross_tools/arm-none-eabi-gcc-4_7_3/bin/../lib/gcc/arm-none-eabi/4.7.3/armv6-m\libgcc.a(_divsi3.o)
 .ARM.attributes
                0x00000c25       0x1e c:/freescale/cw mcu v10.6/cross_tools/arm-none-eabi-gcc-4_7_3/bin/../lib/gcc/arm-none-eabi/4.7.3/armv6-m\libgcc.a(_dvmd_tls.o)
 .ARM.attributes
                0x00000c43       0x1e c:/freescale/cw mcu v10.6/cross_tools/arm-none-eabi-gcc-4_7_3/bin/../lib/gcc/arm-none-eabi/4.7.3/armv6-m\libgcc.a(_arm_cmpdf2.o)
 .ARM.attributes
                0x00000c61       0x1e c:/freescale/cw mcu v10.6/cross_tools/arm-none-eabi-gcc-4_7_3/bin/../lib/gcc/arm-none-eabi/4.7.3/armv6-m\libgcc.a(_arm_cmpsf2.o)
 .ARM.attributes
                0x00000c7f       0x2c c:/freescale/cw mcu v10.6/cross_tools/arm-none-eabi-gcc-4_7_3/bin/../lib/gcc/arm-none-eabi/4.7.3/armv6-m\libgcc.a(_fixunssfsi.o)
 .ARM.attributes
                0x00000cab       0x2c c:/freescale/cw mcu v10.6/cross_tools/arm-none-eabi-gcc-4_7_3/bin/../lib/gcc/arm-none-eabi/4.7.3/armv6-m\libgcc.a(addsf3.o)
 .ARM.attributes
                0x00000cd7       0x2c c:/freescale/cw mcu v10.6/cross_tools/arm-none-eabi-gcc-4_7_3/bin/../lib/gcc/arm-none-eabi/4.7.3/armv6-m\libgcc.a(divsf3.o)
 .ARM.attributes
                0x00000d03       0x2c c:/freescale/cw mcu v10.6/cross_tools/arm-none-eabi-gcc-4_7_3/bin/../lib/gcc/arm-none-eabi/4.7.3/armv6-m\libgcc.a(eqsf2.o)
 .ARM.attributes
                0x00000d2f       0x2c c:/freescale/cw mcu v10.6/cross_tools/arm-none-eabi-gcc-4_7_3/bin/../lib/gcc/arm-none-eabi/4.7.3/armv6-m\libgcc.a(gesf2.o)
 .ARM.attributes
                0x00000d5b       0x2c c:/freescale/cw mcu v10.6/cross_tools/arm-none-eabi-gcc-4_7_3/bin/../lib/gcc/arm-none-eabi/4.7.3/armv6-m\libgcc.a(lesf2.o)
 .ARM.attributes
                0x00000d87       0x2c c:/freescale/cw mcu v10.6/cross_tools/arm-none-eabi-gcc-4_7_3/bin/../lib/gcc/arm-none-eabi/4.7.3/armv6-m\libgcc.a(mulsf3.o)
 .ARM.attributes
                0x00000db3       0x2c c:/freescale/cw mcu v10.6/cross_tools/arm-none-eabi-gcc-4_7_3/bin/../lib/gcc/arm-none-eabi/4.7.3/armv6-m\libgcc.a(subsf3.o)
 .ARM.attributes
                0x00000ddf       0x2c c:/freescale/cw mcu v10.6/cross_tools/arm-none-eabi-gcc-4_7_3/bin/../lib/gcc/arm-none-eabi/4.7.3/armv6-m\libgcc.a(fixsfsi.o)
 .ARM.attributes
                0x00000e0b       0x2c c:/freescale/cw mcu v10.6/cross_tools/arm-none-eabi-gcc-4_7_3/bin/../lib/gcc/arm-none-eabi/4.7.3/armv6-m\libgcc.a(floatsisf.o)
 .ARM.attributes
                0x00000e37       0x2c c:/freescale/cw mcu v10.6/cross_tools/arm-none-eabi-gcc-4_7_3/bin/../lib/gcc/arm-none-eabi/4.7.3/armv6-m\libgcc.a(adddf3.o)
 .ARM.attributes
                0x00000e63       0x2c c:/freescale/cw mcu v10.6/cross_tools/arm-none-eabi-gcc-4_7_3/bin/../lib/gcc/arm-none-eabi/4.7.3/armv6-m\libgcc.a(divdf3.o)
 .ARM.attributes
                0x00000e8f       0x2c c:/freescale/cw mcu v10.6/cross_tools/arm-none-eabi-gcc-4_7_3/bin/../lib/gcc/arm-none-eabi/4.7.3/armv6-m\libgcc.a(eqdf2.o)
 .ARM.attributes
                0x00000ebb       0x2c c:/freescale/cw mcu v10.6/cross_tools/arm-none-eabi-gcc-4_7_3/bin/../lib/gcc/arm-none-eabi/4.7.3/armv6-m\libgcc.a(gedf2.o)
 .ARM.attributes
                0x00000ee7       0x2c c:/freescale/cw mcu v10.6/cross_tools/arm-none-eabi-gcc-4_7_3/bin/../lib/gcc/arm-none-eabi/4.7.3/armv6-m\libgcc.a(ledf2.o)
 .ARM.attributes
                0x00000f13       0x2c c:/freescale/cw mcu v10.6/cross_tools/arm-none-eabi-gcc-4_7_3/bin/../lib/gcc/arm-none-eabi/4.7.3/armv6-m\libgcc.a(muldf3.o)
 .ARM.attributes
                0x00000f3f       0x2c c:/freescale/cw mcu v10.6/cross_tools/arm-none-eabi-gcc-4_7_3/bin/../lib/gcc/arm-none-eabi/4.7.3/armv6-m\libgcc.a(subdf3.o)
 .ARM.attributes
                0x00000f6b       0x2c c:/freescale/cw mcu v10.6/cross_tools/arm-none-eabi-gcc-4_7_3/bin/../lib/gcc/arm-none-eabi/4.7.3/armv6-m\libgcc.a(fixdfsi.o)
 .ARM.attributes
                0x00000f97       0x2c c:/freescale/cw mcu v10.6/cross_tools/arm-none-eabi-gcc-4_7_3/bin/../lib/gcc/arm-none-eabi/4.7.3/armv6-m\libgcc.a(floatsidf.o)
 .ARM.attributes
                0x00000fc3       0x2c c:/freescale/cw mcu v10.6/cross_tools/arm-none-eabi-gcc-4_7_3/bin/../lib/gcc/arm-none-eabi/4.7.3/armv6-m\libgcc.a(extendsfdf2.o)
 .ARM.attributes
                0x00000fef       0x2c c:/freescale/cw mcu v10.6/cross_tools/arm-none-eabi-gcc-4_7_3/bin/../lib/gcc/arm-none-eabi/4.7.3/armv6-m\libgcc.a(truncdfsf2.o)
 .ARM.attributes
                0x0000101b       0x1e c:/freescale/cw mcu v10.6/cross_tools/arm-none-eabi-gcc-4_7_3/bin/../lib/gcc/arm-none-eabi/4.7.3/armv6-m\libgcc.a(_clzsi2.o)
 .ARM.attributes
                0x00001039       0x31 C:/Freescale/CW MCU v10.6/MCU/ARM_GCC_Support/ewl/lib/armv6-m\librt.a(gcc_ctor_dtor.o)
 .ARM.attributes
                0x0000106a       0x31 C:/Freescale/CW MCU v10.6/MCU/ARM_GCC_Support/ewl/lib/armv6-m\librt.a(ROMCopy.o)
 .ARM.attributes
                0x0000109b       0x31 C:/Freescale/CW MCU v10.6/MCU/ARM_GCC_Support/ewl/lib/armv6-m\librt.a(__arm_eabi_init.o)
OUTPUT(ZZZ_Robocol.elf elf32-littlearm)

.debug_info     0x00000000     0xcd07
 .debug_info    0x00000000      0x135 ./Generated_Code/WAIT1.o
 .debug_info    0x00000135      0x104 ./Generated_Code/Vectors.o
 .debug_info    0x00000239      0x6e5 ./Generated_Code/TU3.o
 .debug_info    0x0000091e      0x6f5 ./Generated_Code/TU2.o
 .debug_info    0x00001013      0x6f5 ./Generated_Code/TU1.o
 .debug_info    0x00001708      0x1f0 ./Generated_Code/Rng1Gal.o
 .debug_info    0x000018f8      0x1f0 ./Generated_Code/RingBuffer.o
 .debug_info    0x00001ae8      0x26f ./Generated_Code/PwmLdd8.o
 .debug_info    0x00001d57      0x26f ./Generated_Code/PwmLdd7.o
 .debug_info    0x00001fc6      0x26f ./Generated_Code/PwmLdd6.o
 .debug_info    0x00002235      0x26f ./Generated_Code/PwmLdd5.o
 .debug_info    0x000024a4      0x26f ./Generated_Code/PwmLdd4.o
 .debug_info    0x00002713      0x26f ./Generated_Code/PwmLdd3.o
 .debug_info    0x00002982      0x26f ./Generated_Code/PwmLdd2.o
 .debug_info    0x00002bf1      0x26f ./Generated_Code/PwmLdd1.o
 .debug_info    0x00002e60      0x24e ./Generated_Code/PE_LDD.o
 .debug_info    0x000030ae      0x5b3 ./Generated_Code/MAG1.o
 .debug_info    0x00003661      0x60b ./Generated_Code/GI2C1.o
 .debug_info    0x00003c6c      0x8e1 ./Generated_Code/Cpu.o
 .debug_info    0x0000454d      0x7e3 ./Generated_Code/ComGalileo.o
 .debug_info    0x00004d30      0x894 ./Generated_Code/CI2C1.o
 .debug_info    0x000055c4      0x55f ./Generated_Code/BitsIoLdd1.o
 .debug_info    0x00005b23      0x3c3 ./Generated_Code/BitIoLdd2.o
 .debug_info    0x00005ee6      0x3c3 ./Generated_Code/BitIoLdd1.o
 .debug_info    0x000062a9      0x969 ./Generated_Code/AdcLdd1.o
 .debug_info    0x00006c12      0x70d ./Generated_Code/Acelerometro.o
 .debug_info    0x0000731f      0x7b7 ./Generated_Code/AS1.o
 .debug_info    0x00007ad6      0x30e ./Generated_Code/ADCs.o
 .debug_info    0x00007de4      0x12a ./Project_Settings/Startup_Code/__arm_start.o
 .debug_info    0x00007f0e       0x54 ./Project_Settings/Startup_Code/__arm_end.o
 .debug_info    0x00007f62      0x277 ./Sources/main.o
 .debug_info    0x000081d9       0xe9 ./Sources/Utiles.o
 .debug_info    0x000082c2      0x222 ./Sources/Events.o
 .debug_info    0x000084e4      0x227 ./Sources/Comunicacion.o
 .debug_info    0x0000870b      0x2d1 ./Sources/Actuadores.o
 .debug_info    0x000089dc      0x11e C:/Freescale/CW MCU v10.6/MCU/ARM_GCC_Support/ewl/lib/armv6-m\libc.a(sprintf.o)
 .debug_info    0x00008afa      0x205 C:/Freescale/CW MCU v10.6/MCU/ARM_GCC_Support/ewl/lib/armv6-m\libc.a(vsnprintf.o)
 .debug_info    0x00008cff       0xe8 C:/Freescale/CW MCU v10.6/MCU/ARM_GCC_Support/ewl/lib/armv6-m\libc.a(exit.o)
 .debug_info    0x00008de7      0x10f C:/Freescale/CW MCU v10.6/MCU/ARM_GCC_Support/ewl/lib/armv6-m\libc.a(memcpy.o)
 .debug_info    0x00008ef6       0xec C:/Freescale/CW MCU v10.6/MCU/ARM_GCC_Support/ewl/lib/armv6-m\libc.a(memset.o)
 .debug_info    0x00008fe2       0xea C:/Freescale/CW MCU v10.6/MCU/ARM_GCC_Support/ewl/lib/armv6-m\libc.a(strlen.o)
 .debug_info    0x000090cc      0x764 C:/Freescale/CW MCU v10.6/MCU/ARM_GCC_Support/ewl/lib/armv6-m\libc.a(printformat_fp.o)
 .debug_info    0x00009830      0x5c9 C:/Freescale/CW MCU v10.6/MCU/ARM_GCC_Support/ewl/lib/armv6-m\libc.a(scanformat_fp.o)
 .debug_info    0x00009df9      0x313 C:/Freescale/CW MCU v10.6/MCU/ARM_GCC_Support/ewl/lib/armv6-m\libc.a(ctype_aeabi.o)
 .debug_info    0x0000a10c      0x771 C:/Freescale/CW MCU v10.6/MCU/ARM_GCC_Support/ewl/lib/armv6-m\libc.a(__strtold.o)
 .debug_info    0x0000a87d      0x1d6 C:/Freescale/CW MCU v10.6/MCU/ARM_GCC_Support/ewl/lib/armv6-m\libc.a(__strtoul.o)
 .debug_info    0x0000aa53      0x137 C:/Freescale/CW MCU v10.6/MCU/ARM_GCC_Support/ewl/lib/armv6-m\libc.a(__filll_mem.o)
 .debug_info    0x0000ab8a      0x121 C:/Freescale/CW MCU v10.6/MCU/ARM_GCC_Support/ewl/lib/armv6-m\libc.a(memchr.o)
 .debug_info    0x0000acab      0x10b C:/Freescale/CW MCU v10.6/MCU/ARM_GCC_Support/ewl/lib/armv6-m\libc.a(strchr.o)
 .debug_info    0x0000adb6      0x109 C:/Freescale/CW MCU v10.6/MCU/ARM_GCC_Support/ewl/lib/armv6-m\libc.a(strcpy.o)
 .debug_info    0x0000aebf       0x9d C:/Freescale/CW MCU v10.6/MCU/ARM_GCC_Support/ewl/lib/armv6-m\libc.a(errno.o)
 .debug_info    0x0000af5c      0x51c C:/Freescale/CW MCU v10.6/MCU/ARM_GCC_Support/ewl/lib/armv6-m\libm.a(ansi_fp.o)
 .debug_info    0x0000b478      0x1e4 C:/Freescale/CW MCU v10.6/MCU/ARM_GCC_Support/ewl/lib/armv6-m\libm.a(float.o)
 .debug_info    0x0000b65c      0x305 C:/Freescale/CW MCU v10.6/MCU/ARM_GCC_Support/ewl/lib/armv6-m\libm.a(math_api.o)
 .debug_info    0x0000b961      0x1a1 C:/Freescale/CW MCU v10.6/MCU/ARM_GCC_Support/ewl/lib/armv6-m\libm.a(s_frexp.o)
 .debug_info    0x0000bb02       0xc0 C:/Freescale/CW MCU v10.6/MCU/ARM_GCC_Support/ewl/lib/armv6-m\libm.a(w_pow.o)
 .debug_info    0x0000bbc2      0x5c7 C:/Freescale/CW MCU v10.6/MCU/ARM_GCC_Support/ewl/lib/armv6-m\libm.a(e_pow.o)
 .debug_info    0x0000c189       0xf9 C:/Freescale/CW MCU v10.6/MCU/ARM_GCC_Support/ewl/lib/armv6-m\libm.a(scalbn.o)
 .debug_info    0x0000c282       0xb3 C:/Freescale/CW MCU v10.6/MCU/ARM_GCC_Support/ewl/lib/armv6-m\libm.a(w_sqrt.o)
 .debug_info    0x0000c335      0x266 C:/Freescale/CW MCU v10.6/MCU/ARM_GCC_Support/ewl/lib/armv6-m\libm.a(e_sqrt.o)
 .debug_info    0x0000c59b      0x1e2 C:/Freescale/CW MCU v10.6/MCU/ARM_GCC_Support/ewl/lib/armv6-m\libm.a(s_ldexp.o)
 .debug_info    0x0000c77d      0x136 C:/Freescale/CW MCU v10.6/MCU/ARM_GCC_Support/ewl/lib/armv6-m\librt.a(gcc_ctor_dtor.o)
 .debug_info    0x0000c8b3      0x19b C:/Freescale/CW MCU v10.6/MCU/ARM_GCC_Support/ewl/lib/armv6-m\librt.a(ROMCopy.o)
 .debug_info    0x0000ca4e      0x2b9 C:/Freescale/CW MCU v10.6/MCU/ARM_GCC_Support/ewl/lib/armv6-m\librt.a(__arm_eabi_init.o)

.debug_abbrev   0x00000000     0x3e62
 .debug_abbrev  0x00000000       0xa3 ./Generated_Code/WAIT1.o
 .debug_abbrev  0x000000a3       0xa3 ./Generated_Code/Vectors.o
 .debug_abbrev  0x00000146      0x17e ./Generated_Code/TU3.o
 .debug_abbrev  0x000002c4      0x17e ./Generated_Code/TU2.o
 .debug_abbrev  0x00000442      0x17e ./Generated_Code/TU1.o
 .debug_abbrev  0x000005c0       0xe3 ./Generated_Code/Rng1Gal.o
 .debug_abbrev  0x000006a3       0xe3 ./Generated_Code/RingBuffer.o
 .debug_abbrev  0x00000786       0xec ./Generated_Code/PwmLdd8.o
 .debug_abbrev  0x00000872       0xec ./Generated_Code/PwmLdd7.o
 .debug_abbrev  0x0000095e       0xec ./Generated_Code/PwmLdd6.o
 .debug_abbrev  0x00000a4a       0xec ./Generated_Code/PwmLdd5.o
 .debug_abbrev  0x00000b36       0xec ./Generated_Code/PwmLdd4.o
 .debug_abbrev  0x00000c22       0xec ./Generated_Code/PwmLdd3.o
 .debug_abbrev  0x00000d0e       0xec ./Generated_Code/PwmLdd2.o
 .debug_abbrev  0x00000dfa       0xec ./Generated_Code/PwmLdd1.o
 .debug_abbrev  0x00000ee6      0x102 ./Generated_Code/PE_LDD.o
 .debug_abbrev  0x00000fe8      0x163 ./Generated_Code/MAG1.o
 .debug_abbrev  0x0000114b      0x1d1 ./Generated_Code/GI2C1.o
 .debug_abbrev  0x0000131c      0x122 ./Generated_Code/Cpu.o
 .debug_abbrev  0x0000143e      0x189 ./Generated_Code/ComGalileo.o
 .debug_abbrev  0x000015c7      0x179 ./Generated_Code/CI2C1.o
 .debug_abbrev  0x00001740      0x178 ./Generated_Code/BitsIoLdd1.o
 .debug_abbrev  0x000018b8      0x151 ./Generated_Code/BitIoLdd2.o
 .debug_abbrev  0x00001a09      0x151 ./Generated_Code/BitIoLdd1.o
 .debug_abbrev  0x00001b5a      0x1a6 ./Generated_Code/AdcLdd1.o
 .debug_abbrev  0x00001d00      0x16d ./Generated_Code/Acelerometro.o
 .debug_abbrev  0x00001e6d      0x189 ./Generated_Code/AS1.o
 .debug_abbrev  0x00001ff6      0x15d ./Generated_Code/ADCs.o
 .debug_abbrev  0x00002153       0x92 ./Project_Settings/Startup_Code/__arm_start.o
 .debug_abbrev  0x000021e5       0x4c ./Project_Settings/Startup_Code/__arm_end.o
 .debug_abbrev  0x00002231       0xcf ./Sources/main.o
 .debug_abbrev  0x00002300       0x6c ./Sources/Utiles.o
 .debug_abbrev  0x0000236c       0xdd ./Sources/Events.o
 .debug_abbrev  0x00002449       0xec ./Sources/Comunicacion.o
 .debug_abbrev  0x00002535       0xb4 ./Sources/Actuadores.o
 .debug_abbrev  0x000025e9       0xb1 C:/Freescale/CW MCU v10.6/MCU/ARM_GCC_Support/ewl/lib/armv6-m\libc.a(sprintf.o)
 .debug_abbrev  0x0000269a       0xf0 C:/Freescale/CW MCU v10.6/MCU/ARM_GCC_Support/ewl/lib/armv6-m\libc.a(vsnprintf.o)
 .debug_abbrev  0x0000278a       0x7a C:/Freescale/CW MCU v10.6/MCU/ARM_GCC_Support/ewl/lib/armv6-m\libc.a(exit.o)
 .debug_abbrev  0x00002804       0x95 C:/Freescale/CW MCU v10.6/MCU/ARM_GCC_Support/ewl/lib/armv6-m\libc.a(memcpy.o)
 .debug_abbrev  0x00002899       0x62 C:/Freescale/CW MCU v10.6/MCU/ARM_GCC_Support/ewl/lib/armv6-m\libc.a(memset.o)
 .debug_abbrev  0x000028fb       0x7a C:/Freescale/CW MCU v10.6/MCU/ARM_GCC_Support/ewl/lib/armv6-m\libc.a(strlen.o)
 .debug_abbrev  0x00002975      0x254 C:/Freescale/CW MCU v10.6/MCU/ARM_GCC_Support/ewl/lib/armv6-m\libc.a(printformat_fp.o)
 .debug_abbrev  0x00002bc9      0x206 C:/Freescale/CW MCU v10.6/MCU/ARM_GCC_Support/ewl/lib/armv6-m\libc.a(scanformat_fp.o)
 .debug_abbrev  0x00002dcf       0x9e C:/Freescale/CW MCU v10.6/MCU/ARM_GCC_Support/ewl/lib/armv6-m\libc.a(ctype_aeabi.o)
 .debug_abbrev  0x00002e6d      0x1b3 C:/Freescale/CW MCU v10.6/MCU/ARM_GCC_Support/ewl/lib/armv6-m\libc.a(__strtold.o)
 .debug_abbrev  0x00003020       0xc2 C:/Freescale/CW MCU v10.6/MCU/ARM_GCC_Support/ewl/lib/armv6-m\libc.a(__strtoul.o)
 .debug_abbrev  0x000030e2       0x78 C:/Freescale/CW MCU v10.6/MCU/ARM_GCC_Support/ewl/lib/armv6-m\libc.a(__filll_mem.o)
 .debug_abbrev  0x0000315a       0x95 C:/Freescale/CW MCU v10.6/MCU/ARM_GCC_Support/ewl/lib/armv6-m\libc.a(memchr.o)
 .debug_abbrev  0x000031ef       0x7a C:/Freescale/CW MCU v10.6/MCU/ARM_GCC_Support/ewl/lib/armv6-m\libc.a(strchr.o)
 .debug_abbrev  0x00003269       0x78 C:/Freescale/CW MCU v10.6/MCU/ARM_GCC_Support/ewl/lib/armv6-m\libc.a(strcpy.o)
 .debug_abbrev  0x000032e1       0x44 C:/Freescale/CW MCU v10.6/MCU/ARM_GCC_Support/ewl/lib/armv6-m\libc.a(errno.o)
 .debug_abbrev  0x00003325      0x15d C:/Freescale/CW MCU v10.6/MCU/ARM_GCC_Support/ewl/lib/armv6-m\libm.a(ansi_fp.o)
 .debug_abbrev  0x00003482       0x56 C:/Freescale/CW MCU v10.6/MCU/ARM_GCC_Support/ewl/lib/armv6-m\libm.a(float.o)
 .debug_abbrev  0x000034d8       0xe8 C:/Freescale/CW MCU v10.6/MCU/ARM_GCC_Support/ewl/lib/armv6-m\libm.a(math_api.o)
 .debug_abbrev  0x000035c0       0xce C:/Freescale/CW MCU v10.6/MCU/ARM_GCC_Support/ewl/lib/armv6-m\libm.a(s_frexp.o)
 .debug_abbrev  0x0000368e       0x59 C:/Freescale/CW MCU v10.6/MCU/ARM_GCC_Support/ewl/lib/armv6-m\libm.a(w_pow.o)
 .debug_abbrev  0x000036e7      0x157 C:/Freescale/CW MCU v10.6/MCU/ARM_GCC_Support/ewl/lib/armv6-m\libm.a(e_pow.o)
 .debug_abbrev  0x0000383e       0x86 C:/Freescale/CW MCU v10.6/MCU/ARM_GCC_Support/ewl/lib/armv6-m\libm.a(scalbn.o)
 .debug_abbrev  0x000038c4       0x59 C:/Freescale/CW MCU v10.6/MCU/ARM_GCC_Support/ewl/lib/armv6-m\libm.a(w_sqrt.o)
 .debug_abbrev  0x0000391d      0x10b C:/Freescale/CW MCU v10.6/MCU/ARM_GCC_Support/ewl/lib/armv6-m\libm.a(e_sqrt.o)
 .debug_abbrev  0x00003a28       0xce C:/Freescale/CW MCU v10.6/MCU/ARM_GCC_Support/ewl/lib/armv6-m\libm.a(s_ldexp.o)
 .debug_abbrev  0x00003af6       0x99 C:/Freescale/CW MCU v10.6/MCU/ARM_GCC_Support/ewl/lib/armv6-m\librt.a(gcc_ctor_dtor.o)
 .debug_abbrev  0x00003b8f      0x120 C:/Freescale/CW MCU v10.6/MCU/ARM_GCC_Support/ewl/lib/armv6-m\librt.a(ROMCopy.o)
 .debug_abbrev  0x00003caf      0x1b3 C:/Freescale/CW MCU v10.6/MCU/ARM_GCC_Support/ewl/lib/armv6-m\librt.a(__arm_eabi_init.o)

.debug_loc      0x00000000     0x7bac
 .debug_loc     0x00000000       0xa8 ./Generated_Code/WAIT1.o
 .debug_loc     0x000000a8      0x150 ./Generated_Code/TU3.o
 .debug_loc     0x000001f8      0x150 ./Generated_Code/TU2.o
 .debug_loc     0x00000348      0x150 ./Generated_Code/TU1.o
 .debug_loc     0x00000498       0xf4 ./Generated_Code/Rng1Gal.o
 .debug_loc     0x0000058c       0xf4 ./Generated_Code/RingBuffer.o
 .debug_loc     0x00000680       0xe0 ./Generated_Code/PwmLdd8.o
 .debug_loc     0x00000760       0xe0 ./Generated_Code/PwmLdd7.o
 .debug_loc     0x00000840       0xe0 ./Generated_Code/PwmLdd6.o
 .debug_loc     0x00000920       0xe0 ./Generated_Code/PwmLdd5.o
 .debug_loc     0x00000a00       0xe0 ./Generated_Code/PwmLdd4.o
 .debug_loc     0x00000ae0       0xe0 ./Generated_Code/PwmLdd3.o
 .debug_loc     0x00000bc0       0xe0 ./Generated_Code/PwmLdd2.o
 .debug_loc     0x00000ca0       0xe0 ./Generated_Code/PwmLdd1.o
 .debug_loc     0x00000d80       0x9c ./Generated_Code/PE_LDD.o
 .debug_loc     0x00000e1c      0x3d8 ./Generated_Code/MAG1.o
 .debug_loc     0x000011f4      0x370 ./Generated_Code/GI2C1.o
 .debug_loc     0x00001564       0xb0 ./Generated_Code/Cpu.o
 .debug_loc     0x00001614      0x150 ./Generated_Code/ComGalileo.o
 .debug_loc     0x00001764      0x150 ./Generated_Code/CI2C1.o
 .debug_loc     0x000018b4      0x1f8 ./Generated_Code/BitsIoLdd1.o
 .debug_loc     0x00001aac      0x150 ./Generated_Code/BitIoLdd2.o
 .debug_loc     0x00001bfc      0x150 ./Generated_Code/BitIoLdd1.o
 .debug_loc     0x00001d4c      0x1f8 ./Generated_Code/AdcLdd1.o
 .debug_loc     0x00001f44      0x5d4 ./Generated_Code/Acelerometro.o
 .debug_loc     0x00002518      0x150 ./Generated_Code/AS1.o
 .debug_loc     0x00002668      0x1d4 ./Generated_Code/ADCs.o
 .debug_loc     0x0000283c       0x2c ./Project_Settings/Startup_Code/__arm_start.o
 .debug_loc     0x00002868       0x38 ./Project_Settings/Startup_Code/__arm_end.o
 .debug_loc     0x000028a0       0xaa ./Sources/main.o
 .debug_loc     0x0000294a       0x38 ./Sources/Utiles.o
 .debug_loc     0x00002982      0x164 ./Sources/Events.o
 .debug_loc     0x00002ae6      0x10c ./Sources/Comunicacion.o
 .debug_loc     0x00002bf2      0x164 ./Sources/Actuadores.o
 .debug_loc     0x00002d56       0x3f C:/Freescale/CW MCU v10.6/MCU/ARM_GCC_Support/ewl/lib/armv6-m\libc.a(sprintf.o)
 .debug_loc     0x00002d95      0x105 C:/Freescale/CW MCU v10.6/MCU/ARM_GCC_Support/ewl/lib/armv6-m\libc.a(vsnprintf.o)
 .debug_loc     0x00002e9a       0x3e C:/Freescale/CW MCU v10.6/MCU/ARM_GCC_Support/ewl/lib/armv6-m\libc.a(exit.o)
 .debug_loc     0x00002ed8       0x59 C:/Freescale/CW MCU v10.6/MCU/ARM_GCC_Support/ewl/lib/armv6-m\libc.a(memcpy.o)
 .debug_loc     0x00002f31       0x6f C:/Freescale/CW MCU v10.6/MCU/ARM_GCC_Support/ewl/lib/armv6-m\libc.a(memset.o)
 .debug_loc     0x00002fa0       0x33 C:/Freescale/CW MCU v10.6/MCU/ARM_GCC_Support/ewl/lib/armv6-m\libc.a(strlen.o)
 .debug_loc     0x00002fd3     0x15bd C:/Freescale/CW MCU v10.6/MCU/ARM_GCC_Support/ewl/lib/armv6-m\libc.a(printformat_fp.o)
 .debug_loc     0x00004590      0xa49 C:/Freescale/CW MCU v10.6/MCU/ARM_GCC_Support/ewl/lib/armv6-m\libc.a(scanformat_fp.o)
 .debug_loc     0x00004fd9      0x30d C:/Freescale/CW MCU v10.6/MCU/ARM_GCC_Support/ewl/lib/armv6-m\libc.a(ctype_aeabi.o)
 .debug_loc     0x000052e6      0x910 C:/Freescale/CW MCU v10.6/MCU/ARM_GCC_Support/ewl/lib/armv6-m\libc.a(__strtold.o)
 .debug_loc     0x00005bf6      0x305 C:/Freescale/CW MCU v10.6/MCU/ARM_GCC_Support/ewl/lib/armv6-m\libc.a(__strtoul.o)
 .debug_loc     0x00005efb      0x14a C:/Freescale/CW MCU v10.6/MCU/ARM_GCC_Support/ewl/lib/armv6-m\libc.a(__filll_mem.o)
 .debug_loc     0x00006045       0x77 C:/Freescale/CW MCU v10.6/MCU/ARM_GCC_Support/ewl/lib/armv6-m\libc.a(memchr.o)
 .debug_loc     0x000060bc       0xaf C:/Freescale/CW MCU v10.6/MCU/ARM_GCC_Support/ewl/lib/armv6-m\libc.a(strchr.o)
 .debug_loc     0x0000616b       0x20 C:/Freescale/CW MCU v10.6/MCU/ARM_GCC_Support/ewl/lib/armv6-m\libc.a(strcpy.o)
 .debug_loc     0x0000618b      0x599 C:/Freescale/CW MCU v10.6/MCU/ARM_GCC_Support/ewl/lib/armv6-m\libm.a(ansi_fp.o)
 .debug_loc     0x00006724      0x2d7 C:/Freescale/CW MCU v10.6/MCU/ARM_GCC_Support/ewl/lib/armv6-m\libm.a(math_api.o)
 .debug_loc     0x000069fb       0xc1 C:/Freescale/CW MCU v10.6/MCU/ARM_GCC_Support/ewl/lib/armv6-m\libm.a(s_frexp.o)
 .debug_loc     0x00006abc       0x50 C:/Freescale/CW MCU v10.6/MCU/ARM_GCC_Support/ewl/lib/armv6-m\libm.a(w_pow.o)
 .debug_loc     0x00006b0c      0x962 C:/Freescale/CW MCU v10.6/MCU/ARM_GCC_Support/ewl/lib/armv6-m\libm.a(e_pow.o)
 .debug_loc     0x0000746e       0x6e C:/Freescale/CW MCU v10.6/MCU/ARM_GCC_Support/ewl/lib/armv6-m\libm.a(scalbn.o)
 .debug_loc     0x000074dc       0x38 C:/Freescale/CW MCU v10.6/MCU/ARM_GCC_Support/ewl/lib/armv6-m\libm.a(w_sqrt.o)
 .debug_loc     0x00007514      0x220 C:/Freescale/CW MCU v10.6/MCU/ARM_GCC_Support/ewl/lib/armv6-m\libm.a(e_sqrt.o)
 .debug_loc     0x00007734      0x16b C:/Freescale/CW MCU v10.6/MCU/ARM_GCC_Support/ewl/lib/armv6-m\libm.a(s_ldexp.o)
 .debug_loc     0x0000789f       0x9d C:/Freescale/CW MCU v10.6/MCU/ARM_GCC_Support/ewl/lib/armv6-m\librt.a(gcc_ctor_dtor.o)
 .debug_loc     0x0000793c       0xd9 C:/Freescale/CW MCU v10.6/MCU/ARM_GCC_Support/ewl/lib/armv6-m\librt.a(ROMCopy.o)
 .debug_loc     0x00007a15      0x197 C:/Freescale/CW MCU v10.6/MCU/ARM_GCC_Support/ewl/lib/armv6-m\librt.a(__arm_eabi_init.o)

.debug_aranges  0x00000000      0xee8
 .debug_aranges
                0x00000000       0x40 ./Generated_Code/WAIT1.o
 .debug_aranges
                0x00000040       0x18 ./Generated_Code/Vectors.o
 .debug_aranges
                0x00000058       0x48 ./Generated_Code/TU3.o
 .debug_aranges
                0x000000a0       0x48 ./Generated_Code/TU2.o
 .debug_aranges
                0x000000e8       0x48 ./Generated_Code/TU1.o
 .debug_aranges
                0x00000130       0x40 ./Generated_Code/Rng1Gal.o
 .debug_aranges
                0x00000170       0x40 ./Generated_Code/RingBuffer.o
 .debug_aranges
                0x000001b0       0x38 ./Generated_Code/PwmLdd8.o
 .debug_aranges
                0x000001e8       0x38 ./Generated_Code/PwmLdd7.o
 .debug_aranges
                0x00000220       0x38 ./Generated_Code/PwmLdd6.o
 .debug_aranges
                0x00000258       0x38 ./Generated_Code/PwmLdd5.o
 .debug_aranges
                0x00000290       0x38 ./Generated_Code/PwmLdd4.o
 .debug_aranges
                0x000002c8       0x38 ./Generated_Code/PwmLdd3.o
 .debug_aranges
                0x00000300       0x38 ./Generated_Code/PwmLdd2.o
 .debug_aranges
                0x00000338       0x38 ./Generated_Code/PwmLdd1.o
 .debug_aranges
                0x00000370       0x30 ./Generated_Code/PE_LDD.o
 .debug_aranges
                0x000003a0       0xa8 ./Generated_Code/MAG1.o
 .debug_aranges
                0x00000448       0xa0 ./Generated_Code/GI2C1.o
 .debug_aranges
                0x000004e8       0x38 ./Generated_Code/Cpu.o
 .debug_aranges
                0x00000520       0x48 ./Generated_Code/ComGalileo.o
 .debug_aranges
                0x00000568       0x48 ./Generated_Code/CI2C1.o
 .debug_aranges
                0x000005b0       0x60 ./Generated_Code/BitsIoLdd1.o
 .debug_aranges
                0x00000610       0x48 ./Generated_Code/BitIoLdd2.o
 .debug_aranges
                0x00000658       0x48 ./Generated_Code/BitIoLdd1.o
 .debug_aranges
                0x000006a0       0x60 ./Generated_Code/AdcLdd1.o
 .debug_aranges
                0x00000700      0x100 ./Generated_Code/Acelerometro.o
 .debug_aranges
                0x00000800       0x48 ./Generated_Code/AS1.o
 .debug_aranges
                0x00000848       0x60 ./Generated_Code/ADCs.o
 .debug_aranges
                0x000008a8       0x30 ./Project_Settings/Startup_Code/__arm_start.o
 .debug_aranges
                0x000008d8       0x20 ./Project_Settings/Startup_Code/__arm_end.o
 .debug_aranges
                0x000008f8       0x30 ./Sources/main.o
 .debug_aranges
                0x00000928       0x20 ./Sources/Utiles.o
 .debug_aranges
                0x00000948       0x50 ./Sources/Events.o
 .debug_aranges
                0x00000998       0x40 ./Sources/Comunicacion.o
 .debug_aranges
                0x000009d8       0x50 ./Sources/Actuadores.o
 .debug_aranges
                0x00000a28       0x20 C:/Freescale/CW MCU v10.6/MCU/ARM_GCC_Support/ewl/lib/armv6-m\libc.a(sprintf.o)
 .debug_aranges
                0x00000a48       0x28 C:/Freescale/CW MCU v10.6/MCU/ARM_GCC_Support/ewl/lib/armv6-m\libc.a(vsnprintf.o)
 .debug_aranges
                0x00000a70       0x20 C:/Freescale/CW MCU v10.6/MCU/ARM_GCC_Support/ewl/lib/armv6-m\libc.a(exit.o)
 .debug_aranges
                0x00000a90       0x20 C:/Freescale/CW MCU v10.6/MCU/ARM_GCC_Support/ewl/lib/armv6-m\libc.a(memcpy.o)
 .debug_aranges
                0x00000ab0       0x20 C:/Freescale/CW MCU v10.6/MCU/ARM_GCC_Support/ewl/lib/armv6-m\libc.a(memset.o)
 .debug_aranges
                0x00000ad0       0x20 C:/Freescale/CW MCU v10.6/MCU/ARM_GCC_Support/ewl/lib/armv6-m\libc.a(strlen.o)
 .debug_aranges
                0x00000af0       0x28 C:/Freescale/CW MCU v10.6/MCU/ARM_GCC_Support/ewl/lib/armv6-m\libc.a(printformat_fp.o)
 .debug_aranges
                0x00000b18       0x20 C:/Freescale/CW MCU v10.6/MCU/ARM_GCC_Support/ewl/lib/armv6-m\libc.a(scanformat_fp.o)
 .debug_aranges
                0x00000b38       0x88 C:/Freescale/CW MCU v10.6/MCU/ARM_GCC_Support/ewl/lib/armv6-m\libc.a(ctype_aeabi.o)
 .debug_aranges
                0x00000bc0       0x38 C:/Freescale/CW MCU v10.6/MCU/ARM_GCC_Support/ewl/lib/armv6-m\libc.a(__strtold.o)
 .debug_aranges
                0x00000bf8       0x20 C:/Freescale/CW MCU v10.6/MCU/ARM_GCC_Support/ewl/lib/armv6-m\libc.a(__strtoul.o)
 .debug_aranges
                0x00000c18       0x20 C:/Freescale/CW MCU v10.6/MCU/ARM_GCC_Support/ewl/lib/armv6-m\libc.a(__filll_mem.o)
 .debug_aranges
                0x00000c38       0x20 C:/Freescale/CW MCU v10.6/MCU/ARM_GCC_Support/ewl/lib/armv6-m\libc.a(memchr.o)
 .debug_aranges
                0x00000c58       0x20 C:/Freescale/CW MCU v10.6/MCU/ARM_GCC_Support/ewl/lib/armv6-m\libc.a(strchr.o)
 .debug_aranges
                0x00000c78       0x20 C:/Freescale/CW MCU v10.6/MCU/ARM_GCC_Support/ewl/lib/armv6-m\libc.a(strcpy.o)
 .debug_aranges
                0x00000c98       0x18 C:/Freescale/CW MCU v10.6/MCU/ARM_GCC_Support/ewl/lib/armv6-m\libc.a(errno.o)
 .debug_aranges
                0x00000cb0       0x30 C:/Freescale/CW MCU v10.6/MCU/ARM_GCC_Support/ewl/lib/armv6-m\libm.a(ansi_fp.o)
 .debug_aranges
                0x00000ce0       0x18 C:/Freescale/CW MCU v10.6/MCU/ARM_GCC_Support/ewl/lib/armv6-m\libm.a(float.o)
 .debug_aranges
                0x00000cf8       0x60 C:/Freescale/CW MCU v10.6/MCU/ARM_GCC_Support/ewl/lib/armv6-m\libm.a(math_api.o)
 .debug_aranges
                0x00000d58       0x20 C:/Freescale/CW MCU v10.6/MCU/ARM_GCC_Support/ewl/lib/armv6-m\libm.a(s_frexp.o)
 .debug_aranges
                0x00000d78       0x20 C:/Freescale/CW MCU v10.6/MCU/ARM_GCC_Support/ewl/lib/armv6-m\libm.a(w_pow.o)
 .debug_aranges
                0x00000d98       0x20 C:/Freescale/CW MCU v10.6/MCU/ARM_GCC_Support/ewl/lib/armv6-m\libm.a(e_pow.o)
 .debug_aranges
                0x00000db8       0x20 C:/Freescale/CW MCU v10.6/MCU/ARM_GCC_Support/ewl/lib/armv6-m\libm.a(scalbn.o)
 .debug_aranges
                0x00000dd8       0x20 C:/Freescale/CW MCU v10.6/MCU/ARM_GCC_Support/ewl/lib/armv6-m\libm.a(w_sqrt.o)
 .debug_aranges
                0x00000df8       0x20 C:/Freescale/CW MCU v10.6/MCU/ARM_GCC_Support/ewl/lib/armv6-m\libm.a(e_sqrt.o)
 .debug_aranges
                0x00000e18       0x20 C:/Freescale/CW MCU v10.6/MCU/ARM_GCC_Support/ewl/lib/armv6-m\libm.a(s_ldexp.o)
 .debug_aranges
                0x00000e38       0x28 C:/Freescale/CW MCU v10.6/MCU/ARM_GCC_Support/ewl/lib/armv6-m\librt.a(gcc_ctor_dtor.o)
 .debug_aranges
                0x00000e60       0x30 C:/Freescale/CW MCU v10.6/MCU/ARM_GCC_Support/ewl/lib/armv6-m\librt.a(ROMCopy.o)
 .debug_aranges
                0x00000e90       0x58 C:/Freescale/CW MCU v10.6/MCU/ARM_GCC_Support/ewl/lib/armv6-m\librt.a(__arm_eabi_init.o)

.debug_macinfo  0x00000000   0x82da0a
 .debug_macinfo
                0x00000000    0x3a174 ./Generated_Code/WAIT1.o
 .debug_macinfo
                0x0003a174    0x45080 ./Generated_Code/Vectors.o
 .debug_macinfo
                0x0007f1f4    0x3c0ac ./Generated_Code/TU3.o
 .debug_macinfo
                0x000bb2a0    0x3c042 ./Generated_Code/TU2.o
 .debug_macinfo
                0x000f72e2    0x3c042 ./Generated_Code/TU1.o
 .debug_macinfo
                0x00133324    0x39e55 ./Generated_Code/Rng1Gal.o
 .debug_macinfo
                0x0016d179    0x39e5b ./Generated_Code/RingBuffer.o
 .debug_macinfo
                0x001a6fd4    0x3c173 ./Generated_Code/PwmLdd8.o
 .debug_macinfo
                0x001e3147    0x3c173 ./Generated_Code/PwmLdd7.o
 .debug_macinfo
                0x0021f2ba    0x3c173 ./Generated_Code/PwmLdd6.o
 .debug_macinfo
                0x0025b42d    0x3c134 ./Generated_Code/PwmLdd5.o
 .debug_macinfo
                0x00297561    0x3c134 ./Generated_Code/PwmLdd4.o
 .debug_macinfo
                0x002d3695    0x3c173 ./Generated_Code/PwmLdd3.o
 .debug_macinfo
                0x0030f808    0x3c134 ./Generated_Code/PwmLdd2.o
 .debug_macinfo
                0x0034b93c    0x3c134 ./Generated_Code/PwmLdd1.o
 .debug_macinfo
                0x00387a70    0x44fe0 ./Generated_Code/PE_LDD.o
 .debug_macinfo
                0x003cca50    0x3ac19 ./Generated_Code/MAG1.o
 .debug_macinfo
                0x00407669    0x3a329 ./Generated_Code/GI2C1.o
 .debug_macinfo
                0x00441992    0x45080 ./Generated_Code/Cpu.o
 .debug_macinfo
                0x00486a12    0x48929 ./Generated_Code/ComGalileo.o
 .debug_macinfo
                0x004cf33b    0x411f3 ./Generated_Code/CI2C1.o
 .debug_macinfo
                0x0051052e    0x3aedc ./Generated_Code/BitsIoLdd1.o
 .debug_macinfo
                0x0054b40a    0x3adf8 ./Generated_Code/BitIoLdd2.o
 .debug_macinfo
                0x00586202    0x3adf8 ./Generated_Code/BitIoLdd1.o
 .debug_macinfo
                0x005c0ffa    0x3f4ad ./Generated_Code/AdcLdd1.o
 .debug_macinfo
                0x006004a7    0x3a5c4 ./Generated_Code/Acelerometro.o
 .debug_macinfo
                0x0063aa6b    0x4c40a ./Generated_Code/AS1.o
 .debug_macinfo
                0x00686e75    0x4508f ./Generated_Code/ADCs.o
 .debug_macinfo
                0x006cbf04     0x3e6d ./Project_Settings/Startup_Code/__arm_start.o
 .debug_macinfo
                0x006cfd71     0x3456 ./Project_Settings/Startup_Code/__arm_end.o
 .debug_macinfo
                0x006d31c7    0x458a5 ./Sources/main.o
 .debug_macinfo
                0x00718a6c    0x45755 ./Sources/Utiles.o
 .debug_macinfo
                0x0075e1c1    0x450ad ./Sources/Events.o
 .debug_macinfo
                0x007a326e    0x45105 ./Sources/Comunicacion.o
 .debug_macinfo
                0x007e8373    0x45697 ./Sources/Actuadores.o

.debug_line     0x00000000     0xaead
 .debug_line    0x00000000      0x274 ./Generated_Code/WAIT1.o
 .debug_line    0x00000274      0x7b1 ./Generated_Code/Vectors.o
 .debug_line    0x00000a25      0x327 ./Generated_Code/TU3.o
 .debug_line    0x00000d4c      0x31b ./Generated_Code/TU2.o
 .debug_line    0x00001067      0x31b ./Generated_Code/TU1.o
 .debug_line    0x00001382      0x287 ./Generated_Code/Rng1Gal.o
 .debug_line    0x00001609      0x28d ./Generated_Code/RingBuffer.o
 .debug_line    0x00001896      0x2d4 ./Generated_Code/PwmLdd8.o
 .debug_line    0x00001b6a      0x2d4 ./Generated_Code/PwmLdd7.o
 .debug_line    0x00001e3e      0x2d4 ./Generated_Code/PwmLdd6.o
 .debug_line    0x00002112      0x2d4 ./Generated_Code/PwmLdd5.o
 .debug_line    0x000023e6      0x2d4 ./Generated_Code/PwmLdd4.o
 .debug_line    0x000026ba      0x2d4 ./Generated_Code/PwmLdd3.o
 .debug_line    0x0000298e      0x2d4 ./Generated_Code/PwmLdd2.o
 .debug_line    0x00002c62      0x2d4 ./Generated_Code/PwmLdd1.o
 .debug_line    0x00002f36      0x4ed ./Generated_Code/PE_LDD.o
 .debug_line    0x00003423      0x390 ./Generated_Code/MAG1.o
 .debug_line    0x000037b3      0x3bf ./Generated_Code/GI2C1.o
 .debug_line    0x00003b72      0x825 ./Generated_Code/Cpu.o
 .debug_line    0x00004397      0x676 ./Generated_Code/ComGalileo.o
 .debug_line    0x00004a0d      0x3a5 ./Generated_Code/CI2C1.o
 .debug_line    0x00004db2      0x33d ./Generated_Code/BitsIoLdd1.o
 .debug_line    0x000050ef      0x2e3 ./Generated_Code/BitIoLdd2.o
 .debug_line    0x000053d2      0x2e3 ./Generated_Code/BitIoLdd1.o
 .debug_line    0x000056b5      0x36a ./Generated_Code/AdcLdd1.o
 .debug_line    0x00005a1f      0x49d ./Generated_Code/Acelerometro.o
 .debug_line    0x00005ebc      0x662 ./Generated_Code/AS1.o
 .debug_line    0x0000651e      0x64a ./Generated_Code/ADCs.o
 .debug_line    0x00006b68      0x2b8 ./Project_Settings/Startup_Code/__arm_start.o
 .debug_line    0x00006e20      0x266 ./Project_Settings/Startup_Code/__arm_end.o
 .debug_line    0x00007086      0x71e ./Sources/main.o
 .debug_line    0x000077a4      0x61b ./Sources/Utiles.o
 .debug_line    0x00007dbf      0x599 ./Sources/Events.o
 .debug_line    0x00008358      0x5e3 ./Sources/Comunicacion.o
 .debug_line    0x0000893b      0x697 ./Sources/Actuadores.o
 .debug_line    0x00008fd2       0x93 C:/Freescale/CW MCU v10.6/MCU/ARM_GCC_Support/ewl/lib/armv6-m\libc.a(sprintf.o)
 .debug_line    0x00009065       0xd4 C:/Freescale/CW MCU v10.6/MCU/ARM_GCC_Support/ewl/lib/armv6-m\libc.a(vsnprintf.o)
 .debug_line    0x00009139       0x8d C:/Freescale/CW MCU v10.6/MCU/ARM_GCC_Support/ewl/lib/armv6-m\libc.a(exit.o)
 .debug_line    0x000091c6       0x8b C:/Freescale/CW MCU v10.6/MCU/ARM_GCC_Support/ewl/lib/armv6-m\libc.a(memcpy.o)
 .debug_line    0x00009251       0x90 C:/Freescale/CW MCU v10.6/MCU/ARM_GCC_Support/ewl/lib/armv6-m\libc.a(memset.o)
 .debug_line    0x000092e1       0x85 C:/Freescale/CW MCU v10.6/MCU/ARM_GCC_Support/ewl/lib/armv6-m\libc.a(strlen.o)
 .debug_line    0x00009366      0x3bf C:/Freescale/CW MCU v10.6/MCU/ARM_GCC_Support/ewl/lib/armv6-m\libc.a(printformat_fp.o)
 .debug_line    0x00009725      0x2e3 C:/Freescale/CW MCU v10.6/MCU/ARM_GCC_Support/ewl/lib/armv6-m\libc.a(scanformat_fp.o)
 .debug_line    0x00009a08      0x1be C:/Freescale/CW MCU v10.6/MCU/ARM_GCC_Support/ewl/lib/armv6-m\libc.a(ctype_aeabi.o)
 .debug_line    0x00009bc6      0x30a C:/Freescale/CW MCU v10.6/MCU/ARM_GCC_Support/ewl/lib/armv6-m\libc.a(__strtold.o)
 .debug_line    0x00009ed0      0x11e C:/Freescale/CW MCU v10.6/MCU/ARM_GCC_Support/ewl/lib/armv6-m\libc.a(__strtoul.o)