Archive member included because of file (symbol)

C:/Freescale/CW MCU v10.6/MCU/ARM_GCC_Support/ewl/lib/armv6-m\libc.a(sprintf.o)
                              ./Sources/main.o (sprintf)
C:/Freescale/CW MCU v10.6/MCU/ARM_GCC_Support/ewl/lib/armv6-m\libc.a(sscanf.o)
                              ./Sources/Utiles.o (sscanf)
C:/Freescale/CW MCU v10.6/MCU/ARM_GCC_Support/ewl/lib/armv6-m\libc.a(vsnprintf.o)
                              C:/Freescale/CW MCU v10.6/MCU/ARM_GCC_Support/ewl/lib/armv6-m\libc.a(sprintf.o) (vsnprintf)
C:/Freescale/CW MCU v10.6/MCU/ARM_GCC_Support/ewl/lib/armv6-m\libc.a(vsscanf.o)
                              C:/Freescale/CW MCU v10.6/MCU/ARM_GCC_Support/ewl/lib/armv6-m\libc.a(sscanf.o) (vsscanf)
C:/Freescale/CW MCU v10.6/MCU/ARM_GCC_Support/ewl/lib/armv6-m\libc.a(alloc.o)
                              ./Sources/Utiles.o (malloc)
C:/Freescale/CW MCU v10.6/MCU/ARM_GCC_Support/ewl/lib/armv6-m\libc.a(exit.o)
                              ./Project_Settings/Startup_Code/__arm_start.o (exit)
C:/Freescale/CW MCU v10.6/MCU/ARM_GCC_Support/ewl/lib/armv6-m\libc.a(memcpy.o)
                              ./Sources/Utiles.o (memcpy)
C:/Freescale/CW MCU v10.6/MCU/ARM_GCC_Support/ewl/lib/armv6-m\libc.a(memset.o)
                              ./Project_Settings/Startup_Code/__arm_start.o (memset)
C:/Freescale/CW MCU v10.6/MCU/ARM_GCC_Support/ewl/lib/armv6-m\libc.a(strcmp.o)
                              ./Sources/main.o (strcmp)
C:/Freescale/CW MCU v10.6/MCU/ARM_GCC_Support/ewl/lib/armv6-m\libc.a(strlen.o)
                              ./Sources/Utiles.o (strlen)
C:/Freescale/CW MCU v10.6/MCU/ARM_GCC_Support/ewl/lib/armv6-m\libc.a(strtok.o)
                              ./Sources/Utiles.o (strtok)
C:/Freescale/CW MCU v10.6/MCU/ARM_GCC_Support/ewl/lib/armv6-m\libc.a(printformat_.o)
                              (__pformatter_)
C:/Freescale/CW MCU v10.6/MCU/ARM_GCC_Support/ewl/lib/armv6-m\libc.a(scanformat_.o)
                              (__sformatter)
C:/Freescale/CW MCU v10.6/MCU/ARM_GCC_Support/ewl/lib/armv6-m\libc.a(ctype_aeabi.o)
                              C:/Freescale/CW MCU v10.6/MCU/ARM_GCC_Support/ewl/lib/armv6-m\libc.a(scanformat_.o) (isspace)
C:/Freescale/CW MCU v10.6/MCU/ARM_GCC_Support/ewl/lib/armv6-m\libc.a(__strtoul.o)
                              C:/Freescale/CW MCU v10.6/MCU/ARM_GCC_Support/ewl/lib/armv6-m\libc.a(scanformat_.o) (__strtoul)
C:/Freescale/CW MCU v10.6/MCU/ARM_GCC_Support/ewl/lib/armv6-m\libc.a(__filll_mem.o)
                              C:/Freescale/CW MCU v10.6/MCU/ARM_GCC_Support/ewl/lib/armv6-m\libc.a(memset.o) (__fill_mem)
C:/Freescale/CW MCU v10.6/MCU/ARM_GCC_Support/ewl/lib/armv6-m\libc.a(memchr.o)
                              C:/Freescale/CW MCU v10.6/MCU/ARM_GCC_Support/ewl/lib/armv6-m\libc.a(printformat_.o) (memchr)
C:/Freescale/CW MCU v10.6/MCU/ARM_GCC_Support/ewl/lib/armv6-m\libc.a(strchr.o)
                              C:/Freescale/CW MCU v10.6/MCU/ARM_GCC_Support/ewl/lib/armv6-m\libc.a(printformat_.o) (strchr)
c:/freescale/cw mcu v10.6/cross_tools/arm-none-eabi-gcc-4_7_3/bin/../lib/gcc/arm-none-eabi/4.7.3/armv6-m\libgcc.a(_thumb1_case_sqi.o)
                              C:/Freescale/CW MCU v10.6/MCU/ARM_GCC_Support/ewl/lib/armv6-m\libc.a(__strtoul.o) (__gnu_thumb1_case_sqi)
c:/freescale/cw mcu v10.6/cross_tools/arm-none-eabi-gcc-4_7_3/bin/../lib/gcc/arm-none-eabi/4.7.3/armv6-m\libgcc.a(_thumb1_case_uqi.o)
                              C:/Freescale/CW MCU v10.6/MCU/ARM_GCC_Support/ewl/lib/armv6-m\libc.a(scanformat_.o) (__gnu_thumb1_case_uqi)
c:/freescale/cw mcu v10.6/cross_tools/arm-none-eabi-gcc-4_7_3/bin/../lib/gcc/arm-none-eabi/4.7.3/armv6-m\libgcc.a(_udivsi3.o)
                              ./Generated_Code/GI2C1.o (__aeabi_uidiv)
c:/freescale/cw mcu v10.6/cross_tools/arm-none-eabi-gcc-4_7_3/bin/../lib/gcc/arm-none-eabi/4.7.3/armv6-m\libgcc.a(_divsi3.o)
                              ./Sources/Utiles.o (__aeabi_idiv)
c:/freescale/cw mcu v10.6/cross_tools/arm-none-eabi-gcc-4_7_3/bin/../lib/gcc/arm-none-eabi/4.7.3/armv6-m\libgcc.a(_dvmd_tls.o)
                              c:/freescale/cw mcu v10.6/cross_tools/arm-none-eabi-gcc-4_7_3/bin/../lib/gcc/arm-none-eabi/4.7.3/armv6-m\libgcc.a(_udivsi3.o) (__aeabi_idiv0)
c:/freescale/cw mcu v10.6/cross_tools/arm-none-eabi-gcc-4_7_3/bin/../lib/gcc/arm-none-eabi/4.7.3/armv6-m\libgcc.a(_arm_cmpsf2.o)
                              ./Generated_Code/PwmLdd8.o (__aeabi_fcmpgt)
c:/freescale/cw mcu v10.6/cross_tools/arm-none-eabi-gcc-4_7_3/bin/../lib/gcc/arm-none-eabi/4.7.3/armv6-m\libgcc.a(_fixunssfsi.o)
                              ./Generated_Code/PwmLdd8.o (__aeabi_f2uiz)
c:/freescale/cw mcu v10.6/cross_tools/arm-none-eabi-gcc-4_7_3/bin/../lib/gcc/arm-none-eabi/4.7.3/armv6-m\libgcc.a(eqsf2.o)
                              c:/freescale/cw mcu v10.6/cross_tools/arm-none-eabi-gcc-4_7_3/bin/../lib/gcc/arm-none-eabi/4.7.3/armv6-m\libgcc.a(_arm_cmpsf2.o) (__eqsf2)
[...]
Memory Configuration

Name             Origin             Length             Attributes
m_interrupts     0x00000000         0x000000c0         xr
m_text           0x00000410         0x0003fbf0         xr
m_data           0x1fffe000         0x00008000         rw
m_cfmprotrom     0x00000400         0x00000010         xr
*default*        0x00000000         0xffffffff

Linker script and memory map

LOAD ./Generated_Code/WAIT1.o
LOAD ./Generated_Code/Vectors.o
LOAD ./Generated_Code/TU3.o
LOAD ./Generated_Code/TU2.o
LOAD ./Generated_Code/TU1.o
LOAD ./Generated_Code/Rng1Gal.o
LOAD ./Generated_Code/RingBuffer.o
LOAD ./Generated_Code/PwmLdd8.o
LOAD ./Generated_Code/PwmLdd7.o
LOAD ./Generated_Code/PwmLdd6.o
LOAD ./Generated_Code/PwmLdd5.o
LOAD ./Generated_Code/PwmLdd4.o
LOAD ./Generated_Code/PwmLdd3.o
LOAD ./Generated_Code/PwmLdd2.o
LOAD ./Generated_Code/PwmLdd1.o
LOAD ./Generated_Code/PE_LDD.o
LOAD ./Generated_Code/Oruga2ForwardPWM.o
LOAD ./Generated_Code/Oruga2BackwardPWM.o
LOAD ./Generated_Code/Oruga1ForwardPWM.o
LOAD ./Generated_Code/Oruga1BackwardPWM.o
LOAD ./Generated_Code/MAG1.o
LOAD ./Generated_Code/Luz.o
LOAD ./Generated_Code/GI2C1.o
LOAD ./Generated_Code/Cpu.o
LOAD ./Generated_Code/ComGalileo.o
LOAD ./Generated_Code/CI2C1.o
LOAD ./Generated_Code/Buzzer.o
LOAD ./Generated_Code/BrazoPostForwardPWM.o
LOAD ./Generated_Code/BrazoPostBackwardPWM.o
LOAD ./Generated_Code/BrazoFrontalForwardPWM.o
LOAD ./Generated_Code/BrazoFrontalBackwardPWM.o
LOAD ./Generated_Code/BitsIoLdd1.o
LOAD ./Generated_Code/BitIoLdd2.o
LOAD ./Generated_Code/BitIoLdd1.o
LOAD ./Generated_Code/BateriaInput.o
LOAD ./Generated_Code/AdcTemp.o
LOAD ./Generated_Code/AdcLdd1.o
LOAD ./Generated_Code/Acelerometro.o
LOAD ./Generated_Code/AS1.o
LOAD ./Project_Settings/Startup_Code/__arm_start.o
LOAD ./Project_Settings/Startup_Code/__arm_end.o
LOAD ./Sources/sa_mtb.o
LOAD ./Sources/main.o
LOAD ./Sources/Utiles.o
LOAD ./Sources/Events.o
LOAD ./Sources/Comunicacion.o
LOAD ./Sources/Actuadores.o
                0x00004b8c                __pformatter = __pformatter_
                [0x00004fb4]                __sformatter = __sformatter
START GROUP
LOAD C:/Freescale/CW MCU v10.6/MCU/ARM_GCC_Support/ewl/lib/armv6-m\libc.a
LOAD C:/Freescale/CW MCU v10.6/MCU/ARM_GCC_Support/ewl/lib/armv6-m\libm.a
LOAD c:/freescale/cw mcu v10.6/cross_tools/arm-none-eabi-gcc-4_7_3/bin/../lib/gcc/arm-none-eabi/4.7.3/armv6-m\libgcc.a
LOAD C:/Freescale/CW MCU v10.6/MCU/ARM_GCC_Support/ewl/lib/armv6-m\librt.a
LOAD C:/Freescale/CW MCU v10.6/MCU/ARM_GCC_Support/ewl/lib/armv6-m\libuart.a
END GROUP
                0x20006000                _estack = 0x20006000
                0x20006000                __SP_INIT = _estack
                0x00000000                __heap_size = 0x0
                0x00000400                __stack_size = 0x400

.interrupts     0x00000000       0xc0
                0x00000000                __vector_table = .
                0x00000000                . = ALIGN (0x4)
 *(.vectortable)
 .vectortable   0x00000000       0xc0 ./Generated_Code/Vectors.o
                0x00000000                __vect_table
                0x000000c0                . = ALIGN (0x4)

.cfmprotect     0x00000400       0x10
                0x00000400                . = ALIGN (0x4)
 *(.cfmconfig)
 .cfmconfig     0x00000400       0x10 ./Generated_Code/Cpu.o
                0x00000400                _cfm
                0x00000410                . = ALIGN (0x4)

.text           0x00000410     0x58b4
                0x00000410                . = ALIGN (0x4)
 *(.text)
 .text          0x00000410       0x14 c:/freescale/cw mcu v10.6/cross_tools/arm-none-eabi-gcc-4_7_3/bin/../lib/gcc/arm-none-eabi/4.7.3/armv6-m\libgcc.a(_thumb1_case_sqi.o)
                0x00000410                __gnu_thumb1_case_sqi
 .text          0x00000424       0x14 c:/freescale/cw mcu v10.6/cross_tools/arm-none-eabi-gcc-4_7_3/bin/../lib/gcc/arm-none-eabi/4.7.3/armv6-m\libgcc.a(_thumb1_case_uqi.o)
                0x00000424                __gnu_thumb1_case_uqi
 .text          0x00000438       0x9c c:/freescale/cw mcu v10.6/cross_tools/arm-none-eabi-gcc-4_7_3/bin/../lib/gcc/arm-none-eabi/4.7.3/armv6-m\libgcc.a(_udivsi3.o)
                0x00000438                __aeabi_uidiv
                0x00000438                __udivsi3
                0x000004c0                __aeabi_uidivmod
 .text          0x000004d4       0xc0 c:/freescale/cw mcu v10.6/cross_tools/arm-none-eabi-gcc-4_7_3/bin/../lib/gcc/arm-none-eabi/4.7.3/armv6-m\libgcc.a(_divsi3.o)
                0x000004d4                __divsi3
                0x000004d4                __aeabi_idiv
                0x00000580                __aeabi_idivmod
 .text          0x00000594        0x4 c:/freescale/cw mcu v10.6/cross_tools/arm-none-eabi-gcc-4_7_3/bin/../lib/gcc/arm-none-eabi/4.7.3/armv6-m\libgcc.a(_dvmd_tls.o)
                0x00000594                __aeabi_idiv0
                0x00000594                __aeabi_ldiv0
 .text          0x00000598       0x74 c:/freescale/cw mcu v10.6/cross_tools/arm-none-eabi-gcc-4_7_3/bin/../lib/gcc/arm-none-eabi/4.7.3/armv6-m\libgcc.a(_arm_cmpsf2.o)
                0x00000598                __aeabi_cfrcmple
                0x000005a0                __aeabi_cfcmpeq
                0x000005a0                __aeabi_cfcmple
                0x000005b0                __aeabi_fcmpeq
                0x000005bc                __aeabi_fcmplt
                0x000005d0                __aeabi_fcmple
                0x000005e4                __aeabi_fcmpgt
                0x000005f8                __aeabi_fcmpge
 .text          0x0000060c       0x30 c:/freescale/cw mcu v10.6/cross_tools/arm-none-eabi-gcc-4_7_3/bin/../lib/gcc/arm-none-eabi/4.7.3/armv6-m\libgcc.a(_fixunssfsi.o)
                0x0000060c                __fixunssfsi
                0x0000060c                __aeabi_f2uiz
 .text          0x0000063c       0x50 c:/freescale/cw mcu v10.6/cross_tools/arm-none-eabi-gcc-4_7_3/bin/../lib/gcc/arm-none-eabi/4.7.3/armv6-m\libgcc.a(eqsf2.o)
                0x0000063c                __eqsf2
                0x0000063c                __nesf2
 .text          0x0000068c       0x90 c:/freescale/cw mcu v10.6/cross_tools/arm-none-eabi-gcc-4_7_3/bin/../lib/gcc/arm-none-eabi/4.7.3/armv6-m\libgcc.a(gesf2.o)
                0x0000068c                __gesf2
                0x0000068c                __gtsf2
 .text          0x0000071c       0x90 c:/freescale/cw mcu v10.6/cross_tools/arm-none-eabi-gcc-4_7_3/bin/../lib/gcc/arm-none-eabi/4.7.3/armv6-m\libgcc.a(lesf2.o)
                0x0000071c                __ltsf2
                0x0000071c                __lesf2
 .text          0x000007ac      0x260 c:/freescale/cw mcu v10.6/cross_tools/arm-none-eabi-gcc-4_7_3/bin/../lib/gcc/arm-none-eabi/4.7.3/armv6-m\libgcc.a(mulsf3.o)
                0x000007ac                __aeabi_fmul
 .text          0x00000a0c      0x3ac c:/freescale/cw mcu v10.6/cross_tools/arm-none-eabi-gcc-4_7_3/bin/../lib/gcc/arm-none-eabi/4.7.3/armv6-m\libgcc.a(subsf3.o)
                0x00000a0c                __aeabi_fsub
 .text          0x00000db8       0x40 c:/freescale/cw mcu v10.6/cross_tools/arm-none-eabi-gcc-4_7_3/bin/../lib/gcc/arm-none-eabi/4.7.3/armv6-m\libgcc.a(fixsfsi.o)
                0x00000db8                __aeabi_f2iz
 .text          0x00000df8       0xa8 c:/freescale/cw mcu v10.6/cross_tools/arm-none-eabi-gcc-4_7_3/bin/../lib/gcc/arm-none-eabi/4.7.3/armv6-m\libgcc.a(floatsisf.o)
                0x00000df8                __aeabi_i2f
 .text          0x00000ea0       0x3c c:/freescale/cw mcu v10.6/cross_tools/arm-none-eabi-gcc-4_7_3/bin/../lib/gcc/arm-none-eabi/4.7.3/armv6-m\libgcc.a(_clzsi2.o)
                0x00000ea0                __clzsi2
 *(.text*)
 .text.WAIT1_Wait10Cycles
                0x00000edc        0x8 ./Generated_Code/WAIT1.o
                0x00000edc                WAIT1_Wait10Cycles
 .text.WAIT1_Wait100Cycles
                0x00000ee4       0x18 ./Generated_Code/WAIT1.o
                0x00000ee4                WAIT1_Wait100Cycles
 .text.WAIT1_WaitCycles
                0x00000efc       0x44 ./Generated_Code/WAIT1.o
                0x00000efc                WAIT1_WaitCycles
 .text.WAIT1_WaitLongCycles
                0x00000f40       0x3c ./Generated_Code/WAIT1.o
                0x00000f40                WAIT1_WaitLongCycles
 .text.WAIT1_Waitms
                0x00000f7c       0x38 ./Generated_Code/WAIT1.o
                0x00000f7c                WAIT1_Waitms
 .text.TU3_Init
                0x00000fb4      0x13c ./Generated_Code/TU3.o
                0x00000fb4                TU3_Init
 .text.TU3_GetPeriodTicks
                0x000010f0       0x3c ./Generated_Code/TU3.o
                0x000010f0                TU3_GetPeriodTicks
 .text.TU3_SetOffsetTicks
                0x0000112c       0x58 ./Generated_Code/TU3.o
                0x0000112c                TU3_SetOffsetTicks
 .text.TU2_Init
                0x00001184       0xe4 ./Generated_Code/TU2.o
                0x00001184                TU2_Init
 .text.TU2_GetPeriodTicks
                0x00001268       0x3c ./Generated_Code/TU2.o
                0x00001268                TU2_GetPeriodTicks
 .text.TU2_SetOffsetTicks
                0x000012a4       0x58 ./Generated_Code/TU2.o
                0x000012a4                TU2_SetOffsetTicks
 .text.TU1_Init
                0x000012fc       0xe4 ./Generated_Code/TU1.o
                0x000012fc                TU1_Init
 .text.TU1_GetPeriodTicks
                0x000013e0       0x3c ./Generated_Code/TU1.o
                0x000013e0                TU1_GetPeriodTicks
 .text.TU1_SetOffsetTicks
                0x0000141c       0x58 ./Generated_Code/TU1.o
                0x0000141c                TU1_SetOffsetTicks
 .text.Rng1Gal_Init
                0x00001474       0x28 ./Generated_Code/Rng1Gal.o
                0x00001474                Rng1Gal_Init
 .text.RingBuffer_Put
                0x0000149c       0xc0 ./Generated_Code/RingBuffer.o
                0x0000149c                RingBuffer_Put
 .text.RingBuffer_Get
                0x0000155c       0xbc ./Generated_Code/RingBuffer.o
                0x0000155c                RingBuffer_Get
 .text.RingBuffer_NofElements
                0x00001618       0x14 ./Generated_Code/RingBuffer.o
                0x00001618                RingBuffer_NofElements
 .text.RingBuffer_Init
                0x0000162c       0x28 ./Generated_Code/RingBuffer.o
                0x0000162c                RingBuffer_Init
 .text.PwmLdd8_Init
                0x00001654       0x58 ./Generated_Code/PwmLdd8.o
                0x00001654                PwmLdd8_Init
 .text.PwmLdd8_SetDutyUS
                0x000016ac       0x78 ./Generated_Code/PwmLdd8.o
                0x000016ac                PwmLdd8_SetDutyUS
 .text.SetRatio
                0x00001724       0x68 ./Generated_Code/PwmLdd8.o
 .text.PwmLdd7_Init
                0x0000178c       0x58 ./Generated_Code/PwmLdd7.o
                0x0000178c                PwmLdd7_Init
 .text.PwmLdd7_SetDutyUS
                0x000017e4       0x78 ./Generated_Code/PwmLdd7.o
                0x000017e4                PwmLdd7_SetDutyUS
 .text.SetRatio
                0x0000185c       0x68 ./Generated_Code/PwmLdd7.o
 .text.PwmLdd6_Init
                0x000018c4       0x58 ./Generated_Code/PwmLdd6.o
                0x000018c4                PwmLdd6_Init
 .text.PwmLdd6_SetDutyUS
                0x0000191c       0x78 ./Generated_Code/PwmLdd6.o
                0x0000191c                PwmLdd6_SetDutyUS
 .text.SetRatio
                0x00001994       0x68 ./Generated_Code/PwmLdd6.o
 .text.PwmLdd5_Init
                0x000019fc       0x58 ./Generated_Code/PwmLdd5.o
                0x000019fc                PwmLdd5_Init
 .text.PwmLdd5_SetDutyUS
                0x00001a54       0x78 ./Generated_Code/PwmLdd5.o
                0x00001a54                PwmLdd5_SetDutyUS
 .text.SetRatio
                0x00001acc       0x68 ./Generated_Code/PwmLdd5.o
 .text.PwmLdd4_Init
                0x00001b34       0x58 ./Generated_Code/PwmLdd4.o
                0x00001b34                PwmLdd4_Init
 .text.PwmLdd4_SetDutyUS
                0x00001b8c       0x78 ./Generated_Code/PwmLdd4.o
                0x00001b8c                PwmLdd4_SetDutyUS
 .text.SetRatio
                0x00001c04       0x68 ./Generated_Code/PwmLdd4.o
 .text.PwmLdd3_Init
                0x00001c6c       0x58 ./Generated_Code/PwmLdd3.o
                0x00001c6c                PwmLdd3_Init
 .text.PwmLdd3_SetDutyUS
                0x00001cc4       0x78 ./Generated_Code/PwmLdd3.o
                0x00001cc4                PwmLdd3_SetDutyUS
 .text.SetRatio
                0x00001d3c       0x68 ./Generated_Code/PwmLdd3.o
 .text.PwmLdd2_Init
                0x00001da4       0x58 ./Generated_Code/PwmLdd2.o
                0x00001da4                PwmLdd2_Init
 .text.PwmLdd2_SetDutyUS
                0x00001dfc       0x78 ./Generated_Code/PwmLdd2.o
                0x00001dfc                PwmLdd2_SetDutyUS
 .text.SetRatio
                0x00001e74       0x68 ./Generated_Code/PwmLdd2.o
 .text.PwmLdd1_Init
                0x00001edc       0x58 ./Generated_Code/PwmLdd1.o
                0x00001edc                PwmLdd1_Init
 .text.MAG1_Init
                0x00001f34        0xc ./Generated_Code/MAG1.o
                0x00001f34                MAG1_Init
 .text.MAG1_GetX
                0x00001f40       0x4c ./Generated_Code/MAG1.o
                0x00001f40                MAG1_GetX
 .text.MAG1_GetY
                0x00001f8c       0x4c ./Generated_Code/MAG1.o
                0x00001f8c                MAG1_GetY
 .text.MAG1_GetZ
                0x00001fd8       0x4c ./Generated_Code/MAG1.o
                0x00001fd8                MAG1_GetZ
 .text.GI2C1_SelectSlave
                0x00002024       0x38 ./Generated_Code/GI2C1.o
                0x00002024                GI2C1_SelectSlave
 .text.GI2C1_UnselectSlave
                0x0000205c        0xc ./Generated_Code/GI2C1.o
                0x0000205c                GI2C1_UnselectSlave
 .text.GI2C1_ReadAddress
                0x00002068       0xd8 ./Generated_Code/GI2C1.o
                0x00002068                GI2C1_ReadAddress
 .text.GI2C1_WriteAddress
                0x00002140      0x140 ./Generated_Code/GI2C1.o
                0x00002140                GI2C1_WriteAddress
 .text.CI2C1_OnMasterBlockSent
                0x00002280       0x24 ./Generated_Code/GI2C1.o
                0x00002280                CI2C1_OnMasterBlockSent
 .text.CI2C1_OnMasterBlockReceived
                0x000022a4       0x24 ./Generated_Code/GI2C1.o
                0x000022a4                CI2C1_OnMasterBlockReceived
 .text.GI2C1_Init
                0x000022c8       0x24 ./Generated_Code/GI2C1.o
                0x000022c8                GI2C1_Init
 .text.GI2C1_ReadByteAddress8
                0x000022ec       0x34 ./Generated_Code/GI2C1.o
                0x000022ec                GI2C1_ReadByteAddress8
 .text.GI2C1_WriteByteAddress8
                0x00002320       0x34 ./Generated_Code/GI2C1.o
                0x00002320                GI2C1_WriteByteAddress8
 .text.Cpu_INT_NMIInterrupt
                0x00002354        0xc ./Generated_Code/Cpu.o
                0x00002354                Cpu_INT_NMIInterrupt
 .text.Cpu_Interrupt
                0x00002360        0xc ./Generated_Code/Cpu.o
                0x00002360                Cpu_Interrupt
 .text.__init_hardware
                0x0000236c      0x118 ./Generated_Code/Cpu.o
                0x0000236c                __init_hardware
 .text.PE_low_level_init
                0x00002484      0x11c ./Generated_Code/Cpu.o
                0x00002484                PE_low_level_init
 .text.ComGalileo_Init
                0x000025a0      0x1b0 ./Generated_Code/ComGalileo.o
                0x000025a0                ComGalileo_Init
 .text.ComGalileo_ReceiveBlock
                0x00002750       0x98 ./Generated_Code/ComGalileo.o
                0x00002750                ComGalileo_ReceiveBlock
 .text.ComGalileo_SendBlock
                0x000027e8       0xc4 ./Generated_Code/ComGalileo.o
                0x000027e8                ComGalileo_SendBlock
 .text.InterruptRx
                0x000028ac       0x58 ./Generated_Code/ComGalileo.o
 .text.InterruptTx
                0x00002904       0x80 ./Generated_Code/ComGalileo.o
 .text.ComGalileo_Interrupt
                0x00002984       0x6c ./Generated_Code/ComGalileo.o
                0x00002984                ComGalileo_Interrupt
 .text.CI2C1_Interrupt
                0x000029f0      0x278 ./Generated_Code/CI2C1.o
                0x000029f0                CI2C1_Interrupt
 .text.CI2C1_Init
                0x00002c68      0x114 ./Generated_Code/CI2C1.o
                0x00002c68                CI2C1_Init
 .text.CI2C1_MasterSendBlock
                0x00002d7c      0x19c ./Generated_Code/CI2C1.o
                0x00002d7c                CI2C1_MasterSendBlock
 .text.CI2C1_MasterReceiveBlock
                0x00002f18      0x19c ./Generated_Code/CI2C1.o
                0x00002f18                CI2C1_MasterReceiveBlock
 .text.CI2C1_SelectSlaveDevice
                0x000030b4      0x100 ./Generated_Code/CI2C1.o
                0x000030b4                CI2C1_SelectSlaveDevice
 .text.BitsIoLdd1_Init
                0x000031b4       0x98 ./Generated_Code/BitsIoLdd1.o
                0x000031b4                BitsIoLdd1_Init
 .text.BitIoLdd2_Init
                0x0000324c       0x68 ./Generated_Code/BitIoLdd2.o
                0x0000324c                BitIoLdd2_Init
 .text.BitIoLdd2_NegVal
                0x000032b4       0x1c ./Generated_Code/BitIoLdd2.o
                0x000032b4                BitIoLdd2_NegVal
 .text.BitIoLdd1_Init
                0x000032d0       0x68 ./Generated_Code/BitIoLdd1.o
                0x000032d0                BitIoLdd1_Init
 .text.BitIoLdd1_NegVal
                0x00003338       0x1c ./Generated_Code/BitIoLdd1.o
                0x00003338                BitIoLdd1_NegVal
 .text.AdcTemp_HWEnDi
                0x00003354       0x48 ./Generated_Code/AdcTemp.o
                0x00003354                AdcTemp_HWEnDi
 .text.PE_AdcTemp_MeasureChan
                0x0000339c       0x48 ./Generated_Code/AdcTemp.o
                0x0000339c                PE_AdcTemp_MeasureChan
 .text.PE_AdcTemp_GetChanValue
                0x000033e4       0x34 ./Generated_Code/AdcTemp.o
                0x000033e4                PE_AdcTemp_GetChanValue
 .text.AdcLdd1_OnMeasurementComplete
                0x00003418       0x5c ./Generated_Code/AdcTemp.o
                0x00003418                AdcLdd1_OnMeasurementComplete
 .text.AdcTemp_Init
                0x00003474       0x2c ./Generated_Code/AdcTemp.o
                0x00003474                AdcTemp_Init
 .text.AdcLdd1_Init
                0x000034a0       0xbc ./Generated_Code/AdcLdd1.o
                0x000034a0                AdcLdd1_Init
 .text.AdcLdd1_StartSingleMeasurement
                0x0000355c       0x44 ./Generated_Code/AdcLdd1.o
                0x0000355c                AdcLdd1_StartSingleMeasurement
 .text.AdcLdd1_CreateSampleGroup
                0x000035a0       0x6c ./Generated_Code/AdcLdd1.o
                0x000035a0                AdcLdd1_CreateSampleGroup
 .text.AdcLdd1_GetMeasuredValues
                0x0000360c       0x60 ./Generated_Code/AdcLdd1.o
                0x0000360c                AdcLdd1_GetMeasuredValues
 .text.AdcLdd1_GetCalibrationResultStatus
                0x0000366c       0xb8 ./Generated_Code/AdcLdd1.o
                0x0000366c                AdcLdd1_GetCalibrationResultStatus
 .text.AdcLdd1_MeasurementCompleteInterrupt
                0x00003724       0x30 ./Generated_Code/AdcLdd1.o
                0x00003724                AdcLdd1_MeasurementCompleteInterrupt
 .text.Acelerometro_CalibrateX1g
                0x00003754       0xb0 ./Generated_Code/Acelerometro.o
                0x00003754                Acelerometro_CalibrateX1g
 .text.Acelerometro_CalibrateY1g
                0x00003804       0xb0 ./Generated_Code/Acelerometro.o
                0x00003804                Acelerometro_CalibrateY1g
 .text.Acelerometro_CalibrateZ1g
                0x000038b4       0xb0 ./Generated_Code/Acelerometro.o
                0x000038b4                Acelerometro_CalibrateZ1g
 .text.Acelerometro_GetXmg
                0x00003964       0x1c ./Generated_Code/Acelerometro.o
                0x00003964                Acelerometro_GetXmg
 .text.Acelerometro_GetYmg
                0x00003980       0x1c ./Generated_Code/Acelerometro.o
                0x00003980                Acelerometro_GetYmg
 .text.Acelerometro_GetZmg
                0x0000399c       0x1c ./Generated_Code/Acelerometro.o
                0x0000399c                Acelerometro_GetZmg
 .text.Acelerometro_MeasureGetRawX
                0x000039b8       0x40 ./Generated_Code/Acelerometro.o
                0x000039b8                Acelerometro_MeasureGetRawX
 .text.Acelerometro_MeasureGetRawY
                0x000039f8       0x40 ./Generated_Code/Acelerometro.o
                0x000039f8                Acelerometro_MeasureGetRawY
 .text.Acelerometro_MeasureGetRawZ
                0x00003a38       0x40 ./Generated_Code/Acelerometro.o
                0x00003a38                Acelerometro_MeasureGetRawZ
 .text.Acelerometro_GetX
                0x00003a78       0x3c ./Generated_Code/Acelerometro.o
                0x00003a78                Acelerometro_GetX
 .text.Acelerometro_GetY
                0x00003ab4       0x3c ./Generated_Code/Acelerometro.o
                0x00003ab4                Acelerometro_GetY
 .text.Acelerometro_GetZ
                0x00003af0       0x3c ./Generated_Code/Acelerometro.o
                0x00003af0                Acelerometro_GetZ
 .text.Acelerometro_Enable
                0x00003b2c       0x64 ./Generated_Code/Acelerometro.o
                0x00003b2c                Acelerometro_Enable
 .text.InterruptRx
                0x00003b90       0x58 ./Generated_Code/AS1.o
 .text.InterruptTx
                0x00003be8       0x80 ./Generated_Code/AS1.o
 .text.AS1_Interrupt
                0x00003c68       0x64 ./Generated_Code/AS1.o
                0x00003c68                AS1_Interrupt
 .text.zero_fill_bss
                0x00003ccc       0x24 ./Project_Settings/Startup_Code/__arm_start.o
 .text.__thumb_startup
                0x00003cf0       0x30 ./Project_Settings/Startup_Code/__arm_start.o
                0x00003cf0                __thumb_startup
 .text._ExitProcess
                0x00003d20        0xc ./Project_Settings/Startup_Code/__arm_end.o
                0x00003d20                _ExitProcess
 .text.interpretarEtiqueta
                0x00003d2c      0x190 ./Sources/main.o
                0x00003d2c                interpretarEtiqueta
 .text.main     0x00003ebc      0x2a8 ./Sources/main.o
                0x00003ebc                main
 .text.initEspacioMemoria
                0x00004164       0x1c ./Sources/Utiles.o
                0x00004164                initEspacioMemoria
 .text.split    0x00004180       0xa8 ./Sources/Utiles.o
                0x00004180                split
 .text.parseInt
                0x00004228       0x28 ./Sources/Utiles.o
                0x00004228                parseInt
 .text.map      0x00004250       0x3c ./Sources/Utiles.o
                0x00004250                map
 .text.Cpu_OnNMIINT
                0x0000428c        0x8 ./Sources/Events.o
                0x0000428c                Cpu_OnNMIINT
 .text.ComGalileo_OnBlockReceived
                0x00004294       0x30 ./Sources/Events.o
                0x00004294                ComGalileo_OnBlockReceived
 .text.ComGalileo_OnBlockSent
                0x000042c4       0x18 ./Sources/Events.o
                0x000042c4                ComGalileo_OnBlockSent
 .text.AdcTemp_OnEnd
                0x000042dc        0x8 ./Sources/Events.o
                0x000042dc                AdcTemp_OnEnd
 .text.AdcTemp_OnCalibrationEnd
                0x000042e4        0x8 ./Sources/Events.o
                0x000042e4                AdcTemp_OnCalibrationEnd
 .text.AS1_OnBlockReceived
                0x000042ec       0x10 ./Sources/Events.o
                0x000042ec                AS1_OnBlockReceived
 .text.AS1_OnBlockSent
                0x000042fc       0x10 ./Sources/Events.o
                0x000042fc                AS1_OnBlockSent
 .text.initComunicacion
                0x0000430c       0x50 ./Sources/Comunicacion.o
                0x0000430c                initComunicacion
 .text.SendChar
                0x0000435c       0x40 ./Sources/Comunicacion.o
 .text.SendString
                0x0000439c       0x30 ./Sources/Comunicacion.o
 .text.mandarCadena
                0x000043cc       0x20 ./Sources/Comunicacion.o
                0x000043cc                mandarCadena
 .text.moverBrazos
                0x000043ec       0x5c ./Sources/Actuadores.o
                0x000043ec                moverBrazos
 .text.setPWMsBrazos
                0x00004448       0xe0 ./Sources/Actuadores.o
                0x00004448                setPWMsBrazos
 .text.moverOrugas
                0x00004528       0x5c ./Sources/Actuadores.o
                0x00004528                moverOrugas
 .text.setPWMsOrugas
                0x00004584       0xe0 ./Sources/Actuadores.o
                0x00004584                setPWMsOrugas
 .text.toogleIluminacion
                0x00004664       0x18 ./Sources/Actuadores.o
                0x00004664                toogleIluminacion
 .text.toggleBuzzer
                0x0000467c       0x18 ./Sources/Actuadores.o
                0x0000467c                toggleBuzzer
 .text.sprintf  0x00004694       0x1a C:/Freescale/CW MCU v10.6/MCU/ARM_GCC_Support/ewl/lib/armv6-m\libc.a(sprintf.o)
                0x00004694                sprintf
 .text.sscanf   0x000046ae       0x18 C:/Freescale/CW MCU v10.6/MCU/ARM_GCC_Support/ewl/lib/armv6-m\libc.a(sscanf.o)
                0x000046ae                sscanf
 .text.__StringWrite
                0x000046c6       0x26 C:/Freescale/CW MCU v10.6/MCU/ARM_GCC_Support/ewl/lib/armv6-m\libc.a(vsnprintf.o)
                0x000046c6                __StringWrite
 .text.vsnprintf
                0x000046ec       0x38 C:/Freescale/CW MCU v10.6/MCU/ARM_GCC_Support/ewl/lib/armv6-m\libc.a(vsnprintf.o)
                0x000046ec                vsnprintf
 .text.__StringRead
                0x00004724       0x3c C:/Freescale/CW MCU v10.6/MCU/ARM_GCC_Support/ewl/lib/armv6-m\libc.a(vsscanf.o)
                0x00004724                __StringRead
 .text.vsscanf  0x00004760       0x30 C:/Freescale/CW MCU v10.6/MCU/ARM_GCC_Support/ewl/lib/armv6-m\libc.a(vsscanf.o)
                0x00004760                vsscanf
 .text.sbrk     0x00004790       0x2c C:/Freescale/CW MCU v10.6/MCU/ARM_GCC_Support/ewl/lib/armv6-m\libc.a(alloc.o)
                0x00004790                sbrk
 .text.malloc   0x000047bc      0x114 C:/Freescale/CW MCU v10.6/MCU/ARM_GCC_Support/ewl/lib/armv6-m\libc.a(alloc.o)
                0x000047bc                malloc
 .text.exit     0x000048d0       0x38 C:/Freescale/CW MCU v10.6/MCU/ARM_GCC_Support/ewl/lib/armv6-m\libc.a(exit.o)
                0x000048d0                exit
 .text.memcpy   0x00004908       0x12 C:/Freescale/CW MCU v10.6/MCU/ARM_GCC_Support/ewl/lib/armv6-m\libc.a(memcpy.o)
                0x00004908                memcpy
 .text.memset   0x0000491a        0xc C:/Freescale/CW MCU v10.6/MCU/ARM_GCC_Support/ewl/lib/armv6-m\libc.a(memset.o)
                0x0000491a                memset
 .text.strcmp   0x00004926       0x1c C:/Freescale/CW MCU v10.6/MCU/ARM_GCC_Support/ewl/lib/armv6-m\libc.a(strcmp.o)
                0x00004926                strcmp
 .text.strlen   0x00004942       0x10 C:/Freescale/CW MCU v10.6/MCU/ARM_GCC_Support/ewl/lib/armv6-m\libc.a(strlen.o)
                0x00004942                strlen
 *fill*         0x00004952        0x2 00
 .text.strtok   0x00004954       0x9c C:/Freescale/CW MCU v10.6/MCU/ARM_GCC_Support/ewl/lib/armv6-m\libc.a(strtok.o)
                0x00004954                strtok
 .text.long2str.isra.0
                0x000049f0      0x19c C:/Freescale/CW MCU v10.6/MCU/ARM_GCC_Support/ewl/lib/armv6-m\libc.a(printformat_.o)
 .text.__pformatter_
                0x00004b8c      0x428 C:/Freescale/CW MCU v10.6/MCU/ARM_GCC_Support/ewl/lib/armv6-m\libc.a(printformat_.o)
                0x00004b8c                __pformatter_
 .text.__sformatter
                0x00004fb4      0x698 C:/Freescale/CW MCU v10.6/MCU/ARM_GCC_Support/ewl/lib/armv6-m\libc.a(scanformat_.o)
                0x00004fb4                __sformatter
 .text.isalpha  0x0000564c       0x20 C:/Freescale/CW MCU v10.6/MCU/ARM_GCC_Support/ewl/lib/armv6-m\libc.a(ctype_aeabi.o)
                0x0000564c                isalpha
 .text.isspace  0x0000566c       0x20 C:/Freescale/CW MCU v10.6/MCU/ARM_GCC_Support/ewl/lib/armv6-m\libc.a(ctype_aeabi.o)
                0x0000566c                isspace
 .text.toupper  0x0000568c        0xe C:/Freescale/CW MCU v10.6/MCU/ARM_GCC_Support/ewl/lib/armv6-m\libc.a(ctype_aeabi.o)
                0x0000568c                toupper
 .text.__strtoul
                0x0000569a      0x1ce C:/Freescale/CW MCU v10.6/MCU/ARM_GCC_Support/ewl/lib/armv6-m\libc.a(__strtoul.o)
                0x0000569a                __strtoul
 .text.__fill_mem
                0x00005868       0x7e C:/Freescale/CW MCU v10.6/MCU/ARM_GCC_Support/ewl/lib/armv6-m\libc.a(__filll_mem.o)
                0x00005868                __fill_mem
 .text.memchr   0x000058e6       0x1a C:/Freescale/CW MCU v10.6/MCU/ARM_GCC_Support/ewl/lib/armv6-m\libc.a(memchr.o)
                0x000058e6                memchr
 .text.strchr   0x00005900       0x1e C:/Freescale/CW MCU v10.6/MCU/ARM_GCC_Support/ewl/lib/armv6-m\libc.a(strchr.o)
                0x00005900                strchr
 *fill*         0x0000591e        0x2 00
 .text.__init_cpp
                0x00005920       0x48 C:/Freescale/CW MCU v10.6/MCU/ARM_GCC_Support/ewl/lib/armv6-m\librt.a(gcc_ctor_dtor.o)
                0x00005920                __init_cpp
 .text.__fini_cpp
                0x00005968       0x34 C:/Freescale/CW MCU v10.6/MCU/ARM_GCC_Support/ewl/lib/armv6-m\librt.a(gcc_ctor_dtor.o)
                0x00005968                __fini_cpp
 .text.__copy_rom_section
                0x0000599c       0x48 C:/Freescale/CW MCU v10.6/MCU/ARM_GCC_Support/ewl/lib/armv6-m\librt.a(ROMCopy.o)
                0x0000599c                __copy_rom_section
 .text.__copy_rom_sections_to_ram
                0x000059e4       0x34 C:/Freescale/CW MCU v10.6/MCU/ARM_GCC_Support/ewl/lib/armv6-m\librt.a(ROMCopy.o)
                0x000059e4                __copy_rom_sections_to_ram
 .text.__destroy_global_chain
                0x00005a18       0x1c C:/Freescale/CW MCU v10.6/MCU/ARM_GCC_Support/ewl/lib/armv6-m\librt.a(__arm_eabi_init.o)
                0x00005a18                __destroy_global_chain
 .text.__init_registers
                0x00005a34       0x1c C:/Freescale/CW MCU v10.6/MCU/ARM_GCC_Support/ewl/lib/armv6-m\librt.a(__arm_eabi_init.o)
                0x00005a34                __init_registers
 .text.__init_user
                0x00005a50        0x4 C:/Freescale/CW MCU v10.6/MCU/ARM_GCC_Support/ewl/lib/armv6-m\librt.a(__arm_eabi_init.o)
                0x00005a50                __init_user
 *(.rodata)
 .rodata        0x00005a54       0xcc ./Sources/main.o
 .rodata        0x00005b20        0xc ./Sources/Utiles.o
 .rodata        0x00005b2c       0x40 c:/freescale/cw mcu v10.6/cross_tools/arm-none-eabi-gcc-4_7_3/bin/../lib/gcc/arm-none-eabi/4.7.3/armv6-m\libgcc.a(mulsf3.o)
 *(.rodata*)
 .rodata.ChannelDevice
                0x00005b6c        0x4 ./Generated_Code/TU3.o
 .rodata.ChannelMode
                0x00005b70        0x4 ./Generated_Code/TU3.o
 .rodata.ChannelDevice
                0x00005b74        0x4 ./Generated_Code/TU2.o
 .rodata.ChannelMode
                0x00005b78        0x4 ./Generated_Code/TU2.o
 .rodata.ChannelDevice
                0x00005b7c        0x4 ./Generated_Code/TU1.o
 .rodata.ChannelMode
                0x00005b80        0x4 ./Generated_Code/TU1.o
 .rodata.addr.5753
                0x00005b84        0x1 ./Generated_Code/MAG1.o
 .rodata.addr.5745
                0x00005b85        0x1 ./Generated_Code/MAG1.o
 .rodata.addr.5737
                0x00005b86        0x1 ./Generated_Code/MAG1.o
 *fill*         0x00005b87        0x1 00
 .rodata.ChannelToPin
                0x00005b88        0x4 ./Generated_Code/AdcLdd1.o
 .rodata.addr.5819
                0x00005b8c        0x1 ./Generated_Code/Acelerometro.o
 .rodata.addr.5811
                0x00005b8d        0x1 ./Generated_Code/Acelerometro.o
 .rodata.addr.5803
                0x00005b8e        0x1 ./Generated_Code/Acelerometro.o
 *fill*         0x00005b8f        0x1 00
 .rodata.main   0x00005b90       0x28 ./Sources/main.o
 .rodata.str1.1
                0x00005bb8        0x1 C:/Freescale/CW MCU v10.6/MCU/ARM_GCC_Support/ewl/lib/armv6-m\libc.a(strtok.o)
 .rodata.str1.1
                0x00000000        0x1 C:/Freescale/CW MCU v10.6/MCU/ARM_GCC_Support/ewl/lib/armv6-m\libc.a(printformat_.o)
 .rodata.CSWTCH.20
                0x00005bb9        0x5 C:/Freescale/CW MCU v10.6/MCU/ARM_GCC_Support/ewl/lib/armv6-m\libc.a(printformat_.o)
 .rodata.CSWTCH.21
                0x00005bbe        0x5 C:/Freescale/CW MCU v10.6/MCU/ARM_GCC_Support/ewl/lib/armv6-m\libc.a(printformat_.o)
 .rodata.__aeabi_ctype_table_C
                0x00005bc3      0x101 C:/Freescale/CW MCU v10.6/MCU/ARM_GCC_Support/ewl/lib/armv6-m\libc.a(ctype_aeabi.o)
                0x00005bc3                __aeabi_ctype_table_C
 *(.glue_7)
 .glue_7        0x00000000        0x0 linker stubs
 *(.glue_7t)
 .glue_7t       0x00000000        0x0 linker stubs
 *(.eh_frame)
 *(.init)
 *(.fini)
                0x00005cc4                . = ALIGN (0x4)
                0x00005cc4                _etext = .

.vfp11_veneer   0x00005cc4        0x0
 .vfp11_veneer  0x00000000        0x0 linker stubs

.v4_bx          0x00005cc4        0x0
 .v4_bx         0x00000000        0x0 linker stubs

.iplt           0x00005cc4        0x0
 .iplt          0x00000000        0x0 ./Generated_Code/WAIT1.o

.rel.dyn        0x00005cc4        0x0
 .rel.iplt      0x00000000        0x0 ./Generated_Code/WAIT1.o

.ARM.extab
 *(.ARM.extab* .gnu.linkonce.armextab.*)

.ARM            0x00005cc4        0x0
                0x00005cc4                __exidx_start = .
 *(.ARM.exidx*)
                0x00005cc4                __exidx_end = .

.ctors          0x00005cc4        0x0
                0x00005cc4                __CTOR_LIST__ = .
 *crtbegin.o(.ctors)
 *(EXCLUDE_FILE(*crtend.o) .ctors)
 *(SORT(.ctors.*))
 *(.ctors)
                0x00005cc4                __CTOR_END__ = .

.dtors          0x00005cc4        0x0
                0x00005cc4                __DTOR_LIST__ = .
 *crtbegin.o(.dtors)
 *(EXCLUDE_FILE(*crtend.o) .dtors)
 *(SORT(.dtors.*))
 *(.dtors)
                0x00005cc4                __DTOR_END__ = .

.preinit_array  0x00005cc4        0x0
                0x00005cc4                PROVIDE (__preinit_array_start, .)
 *(.preinit_array*)
                0x00005cc4                PROVIDE (__preinit_array_end, .)

.init_array     0x00005cc4        0x0
                0x00005cc4                PROVIDE (__init_array_start, .)
 *(SORT(.init_array.*))
 *(.init_array*)
                0x00005cc4                PROVIDE (__init_array_end, .)

.fini_array     0x00005cc4        0x0
                0x00005cc4                PROVIDE (__fini_array_start, .)
 *(SORT(.fini_array.*))
 *(.fini_array*)
                0x00005cc4                PROVIDE (__fini_array_end, .)
                0x00005cc4                ___ROM_AT = .

.mtb            0x1fffe000        0x0
                0x1fffe000                . = ALIGN (0x8)
                0x1fffe000                _mtb_start = .
 *(.mtb_buf)
                0x1fffe000                . = ALIGN (0x8)
                0x1fffe000                _mtb_end = .

.data           0x1fffe000        0x8 load address 0x00005cc4
                0x1fffe000                . = ALIGN (0x4)
                0x1fffe000                _sdata = .
 *(.data)
 *(.data*)
 .data.tail     0x1fffe000        0x4 C:/Freescale/CW MCU v10.6/MCU/ARM_GCC_Support/ewl/lib/armv6-m\libc.a(alloc.o)
 .data.strtok_ds.4353
                0x1fffe004        0x4 C:/Freescale/CW MCU v10.6/MCU/ARM_GCC_Support/ewl/lib/armv6-m\libc.a(strtok.o)
                0x1fffe008                . = ALIGN (0x4)
                0x1fffe008                _edata = .
                0x00000008                ___data_size = (_edata - _sdata)

.igot.plt       0x1fffe008        0x0 load address 0x00005ccc
 .igot.plt      0x00000000        0x0 ./Generated_Code/WAIT1.o
                0x1fffe008                . = ALIGN (0x4)

.bss            0x1fffe008      0x1c0 load address 0x00005ccc
                0x1fffe008                __START_BSS = .
                0x1fffe008                PROVIDE (__bss_start__, __START_BSS)
 *(.bss)
 *(.bss*)
 .bss.DeviceDataPrv__DEFAULT_RTOS_ALLOC
                0x1fffe008        0x8 ./Generated_Code/TU3.o
 .bss.DeviceDataPrv__DEFAULT_RTOS_ALLOC
                0x1fffe010        0x8 ./Generated_Code/TU2.o
 .bss.DeviceDataPrv__DEFAULT_RTOS_ALLOC
                0x1fffe018        0x8 ./Generated_Code/TU1.o
 .bss.Rng1Gal_inIdx
                0x1fffe020        0x1 ./Generated_Code/Rng1Gal.o
 .bss.Rng1Gal_outIdx
                0x1fffe021        0x1 ./Generated_Code/Rng1Gal.o
 .bss.Rng1Gal_inSize
                0x1fffe022        0x1 ./Generated_Code/Rng1Gal.o
 *fill*         0x1fffe023        0x1 00
 .bss.RingBuffer_buffer
                0x1fffe024       0x20 ./Generated_Code/RingBuffer.o
 .bss.RingBuffer_inIdx
                0x1fffe044        0x1 ./Generated_Code/RingBuffer.o
 .bss.RingBuffer_outIdx
                0x1fffe045        0x1 ./Generated_Code/RingBuffer.o
 .bss.RingBuffer_inSize
                0x1fffe046        0x1 ./Generated_Code/RingBuffer.o
 *fill*         0x1fffe047        0x1 00
 .bss.DeviceDataPrv__DEFAULT_RTOS_ALLOC
                0x1fffe048        0xc ./Generated_Code/PwmLdd8.o
 .bss.DeviceDataPrv__DEFAULT_RTOS_ALLOC
                0x1fffe054        0xc ./Generated_Code/PwmLdd7.o
 .bss.DeviceDataPrv__DEFAULT_RTOS_ALLOC
                0x1fffe060        0xc ./Generated_Code/PwmLdd6.o
 .bss.DeviceDataPrv__DEFAULT_RTOS_ALLOC
                0x1fffe06c        0xc ./Generated_Code/PwmLdd5.o
 .bss.DeviceDataPrv__DEFAULT_RTOS_ALLOC
                0x1fffe078        0xc ./Generated_Code/PwmLdd4.o
 .bss.DeviceDataPrv__DEFAULT_RTOS_ALLOC
                0x1fffe084        0xc ./Generated_Code/PwmLdd3.o
 .bss.DeviceDataPrv__DEFAULT_RTOS_ALLOC
                0x1fffe090        0xc ./Generated_Code/PwmLdd2.o
 .bss.DeviceDataPrv__DEFAULT_RTOS_ALLOC
                0x1fffe09c        0xc ./Generated_Code/PwmLdd1.o
 .bss.PE_LDD_DeviceDataList
                0x1fffe0a8       0x48 ./Generated_Code/PE_LDD.o
                0x1fffe0a8                PE_LDD_DeviceDataList
 .bss.GI2C1_deviceData
                0x1fffe0f0        0x8 ./Generated_Code/GI2C1.o
 .bss.writeBuf.5739
                0x1fffe0f8       0x10 ./Generated_Code/GI2C1.o
 .bss.SR_lock   0x1fffe108        0x1 ./Generated_Code/Cpu.o
                0x1fffe108                SR_lock
 *fill*         0x1fffe109        0x3 00
 .bss.DeviceDataPrv__DEFAULT_RTOS_ALLOC
                0x1fffe10c       0x18 ./Generated_Code/ComGalileo.o
 .bss.INT_UART0__DEFAULT_RTOS_ISRPARAM
                0x1fffe124        0x4 ./Generated_Code/ComGalileo.o
 .bss.DeviceDataPrv__DEFAULT_RTOS_ALLOC
                0x1fffe128       0x18 ./Generated_Code/CI2C1.o
 .bss.INT_I2C0__DEFAULT_RTOS_ISRPARAM
                0x1fffe140        0x4 ./Generated_Code/CI2C1.o
 .bss.DeviceDataPrv__DEFAULT_RTOS_ALLOC
                0x1fffe144        0x4 ./Generated_Code/BitsIoLdd1.o
 .bss.DeviceDataPrv__DEFAULT_RTOS_ALLOC
                0x1fffe148        0x4 ./Generated_Code/BitIoLdd2.o
 .bss.DeviceDataPrv__DEFAULT_RTOS_ALLOC
                0x1fffe14c        0x4 ./Generated_Code/BitIoLdd1.o
 .bss.ModeFlg   0x1fffe150        0x1 ./Generated_Code/AdcTemp.o
 *fill*         0x1fffe151        0x3 00
 .bss.SampleGroup
                0x1fffe154        0x4 ./Generated_Code/AdcTemp.o
 .bss.OutFlg    0x1fffe158        0x1 ./Generated_Code/AdcTemp.o
 *fill*         0x1fffe159        0x3 00
 .bss.DeviceDataPrv__DEFAULT_RTOS_ALLOC
                0x1fffe15c        0x8 ./Generated_Code/AdcLdd1.o
 .bss.INT_ADC0__DEFAULT_RTOS_ISRPARAM
                0x1fffe164        0x4 ./Generated_Code/AdcLdd1.o
 .bss.sCalValues
                0x1fffe168        0x8 ./Generated_Code/Acelerometro.o
 .bss.INT_UART1__DEFAULT_RTOS_ISRPARAM
                0x1fffe170        0x4 ./Generated_Code/AS1.o
 .bss.argv      0x1fffe174        0x4 ./Project_Settings/Startup_Code/__arm_start.o
 .bss.zar       0x1fffe178        0x4 ./Sources/main.o
                0x1fffe178                zar
 .bss.end       0x1fffe17c        0x4 ./Sources/main.o
                0x1fffe17c                end
 .bss.ter       0x1fffe180        0x4 ./Sources/main.o
                0x1fffe180                ter
 .bss.deviceData
                0x1fffe184        0xc ./Sources/Comunicacion.o
 .bss.head      0x1fffe190        0x4 C:/Freescale/CW MCU v10.6/MCU/ARM_GCC_Support/ewl/lib/armv6-m\libc.a(alloc.o)
 .bss.heap_end.4347
                0x1fffe194        0x4 C:/Freescale/CW MCU v10.6/MCU/ARM_GCC_Support/ewl/lib/armv6-m\libc.a(alloc.o)
 .bss.__stdio_exit
                0x1fffe198        0x4 C:/Freescale/CW MCU v10.6/MCU/ARM_GCC_Support/ewl/lib/armv6-m\libc.a(exit.o)
                0x1fffe198                __stdio_exit
 .bss.__console_exit
                0x1fffe19c        0x4 C:/Freescale/CW MCU v10.6/MCU/ARM_GCC_Support/ewl/lib/armv6-m\libc.a(exit.o)
                0x1fffe19c                __console_exit
 .bss.__S_romp  0x1fffe1a0        0xc C:/Freescale/CW MCU v10.6/MCU/ARM_GCC_Support/ewl/lib/armv6-m\librt.a(ROMCopy.o)
 .bss.__global_destructor_chain
                0x1fffe1ac        0x4 C:/Freescale/CW MCU v10.6/MCU/ARM_GCC_Support/ewl/lib/armv6-m\librt.a(__arm_eabi_init.o)
                0x1fffe1ac                __global_destructor_chain
 *(COMMON)
 COMMON         0x1fffe1b0        0x1 ./Generated_Code/Cpu.o
                0x1fffe1b0                SR_reg
 *fill*         0x1fffe1b1        0x3 00
 COMMON         0x1fffe1b4        0x5 ./Generated_Code/AdcTemp.o
                0x1fffe1b4                AdcLdd1_DeviceDataPtr
                0x1fffe1b8                AdcTemp_OutV
 *fill*         0x1fffe1b9        0x3 00
 COMMON         0x1fffe1bc        0x8 ./Sources/main.o
                0x1fffe1bc                param1
                0x1fffe1c0                param2
 COMMON         0x1fffe1c4        0x4 ./Sources/Utiles.o
                0x1fffe1c4                palabras
                0x1fffe1c8                . = ALIGN (0x4)
                0x1fffe1c8                __END_BSS = .
                0x1fffe1c8                PROVIDE (__bss_end__, __END_BSS)
                0x00005ccc                _romp_at = (___ROM_AT + SIZEOF (.data))

.romp           0x1fffe1c8       0x18 load address 0x00005ccc
                0x00005ccc                __S_romp = _romp_at
                0x1fffe1c8        0x4 LONG 0x5cc4 ___ROM_AT
                0x1fffe1cc        0x4 LONG 0x1fffe000 _sdata
                0x1fffe1d0        0x4 LONG 0x8 ___data_size
                0x1fffe1d4        0x4 LONG 0x0
                0x1fffe1d8        0x4 LONG 0x0
                0x1fffe1dc        0x4 LONG 0x0

._user_heap_stack
                0x1fffe1e0      0x400 load address 0x00005ce4
                0x1fffe1e0                . = ALIGN (0x4)
                0x1fffe1e0                PROVIDE (end, .)
                0x1fffe1e0                PROVIDE (_end, .)
                0x1fffe1e0                __heap_addr = .
                0x1fffe1e0                . = (. + __heap_size)
                0x1fffe5e0                . = (. + __stack_size)
 *fill*         0x1fffe1e0      0x400 00
                0x1fffe5e0                . = ALIGN (0x4)

.ARM.attributes
                0x00000000       0x31
 *(.ARM.attributes)
 .ARM.attributes
                0x00000000       0x31 ./Generated_Code/WAIT1.o
 .ARM.attributes
                0x00000031       0x31 ./Generated_Code/Vectors.o
 .ARM.attributes
                0x00000062       0x31 ./Generated_Code/TU3.o
 .ARM.attributes
                0x00000093       0x31 ./Generated_Code/TU2.o
 .ARM.attributes
                0x000000c4       0x31 ./Generated_Code/TU1.o
 .ARM.attributes
                0x000000f5       0x31 ./Generated_Code/Rng1Gal.o
 .ARM.attributes
                0x00000126       0x31 ./Generated_Code/RingBuffer.o
 .ARM.attributes
                0x00000157       0x31 ./Generated_Code/PwmLdd8.o
 .ARM.attributes
                0x00000188       0x31 ./Generated_Code/PwmLdd7.o
 .ARM.attributes
                0x000001b9       0x31 ./Generated_Code/PwmLdd6.o
 .ARM.attributes
                0x000001ea       0x31 ./Generated_Code/PwmLdd5.o
 .ARM.attributes
                0x0000021b       0x31 ./Generated_Code/PwmLdd4.o
 .ARM.attributes
                0x0000024c       0x31 ./Generated_Code/PwmLdd3.o
 .ARM.attributes
                0x0000027d       0x31 ./Generated_Code/PwmLdd2.o
 .ARM.attributes
                0x000002ae       0x31 ./Generated_Code/PwmLdd1.o
 .ARM.attributes
                0x000002df       0x31 ./Generated_Code/PE_LDD.o
 .ARM.attributes
                0x00000310       0x31 ./Generated_Code/MAG1.o
 .ARM.attributes
                0x00000341       0x31 ./Generated_Code/GI2C1.o
 .ARM.attributes
                0x00000372       0x31 ./Generated_Code/Cpu.o
 .ARM.attributes
                0x000003a3       0x31 ./Generated_Code/ComGalileo.o
 .ARM.attributes
                0x000003d4       0x31 ./Generated_Code/CI2C1.o
 .ARM.attributes
                0x00000405       0x31 ./Generated_Code/BitsIoLdd1.o
 .ARM.attributes
                0x00000436       0x31 ./Generated_Code/BitIoLdd2.o
 .ARM.attributes
                0x00000467       0x31 ./Generated_Code/BitIoLdd1.o
 .ARM.attributes
                0x00000498       0x31 ./Generated_Code/AdcTemp.o
 .ARM.attributes
                0x000004c9       0x31 ./Generated_Code/AdcLdd1.o
 .ARM.attributes
                0x000004fa       0x31 ./Generated_Code/Acelerometro.o
 .ARM.attributes
                0x0000052b       0x31 ./Generated_Code/AS1.o
 .ARM.attributes
                0x0000055c       0x31 ./Project_Settings/Startup_Code/__arm_start.o
 .ARM.attributes
                0x0000058d       0x31 ./Project_Settings/Startup_Code/__arm_end.o
 .ARM.attributes
                0x000005be       0x31 ./Sources/main.o
 .ARM.attributes
                0x000005ef       0x31 ./Sources/Utiles.o
 .ARM.attributes
                0x00000620       0x31 ./Sources/Events.o
 .ARM.attributes
                0x00000651       0x31 ./Sources/Comunicacion.o
 .ARM.attributes
                0x00000682       0x31 ./Sources/Actuadores.o
 .ARM.attributes
                0x000006b3       0x31 C:/Freescale/CW MCU v10.6/MCU/ARM_GCC_Support/ewl/lib/armv6-m\libc.a(sprintf.o)
 .ARM.attributes
                0x000006e4       0x31 C:/Freescale/CW MCU v10.6/MCU/ARM_GCC_Support/ewl/lib/armv6-m\libc.a(sscanf.o)
 .ARM.attributes
                0x00000715       0x31 C:/Freescale/CW MCU v10.6/MCU/ARM_GCC_Support/ewl/lib/armv6-m\libc.a(vsnprintf.o)
 .ARM.attributes
                0x00000746       0x31 C:/Freescale/CW MCU v10.6/MCU/ARM_GCC_Support/ewl/lib/armv6-m\libc.a(vsscanf.o)
 .ARM.attributes
                0x00000777       0x31 C:/Freescale/CW MCU v10.6/MCU/ARM_GCC_Support/ewl/lib/armv6-m\libc.a(alloc.o)
 .ARM.attributes
                0x000007a8       0x31 C:/Freescale/CW MCU v10.6/MCU/ARM_GCC_Support/ewl/lib/armv6-m\libc.a(exit.o)
 .ARM.attributes
                0x000007d9       0x31 C:/Freescale/CW MCU v10.6/MCU/ARM_GCC_Support/ewl/lib/armv6-m\libc.a(memcpy.o)
 .ARM.attributes
                0x0000080a       0x31 C:/Freescale/CW MCU v10.6/MCU/ARM_GCC_Support/ewl/lib/armv6-m\libc.a(memset.o)
 .ARM.attributes
                0x0000083b       0x31 C:/Freescale/CW MCU v10.6/MCU/ARM_GCC_Support/ewl/lib/armv6-m\libc.a(strcmp.o)
 .ARM.attributes
                0x0000086c       0x31 C:/Freescale/CW MCU v10.6/MCU/ARM_GCC_Support/ewl/lib/armv6-m\libc.a(strlen.o)
 .ARM.attributes
                0x0000089d       0x31 C:/Freescale/CW MCU v10.6/MCU/ARM_GCC_Support/ewl/lib/armv6-m\libc.a(strtok.o)
 .ARM.attributes
                0x000008ce       0x31 C:/Freescale/CW MCU v10.6/MCU/ARM_GCC_Support/ewl/lib/armv6-m\libc.a(printformat_.o)
 .ARM.attributes
                0x000008ff       0x31 C:/Freescale/CW MCU v10.6/MCU/ARM_GCC_Support/ewl/lib/armv6-m\libc.a(scanformat_.o)
 .ARM.attributes
                0x00000930       0x31 C:/Freescale/CW MCU v10.6/MCU/ARM_GCC_Support/ewl/lib/armv6-m\libc.a(ctype_aeabi.o)
 .ARM.attributes
                0x00000961       0x31 C:/Freescale/CW MCU v10.6/MCU/ARM_GCC_Support/ewl/lib/armv6-m\libc.a(__strtoul.o)
 .ARM.attributes
                0x00000992       0x31 C:/Freescale/CW MCU v10.6/MCU/ARM_GCC_Support/ewl/lib/armv6-m\libc.a(__filll_mem.o)
 .ARM.attributes
                0x000009c3       0x31 C:/Freescale/CW MCU v10.6/MCU/ARM_GCC_Support/ewl/lib/armv6-m\libc.a(memchr.o)
 .ARM.attributes
                0x000009f4       0x31 C:/Freescale/CW MCU v10.6/MCU/ARM_GCC_Support/ewl/lib/armv6-m\libc.a(strchr.o)
 .ARM.attributes
                0x00000a25       0x1e c:/freescale/cw mcu v10.6/cross_tools/arm-none-eabi-gcc-4_7_3/bin/../lib/gcc/arm-none-eabi/4.7.3/armv6-m\libgcc.a(_thumb1_case_sqi.o)
 .ARM.attributes
                0x00000a43       0x1e c:/freescale/cw mcu v10.6/cross_tools/arm-none-eabi-gcc-4_7_3/bin/../lib/gcc/arm-none-eabi/4.7.3/armv6-m\libgcc.a(_thumb1_case_uqi.o)
 .ARM.attributes
                0x00000a61       0x1e c:/freescale/cw mcu v10.6/cross_tools/arm-none-eabi-gcc-4_7_3/bin/../lib/gcc/arm-none-eabi/4.7.3/armv6-m\libgcc.a(_udivsi3.o)
 .ARM.attributes
                0x00000a7f       0x1e c:/freescale/cw mcu v10.6/cross_tools/arm-none-eabi-gcc-4_7_3/bin/../lib/gcc/arm-none-eabi/4.7.3/armv6-m\libgcc.a(_divsi3.o)
 .ARM.attributes
                0x00000a9d       0x1e c:/freescale/cw mcu v10.6/cross_tools/arm-none-eabi-gcc-4_7_3/bin/../lib/gcc/arm-none-eabi/4.7.3/armv6-m\libgcc.a(_dvmd_tls.o)
 .ARM.attributes
                0x00000abb       0x1e c:/freescale/cw mcu v10.6/cross_tools/arm-none-eabi-gcc-4_7_3/bin/../lib/gcc/arm-none-eabi/4.7.3/armv6-m\libgcc.a(_arm_cmpsf2.o)
 .ARM.attributes
                0x00000ad9       0x2c c:/freescale/cw mcu v10.6/cross_tools/arm-none-eabi-gcc-4_7_3/bin/../lib/gcc/arm-none-eabi/4.7.3/armv6-m\libgcc.a(_fixunssfsi.o)
 .ARM.attributes
                0x00000b05       0x2c c:/freescale/cw mcu v10.6/cross_tools/arm-none-eabi-gcc-4_7_3/bin/../lib/gcc/arm-none-eabi/4.7.3/armv6-m\libgcc.a(eqsf2.o)
 .ARM.attributes
                0x00000b31       0x2c c:/freescale/cw mcu v10.6/cross_tools/arm-none-eabi-gcc-4_7_3/bin/../lib/gcc/arm-none-eabi/4.7.3/armv6-m\libgcc.a(gesf2.o)
 .ARM.attributes
                0x00000b5d       0x2c c:/freescale/cw mcu v10.6/cross_tools/arm-none-eabi-gcc-4_7_3/bin/../lib/gcc/arm-none-eabi/4.7.3/armv6-m\libgcc.a(lesf2.o)
 .ARM.attributes
                0x00000b89       0x2c c:/freescale/cw mcu v10.6/cross_tools/arm-none-eabi-gcc-4_7_3/bin/../lib/gcc/arm-none-eabi/4.7.3/armv6-m\libgcc.a(mulsf3.o)
 .ARM.attributes
                0x00000bb5       0x2c c:/freescale/cw mcu v10.6/cross_tools/arm-none-eabi-gcc-4_7_3/bin/../lib/gcc/arm-none-eabi/4.7.3/armv6-m\libgcc.a(subsf3.o)
 .ARM.attributes
                0x00000be1       0x2c c:/freescale/cw mcu v10.6/cross_tools/arm-none-eabi-gcc-4_7_3/bin/../lib/gcc/arm-none-eabi/4.7.3/armv6-m\libgcc.a(fixsfsi.o)
 .ARM.attributes
                0x00000c0d       0x2c c:/freescale/cw mcu v10.6/cross_tools/arm-none-eabi-gcc-4_7_3/bin/../lib/gcc/arm-none-eabi/4.7.3/armv6-m\libgcc.a(floatsisf.o)
 .ARM.attributes
                0x00000c39       0x1e c:/freescale/cw mcu v10.6/cross_tools/arm-none-eabi-gcc-4_7_3/bin/../lib/gcc/arm-none-eabi/4.7.3/armv6-m\libgcc.a(_clzsi2.o)
 .ARM.attributes
                0x00000c57       0x31 C:/Freescale/CW MCU v10.6/MCU/ARM_GCC_Support/ewl/lib/armv6-m\librt.a(gcc_ctor_dtor.o)
 .ARM.attributes
                0x00000c88       0x31 C:/Freescale/CW MCU v10.6/MCU/ARM_GCC_Support/ewl/lib/armv6-m\librt.a(ROMCopy.o)
 .ARM.attributes
                0x00000cb9       0x31 C:/Freescale/CW MCU v10.6/MCU/ARM_GCC_Support/ewl/lib/armv6-m\librt.a(__arm_eabi_init.o)
OUTPUT(ZZZ_Robocol.elf elf32-littlearm)

.debug_info     0x00000000     0xb1ee
 .debug_info    0x00000000      0x135 ./Generated_Code/WAIT1.o
 .debug_info    0x00000135      0x104 ./Generated_Code/Vectors.o
 .debug_info    0x00000239      0x6e5 ./Generated_Code/TU3.o
 .debug_info    0x0000091e      0x6f5 ./Generated_Code/TU2.o
 .debug_info    0x00001013      0x6f5 ./Generated_Code/TU1.o
 .debug_info    0x00001708      0x1f0 ./Generated_Code/Rng1Gal.o
 .debug_info    0x000018f8      0x1f0 ./Generated_Code/RingBuffer.o
 .debug_info    0x00001ae8      0x26f ./Generated_Code/PwmLdd8.o
 .debug_info    0x00001d57      0x26f ./Generated_Code/PwmLdd7.o
 .debug_info    0x00001fc6      0x26f ./Generated_Code/PwmLdd6.o
 .debug_info    0x00002235      0x26f ./Generated_Code/PwmLdd5.o
 .debug_info    0x000024a4      0x26f ./Generated_Code/PwmLdd4.o
 .debug_info    0x00002713      0x26f ./Generated_Code/PwmLdd3.o
 .debug_info    0x00002982      0x26f ./Generated_Code/PwmLdd2.o
 .debug_info    0x00002bf1      0x26f ./Generated_Code/PwmLdd1.o
 .debug_info    0x00002e60      0x24e ./Generated_Code/PE_LDD.o
 .debug_info    0x000030ae      0x5b3 ./Generated_Code/MAG1.o
 .debug_info    0x00003661      0x60b ./Generated_Code/GI2C1.o
 .debug_info    0x00003c6c      0x8e1 ./Generated_Code/Cpu.o
 .debug_info    0x0000454d      0x7e3 ./Generated_Code/ComGalileo.o
 .debug_info    0x00004d30      0x894 ./Generated_Code/CI2C1.o
 .debug_info    0x000055c4      0x55f ./Generated_Code/BitsIoLdd1.o
 .debug_info    0x00005b23      0x3c3 ./Generated_Code/BitIoLdd2.o
 .debug_info    0x00005ee6      0x3c3 ./Generated_Code/BitIoLdd1.o
 .debug_info    0x000062a9      0x2a3 ./Generated_Code/AdcTemp.o
 .debug_info    0x0000654c      0x969 ./Generated_Code/AdcLdd1.o
 .debug_info    0x00006eb5      0x70d ./Generated_Code/Acelerometro.o
 .debug_info    0x000075c2      0x7b7 ./Generated_Code/AS1.o
 .debug_info    0x00007d79      0x12a ./Project_Settings/Startup_Code/__arm_start.o
 .debug_info    0x00007ea3       0x54 ./Project_Settings/Startup_Code/__arm_end.o
 .debug_info    0x00007ef7      0x244 ./Sources/main.o
 .debug_info    0x0000813b      0x1c3 ./Sources/Utiles.o
 .debug_info    0x000082fe      0x206 ./Sources/Events.o
 .debug_info    0x00008504      0x1c6 ./Sources/Comunicacion.o
 .debug_info    0x000086ca      0x2ca ./Sources/Actuadores.o
 .debug_info    0x00008994      0x11e C:/Freescale/CW MCU v10.6/MCU/ARM_GCC_Support/ewl/lib/armv6-m\libc.a(sprintf.o)
 .debug_info    0x00008ab2      0x118 C:/Freescale/CW MCU v10.6/MCU/ARM_GCC_Support/ewl/lib/armv6-m\libc.a(sscanf.o)
 .debug_info    0x00008bca      0x205 C:/Freescale/CW MCU v10.6/MCU/ARM_GCC_Support/ewl/lib/armv6-m\libc.a(vsnprintf.o)
 .debug_info    0x00008dcf      0x253 C:/Freescale/CW MCU v10.6/MCU/ARM_GCC_Support/ewl/lib/armv6-m\libc.a(vsscanf.o)
 .debug_info    0x00009022      0x340 C:/Freescale/CW MCU v10.6/MCU/ARM_GCC_Support/ewl/lib/armv6-m\libc.a(alloc.o)
 .debug_info    0x00009362       0xe8 C:/Freescale/CW MCU v10.6/MCU/ARM_GCC_Support/ewl/lib/armv6-m\libc.a(exit.o)
 .debug_info    0x0000944a      0x10f C:/Freescale/CW MCU v10.6/MCU/ARM_GCC_Support/ewl/lib/armv6-m\libc.a(memcpy.o)
 .debug_info    0x00009559       0xec C:/Freescale/CW MCU v10.6/MCU/ARM_GCC_Support/ewl/lib/armv6-m\libc.a(memset.o)
 .debug_info    0x00009645      0x114 C:/Freescale/CW MCU v10.6/MCU/ARM_GCC_Support/ewl/lib/armv6-m\libc.a(strcmp.o)
 .debug_info    0x00009759       0xea C:/Freescale/CW MCU v10.6/MCU/ARM_GCC_Support/ewl/lib/armv6-m\libc.a(strlen.o)
 .debug_info    0x00009843      0x160 C:/Freescale/CW MCU v10.6/MCU/ARM_GCC_Support/ewl/lib/armv6-m\libc.a(strtok.o)
 .debug_info    0x000099a3      0x50d C:/Freescale/CW MCU v10.6/MCU/ARM_GCC_Support/ewl/lib/armv6-m\libc.a(printformat_.o)
 .debug_info    0x00009eb0      0x568 C:/Freescale/CW MCU v10.6/MCU/ARM_GCC_Support/ewl/lib/armv6-m\libc.a(scanformat_.o)
 .debug_info    0x0000a418      0x313 C:/Freescale/CW MCU v10.6/MCU/ARM_GCC_Support/ewl/lib/armv6-m\libc.a(ctype_aeabi.o)
 .debug_info    0x0000a72b      0x1d6 C:/Freescale/CW MCU v10.6/MCU/ARM_GCC_Support/ewl/lib/armv6-m\libc.a(__strtoul.o)
 .debug_info    0x0000a901      0x137 C:/Freescale/CW MCU v10.6/MCU/ARM_GCC_Support/ewl/lib/armv6-m\libc.a(__filll_mem.o)
 .debug_info    0x0000aa38      0x121 C:/Freescale/CW MCU v10.6/MCU/ARM_GCC_Support/ewl/lib/armv6-m\libc.a(memchr.o)
 .debug_info    0x0000ab59      0x10b C:/Freescale/CW MCU v10.6/MCU/ARM_GCC_Support/ewl/lib/armv6-m\libc.a(strchr.o)
 .debug_info    0x0000ac64      0x136 C:/Freescale/CW MCU v10.6/MCU/ARM_GCC_Support/ewl/lib/armv6-m\librt.a(gcc_ctor_dtor.o)
 .debug_info    0x0000ad9a      0x19b C:/Freescale/CW MCU v10.6/MCU/ARM_GCC_Support/ewl/lib/armv6-m\librt.a(ROMCopy.o)
 .debug_info    0x0000af35      0x2b9 C:/Freescale/CW MCU v10.6/MCU/ARM_GCC_Support/ewl/lib/armv6-m\librt.a(__arm_eabi_init.o)

.debug_abbrev   0x00000000     0x38a7
 .debug_abbrev  0x00000000       0xa3 ./Generated_Code/WAIT1.o
 .debug_abbrev  0x000000a3       0xa3 ./Generated_Code/Vectors.o
 .debug_abbrev  0x00000146      0x17e ./Generated_Code/TU3.o
 .debug_abbrev  0x000002c4      0x17e ./Generated_Code/TU2.o
 .debug_abbrev  0x00000442      0x17e ./Generated_Code/TU1.o
 .debug_abbrev  0x000005c0       0xe3 ./Generated_Code/Rng1Gal.o
 .debug_abbrev  0x000006a3       0xe3 ./Generated_Code/RingBuffer.o
 .debug_abbrev  0x00000786       0xec ./Generated_Code/PwmLdd8.o
 .debug_abbrev  0x00000872       0xec ./Generated_Code/PwmLdd7.o
 .debug_abbrev  0x0000095e       0xec ./Generated_Code/PwmLdd6.o
 .debug_abbrev  0x00000a4a       0xec ./Generated_Code/PwmLdd5.o
 .debug_abbrev  0x00000b36       0xec ./Generated_Code/PwmLdd4.o
 .debug_abbrev  0x00000c22       0xec ./Generated_Code/PwmLdd3.o
 .debug_abbrev  0x00000d0e       0xec ./Generated_Code/PwmLdd2.o
 .debug_abbrev  0x00000dfa       0xec ./Generated_Code/PwmLdd1.o
 .debug_abbrev  0x00000ee6      0x102 ./Generated_Code/PE_LDD.o
 .debug_abbrev  0x00000fe8      0x163 ./Generated_Code/MAG1.o
 .debug_abbrev  0x0000114b      0x1d1 ./Generated_Code/GI2C1.o
 .debug_abbrev  0x0000131c      0x122 ./Generated_Code/Cpu.o
 .debug_abbrev  0x0000143e      0x189 ./Generated_Code/ComGalileo.o
 .debug_abbrev  0x000015c7      0x179 ./Generated_Code/CI2C1.o
 .debug_abbrev  0x00001740      0x178 ./Generated_Code/BitsIoLdd1.o
 .debug_abbrev  0x000018b8      0x151 ./Generated_Code/BitIoLdd2.o
 .debug_abbrev  0x00001a09      0x151 ./Generated_Code/BitIoLdd1.o
 .debug_abbrev  0x00001b5a      0x143 ./Generated_Code/AdcTemp.o
 .debug_abbrev  0x00001c9d      0x1a6 ./Generated_Code/AdcLdd1.o
 .debug_abbrev  0x00001e43      0x16d ./Generated_Code/Acelerometro.o
 .debug_abbrev  0x00001fb0      0x189 ./Generated_Code/AS1.o
 .debug_abbrev  0x00002139       0x92 ./Project_Settings/Startup_Code/__arm_start.o
 .debug_abbrev  0x000021cb       0x4c ./Project_Settings/Startup_Code/__arm_end.o
 .debug_abbrev  0x00002217       0xc5 ./Sources/main.o
 .debug_abbrev  0x000022dc       0xc8 ./Sources/Utiles.o
 .debug_abbrev  0x000023a4       0xdd ./Sources/Events.o
 .debug_abbrev  0x00002481       0xec ./Sources/Comunicacion.o
 .debug_abbrev  0x0000256d       0xb4 ./Sources/Actuadores.o
 .debug_abbrev  0x00002621       0xb1 C:/Freescale/CW MCU v10.6/MCU/ARM_GCC_Support/ewl/lib/armv6-m\libc.a(sprintf.o)
 .debug_abbrev  0x000026d2       0xb1 C:/Freescale/CW MCU v10.6/MCU/ARM_GCC_Support/ewl/lib/armv6-m\libc.a(sscanf.o)
 .debug_abbrev  0x00002783       0xf0 C:/Freescale/CW MCU v10.6/MCU/ARM_GCC_Support/ewl/lib/armv6-m\libc.a(vsnprintf.o)
 .debug_abbrev  0x00002873      0x15f C:/Freescale/CW MCU v10.6/MCU/ARM_GCC_Support/ewl/lib/armv6-m\libc.a(vsscanf.o)
 .debug_abbrev  0x000029d2      0x167 C:/Freescale/CW MCU v10.6/MCU/ARM_GCC_Support/ewl/lib/armv6-m\libc.a(alloc.o)
 .debug_abbrev  0x00002b39       0x7a C:/Freescale/CW MCU v10.6/MCU/ARM_GCC_Support/ewl/lib/armv6-m\libc.a(exit.o)
 .debug_abbrev  0x00002bb3       0x95 C:/Freescale/CW MCU v10.6/MCU/ARM_GCC_Support/ewl/lib/armv6-m\libc.a(memcpy.o)
 .debug_abbrev  0x00002c48       0x62 C:/Freescale/CW MCU v10.6/MCU/ARM_GCC_Support/ewl/lib/armv6-m\libc.a(memset.o)
 .debug_abbrev  0x00002caa       0x89 C:/Freescale/CW MCU v10.6/MCU/ARM_GCC_Support/ewl/lib/armv6-m\libc.a(strcmp.o)
 .debug_abbrev  0x00002d33       0x7a C:/Freescale/CW MCU v10.6/MCU/ARM_GCC_Support/ewl/lib/armv6-m\libc.a(strlen.o)
 .debug_abbrev  0x00002dad       0xb7 C:/Freescale/CW MCU v10.6/MCU/ARM_GCC_Support/ewl/lib/armv6-m\libc.a(strtok.o)
 .debug_abbrev  0x00002e64      0x200 C:/Freescale/CW MCU v10.6/MCU/ARM_GCC_Support/ewl/lib/armv6-m\libc.a(printformat_.o)
 .debug_abbrev  0x00003064      0x1f0 C:/Freescale/CW MCU v10.6/MCU/ARM_GCC_Support/ewl/lib/armv6-m\libc.a(scanformat_.o)
 .debug_abbrev  0x00003254       0x9e C:/Freescale/CW MCU v10.6/MCU/ARM_GCC_Support/ewl/lib/armv6-m\libc.a(ctype_aeabi.o)
 .debug_abbrev  0x000032f2       0xc2 C:/Freescale/CW MCU v10.6/MCU/ARM_GCC_Support/ewl/lib/armv6-m\libc.a(__strtoul.o)
 .debug_abbrev  0x000033b4       0x78 C:/Freescale/CW MCU v10.6/MCU/ARM_GCC_Support/ewl/lib/armv6-m\libc.a(__filll_mem.o)
 .debug_abbrev  0x0000342c       0x95 C:/Freescale/CW MCU v10.6/MCU/ARM_GCC_Support/ewl/lib/armv6-m\libc.a(memchr.o)
 .debug_abbrev  0x000034c1       0x7a C:/Freescale/CW MCU v10.6/MCU/ARM_GCC_Support/ewl/lib/armv6-m\libc.a(strchr.o)
 .debug_abbrev  0x0000353b       0x99 C:/Freescale/CW MCU v10.6/MCU/ARM_GCC_Support/ewl/lib/armv6-m\librt.a(gcc_ctor_dtor.o)
 .debug_abbrev  0x000035d4      0x120 C:/Freescale/CW MCU v10.6/MCU/ARM_GCC_Support/ewl/lib/armv6-m\librt.a(ROMCopy.o)
 .debug_abbrev  0x000036f4      0x1b3 C:/Freescale/CW MCU v10.6/MCU/ARM_GCC_Support/ewl/lib/armv6-m\librt.a(__arm_eabi_init.o)

.debug_loc      0x00000000     0x5bd8
 .debug_loc     0x00000000       0xa8 ./Generated_Code/WAIT1.o
 .debug_loc     0x000000a8      0x150 ./Generated_Code/TU3.o
 .debug_loc     0x000001f8      0x150 ./Generated_Code/TU2.o
 .debug_loc     0x00000348      0x150 ./Generated_Code/TU1.o
 .debug_loc     0x00000498       0xf4 ./Generated_Code/Rng1Gal.o
 .debug_loc     0x0000058c       0xf4 ./Generated_Code/RingBuffer.o
 .debug_loc     0x00000680       0xe0 ./Generated_Code/PwmLdd8.o
 .debug_loc     0x00000760       0xe0 ./Generated_Code/PwmLdd7.o
 .debug_loc     0x00000840       0xe0 ./Generated_Code/PwmLdd6.o
 .debug_loc     0x00000920       0xe0 ./Generated_Code/PwmLdd5.o
 .debug_loc     0x00000a00       0xe0 ./Generated_Code/PwmLdd4.o
 .debug_loc     0x00000ae0       0xe0 ./Generated_Code/PwmLdd3.o
 .debug_loc     0x00000bc0       0xe0 ./Generated_Code/PwmLdd2.o
 .debug_loc     0x00000ca0       0xe0 ./Generated_Code/PwmLdd1.o
 .debug_loc     0x00000d80       0x9c ./Generated_Code/PE_LDD.o
 .debug_loc     0x00000e1c      0x3d8 ./Generated_Code/MAG1.o
 .debug_loc     0x000011f4      0x370 ./Generated_Code/GI2C1.o
 .debug_loc     0x00001564       0xb0 ./Generated_Code/Cpu.o
 .debug_loc     0x00001614      0x150 ./Generated_Code/ComGalileo.o
 .debug_loc     0x00001764      0x150 ./Generated_Code/CI2C1.o
 .debug_loc     0x000018b4      0x1f8 ./Generated_Code/BitsIoLdd1.o
 .debug_loc     0x00001aac      0x150 ./Generated_Code/BitIoLdd2.o
 .debug_loc     0x00001bfc      0x150 ./Generated_Code/BitIoLdd1.o
 .debug_loc     0x00001d4c      0x1a8 ./Generated_Code/AdcTemp.o
 .debug_loc     0x00001ef4      0x1f8 ./Generated_Code/AdcLdd1.o
 .debug_loc     0x000020ec      0x5d4 ./Generated_Code/Acelerometro.o
 .debug_loc     0x000026c0      0x150 ./Generated_Code/AS1.o
 .debug_loc     0x00002810       0x2c ./Project_Settings/Startup_Code/__arm_start.o
 .debug_loc     0x0000283c       0x38 ./Project_Settings/Startup_Code/__arm_end.o
 .debug_loc     0x00002874       0x72 ./Sources/main.o
 .debug_loc     0x000028e6       0xd4 ./Sources/Utiles.o
 .debug_loc     0x000029ba      0x164 ./Sources/Events.o
 .debug_loc     0x00002b1e       0xd4 ./Sources/Comunicacion.o
 .debug_loc     0x00002bf2      0x164 ./Sources/Actuadores.o
 .debug_loc     0x00002d56       0x3f C:/Freescale/CW MCU v10.6/MCU/ARM_GCC_Support/ewl/lib/armv6-m\libc.a(sprintf.o)
 .debug_loc     0x00002d95       0x3f C:/Freescale/CW MCU v10.6/MCU/ARM_GCC_Support/ewl/lib/armv6-m\libc.a(sscanf.o)
 .debug_loc     0x00002dd4      0x105 C:/Freescale/CW MCU v10.6/MCU/ARM_GCC_Support/ewl/lib/armv6-m\libc.a(vsnprintf.o)
 .debug_loc     0x00002ed9      0x16c C:/Freescale/CW MCU v10.6/MCU/ARM_GCC_Support/ewl/lib/armv6-m\libc.a(vsscanf.o)
 .debug_loc     0x00003045      0x335 C:/Freescale/CW MCU v10.6/MCU/ARM_GCC_Support/ewl/lib/armv6-m\libc.a(alloc.o)
 .debug_loc     0x0000337a       0x3e C:/Freescale/CW MCU v10.6/MCU/ARM_GCC_Support/ewl/lib/armv6-m\libc.a(exit.o)
 .debug_loc     0x000033b8       0x59 C:/Freescale/CW MCU v10.6/MCU/ARM_GCC_Support/ewl/lib/armv6-m\libc.a(memcpy.o)
 .debug_loc     0x00003411       0x6f C:/Freescale/CW MCU v10.6/MCU/ARM_GCC_Support/ewl/lib/armv6-m\libc.a(memset.o)
 .debug_loc     0x00003480       0x64 C:/Freescale/CW MCU v10.6/MCU/ARM_GCC_Support/ewl/lib/armv6-m\libc.a(strcmp.o)
 .debug_loc     0x000034e4       0x33 C:/Freescale/CW MCU v10.6/MCU/ARM_GCC_Support/ewl/lib/armv6-m\libc.a(strlen.o)
 .debug_loc     0x00003517      0x10f C:/Freescale/CW MCU v10.6/MCU/ARM_GCC_Support/ewl/lib/armv6-m\libc.a(strtok.o)
 .debug_loc     0x00003626     0x104b C:/Freescale/CW MCU v10.6/MCU/ARM_GCC_Support/ewl/lib/armv6-m\libc.a(printformat_.o)
 .debug_loc     0x00004671      0x9d8 C:/Freescale/CW MCU v10.6/MCU/ARM_GCC_Support/ewl/lib/armv6-m\libc.a(scanformat_.o)
 .debug_loc     0x00005049      0x30d C:/Freescale/CW MCU v10.6/MCU/ARM_GCC_Support/ewl/lib/armv6-m\libc.a(ctype_aeabi.o)
 .debug_loc     0x00005356      0x305 C:/Freescale/CW MCU v10.6/MCU/ARM_GCC_Support/ewl/lib/armv6-m\libc.a(__strtoul.o)
 .debug_loc     0x0000565b      0x14a C:/Freescale/CW MCU v10.6/MCU/ARM_GCC_Support/ewl/lib/armv6-m\libc.a(__filll_mem.o)
 .debug_loc     0x000057a5       0x77 C:/Freescale/CW MCU v10.6/MCU/ARM_GCC_Support/ewl/lib/armv6-m\libc.a(memchr.o)
 .debug_loc     0x0000581c       0xaf C:/Freescale/CW MCU v10.6/MCU/ARM_GCC_Support/ewl/lib/armv6-m\libc.a(strchr.o)
 .debug_loc     0x000058cb       0x9d C:/Freescale/CW MCU v10.6/MCU/ARM_GCC_Support/ewl/lib/armv6-m\librt.a(gcc_ctor_dtor.o)
 .debug_loc     0x00005968       0xd9 C:/Freescale/CW MCU v10.6/MCU/ARM_GCC_Support/ewl/lib/armv6-m\librt.a(ROMCopy.o)
 .debug_loc     0x00005a41      0x197 C:/Freescale/CW MCU v10.6/MCU/ARM_GCC_Support/ewl/lib/armv6-m\librt.a(__arm_eabi_init.o)

.debug_aranges  0x00000000      0xdb8
 .debug_aranges
                0x00000000       0x40 ./Generated_Code/WAIT1.o
 .debug_aranges
                0x00000040       0x18 ./Generated_Code/Vectors.o
 .debug_aranges
                0x00000058       0x48 ./Generated_Code/TU3.o
 .debug_aranges
                0x000000a0       0x48 ./Generated_Code/TU2.o
 .debug_aranges
                0x000000e8       0x48 ./Generated_Code/TU1.o
 .debug_aranges
                0x00000130       0x40 ./Generated_Code/Rng1Gal.o
 .debug_aranges
                0x00000170       0x40 ./Generated_Code/RingBuffer.o
 .debug_aranges
                0x000001b0       0x38 ./Generated_Code/PwmLdd8.o
 .debug_aranges
                0x000001e8       0x38 ./Generated_Code/PwmLdd7.o
 .debug_aranges
                0x00000220       0x38 ./Generated_Code/PwmLdd6.o
 .debug_aranges
                0x00000258       0x38 ./Generated_Code/PwmLdd5.o
 .debug_aranges
                0x00000290       0x38 ./Generated_Code/PwmLdd4.o
 .debug_aranges
                0x000002c8       0x38 ./Generated_Code/PwmLdd3.o
 .debug_aranges
                0x00000300       0x38 ./Generated_Code/PwmLdd2.o
 .debug_aranges
                0x00000338       0x38 ./Generated_Code/PwmLdd1.o
 .debug_aranges
                0x00000370       0x30 ./Generated_Code/PE_LDD.o
 .debug_aranges
                0x000003a0       0xa8 ./Generated_Code/MAG1.o
 .debug_aranges
                0x00000448       0xa0 ./Generated_Code/GI2C1.o
 .debug_aranges
                0x000004e8       0x38 ./Generated_Code/Cpu.o
 .debug_aranges
                0x00000520       0x48 ./Generated_Code/ComGalileo.o
 .debug_aranges
                0x00000568       0x48 ./Generated_Code/CI2C1.o
 .debug_aranges
                0x000005b0       0x60 ./Generated_Code/BitsIoLdd1.o
 .debug_aranges
                0x00000610       0x48 ./Generated_Code/BitIoLdd2.o
 .debug_aranges
                0x00000658       0x48 ./Generated_Code/BitIoLdd1.o
 .debug_aranges
                0x000006a0       0x58 ./Generated_Code/AdcTemp.o
 .debug_aranges
                0x000006f8       0x60 ./Generated_Code/AdcLdd1.o
 .debug_aranges
                0x00000758      0x100 ./Generated_Code/Acelerometro.o
 .debug_aranges
                0x00000858       0x48 ./Generated_Code/AS1.o
 .debug_aranges
                0x000008a0       0x30 ./Project_Settings/Startup_Code/__arm_start.o
 .debug_aranges
                0x000008d0       0x20 ./Project_Settings/Startup_Code/__arm_end.o
 .debug_aranges
                0x000008f0       0x28 ./Sources/main.o
 .debug_aranges
                0x00000918       0x38 ./Sources/Utiles.o
 .debug_aranges
                0x00000950       0x50 ./Sources/Events.o
 .debug_aranges
                0x000009a0       0x38 ./Sources/Comunicacion.o
 .debug_aranges
                0x000009d8       0x50 ./Sources/Actuadores.o
 .debug_aranges
                0x00000a28       0x20 C:/Freescale/CW MCU v10.6/MCU/ARM_GCC_Support/ewl/lib/armv6-m\libc.a(sprintf.o)
 .debug_aranges
                0x00000a48       0x20 C:/Freescale/CW MCU v10.6/MCU/ARM_GCC_Support/ewl/lib/armv6-m\libc.a(sscanf.o)
 .debug_aranges
                0x00000a68       0x28 C:/Freescale/CW MCU v10.6/MCU/ARM_GCC_Support/ewl/lib/armv6-m\libc.a(vsnprintf.o)
 .debug_aranges
                0x00000a90       0x28 C:/Freescale/CW MCU v10.6/MCU/ARM_GCC_Support/ewl/lib/armv6-m\libc.a(vsscanf.o)
 .debug_aranges
                0x00000ab8       0x40 C:/Freescale/CW MCU v10.6/MCU/ARM_GCC_Support/ewl/lib/armv6-m\libc.a(alloc.o)
 .debug_aranges
                0x00000af8       0x20 C:/Freescale/CW MCU v10.6/MCU/ARM_GCC_Support/ewl/lib/armv6-m\libc.a(exit.o)
 .debug_aranges
                0x00000b18       0x20 C:/Freescale/CW MCU v10.6/MCU/ARM_GCC_Support/ewl/lib/armv6-m\libc.a(memcpy.o)
 .debug_aranges
                0x00000b38       0x20 C:/Freescale/CW MCU v10.6/MCU/ARM_GCC_Support/ewl/lib/armv6-m\libc.a(memset.o)
 .debug_aranges
                0x00000b58       0x20 C:/Freescale/CW MCU v10.6/MCU/ARM_GCC_Support/ewl/lib/armv6-m\libc.a(strcmp.o)
 .debug_aranges
                0x00000b78       0x20 C:/Freescale/CW MCU v10.6/MCU/ARM_GCC_Support/ewl/lib/armv6-m\libc.a(strlen.o)
 .debug_aranges
                0x00000b98       0x20 C:/Freescale/CW MCU v10.6/MCU/ARM_GCC_Support/ewl/lib/armv6-m\libc.a(strtok.o)
 .debug_aranges
                0x00000bb8       0x28 C:/Freescale/CW MCU v10.6/MCU/ARM_GCC_Support/ewl/lib/armv6-m\libc.a(printformat_.o)
 .debug_aranges
                0x00000be0       0x20 C:/Freescale/CW MCU v10.6/MCU/ARM_GCC_Support/ewl/lib/armv6-m\libc.a(scanformat_.o)
 .debug_aranges
                0x00000c00       0x88 C:/Freescale/CW MCU v10.6/MCU/ARM_GCC_Support/ewl/lib/armv6-m\libc.a(ctype_aeabi.o)
 .debug_aranges
                0x00000c88       0x20 C:/Freescale/CW MCU v10.6/MCU/ARM_GCC_Support/ewl/lib/armv6-m\libc.a(__strtoul.o)
 .debug_aranges
                0x00000ca8       0x20 C:/Freescale/CW MCU v10.6/MCU/ARM_GCC_Support/ewl/lib/armv6-m\libc.a(__filll_mem.o)
 .debug_aranges
                0x00000cc8       0x20 C:/Freescale/CW MCU v10.6/MCU/ARM_GCC_Support/ewl/lib/armv6-m\libc.a(memchr.o)
 .debug_aranges
                0x00000ce8       0x20 C:/Freescale/CW MCU v10.6/MCU/ARM_GCC_Support/ewl/lib/armv6-m\libc.a(strchr.o)
 .debug_aranges
                0x00000d08       0x28 C:/Freescale/CW MCU v10.6/MCU/ARM_GCC_Support/ewl/lib/armv6-m\librt.a(gcc_ctor_dtor.o)
 .debug_aranges
                0x00000d30       0x30 C:/Freescale/CW MCU v10.6/MCU/ARM_GCC_Support/ewl/lib/armv6-m\librt.a(ROMCopy.o)
 .debug_aranges
                0x00000d60       0x58 C:/Freescale/CW MCU v10.6/MCU/ARM_GCC_Support/ewl/lib/armv6-m\librt.a(__arm_eabi_init.o)

.debug_macinfo  0x00000000   0x7ec4b3
 .debug_macinfo
                0x00000000    0x3a174 ./Generated_Code/WAIT1.o
 .debug_macinfo
                0x0003a174    0x450f6 ./Generated_Code/Vectors.o
 .debug_macinfo
                0x0007f26a    0x3c0ac ./Generated_Code/TU3.o
 .debug_macinfo
                0x000bb316    0x3c042 ./Generated_Code/TU2.o
 .debug_macinfo
                0x000f7358    0x3c042 ./Generated_Code/TU1.o
 .debug_macinfo
                0x0013339a    0x39e54 ./Generated_Code/Rng1Gal.o
 .debug_macinfo
                0x0016d1ee    0x39e5b ./Generated_Code/RingBuffer.o
 .debug_macinfo
                0x001a7049    0x3c173 ./Generated_Code/PwmLdd8.o
 .debug_macinfo
                0x001e31bc    0x3c173 ./Generated_Code/PwmLdd7.o
 .debug_macinfo
                0x0021f32f    0x3c173 ./Generated_Code/PwmLdd6.o
 .debug_macinfo
                0x0025b4a2    0x3c134 ./Generated_Code/PwmLdd5.o
 .debug_macinfo
                0x002975d6    0x3c134 ./Generated_Code/PwmLdd4.o
 .debug_macinfo
                0x002d370a    0x3c173 ./Generated_Code/PwmLdd3.o
 .debug_macinfo
                0x0030f87d    0x3c134 ./Generated_Code/PwmLdd2.o
 .debug_macinfo
                0x0034b9b1    0x3c134 ./Generated_Code/PwmLdd1.o
 .debug_macinfo
                0x00387ae5    0x45056 ./Generated_Code/PE_LDD.o
 .debug_macinfo
                0x003ccb3b    0x3ac19 ./Generated_Code/MAG1.o
 .debug_macinfo
                0x00407754    0x3a329 ./Generated_Code/GI2C1.o
 .debug_macinfo
                0x00441a7d    0x450f6 ./Generated_Code/Cpu.o
 .debug_macinfo
                0x00486b73    0x4899f ./Generated_Code/ComGalileo.o
 .debug_macinfo
                0x004cf512    0x411f3 ./Generated_Code/CI2C1.o
 .debug_macinfo
                0x00510705    0x3aedc ./Generated_Code/BitsIoLdd1.o
 .debug_macinfo
                0x0054b5e1    0x3adf8 ./Generated_Code/BitIoLdd2.o
 .debug_macinfo
                0x005863d9    0x3adf8 ./Generated_Code/BitIoLdd1.o
 .debug_macinfo
                0x005c11d1    0x45105 ./Generated_Code/AdcTemp.o
 .debug_macinfo
                0x006062d6    0x3f4f2 ./Generated_Code/AdcLdd1.o
 .debug_macinfo
                0x006457c8    0x3a5c4 ./Generated_Code/Acelerometro.o
 .debug_macinfo
                0x0067fd8c    0x4c480 ./Generated_Code/AS1.o
 .debug_macinfo
                0x006cc20c     0x3e6d ./Project_Settings/Startup_Code/__arm_start.o
 .debug_macinfo
                0x006d0079     0x3456 ./Project_Settings/Startup_Code/__arm_end.o
 .debug_macinfo
                0x006d34cf    0x458ef ./Sources/main.o
 .debug_macinfo
                0x00718dbe     0x43a1 ./Sources/Utiles.o
 .debug_macinfo
                0x0071d15f    0x45123 ./Sources/Events.o
 .debug_macinfo
                0x00762282    0x45173 ./Sources/Comunicacion.o
 .debug_macinfo
                0x007a73f5    0x450be ./Sources/Actuadores.o

.debug_line     0x00000000     0x9f10
 .debug_line    0x00000000      0x274 ./Generated_Code/WAIT1.o
 .debug_line    0x00000274      0x7b7 ./Generated_Code/Vectors.o
 .debug_line    0x00000a2b      0x327 ./Generated_Code/TU3.o
 .debug_line    0x00000d52      0x31b ./Generated_Code/TU2.o
 .debug_line    0x0000106d      0x31b ./Generated_Code/TU1.o
 .debug_line    0x00001388      0x287 ./Generated_Code/Rng1Gal.o
 .debug_line    0x0000160f      0x28d ./Generated_Code/RingBuffer.o
 .debug_line    0x0000189c      0x2d4 ./Generated_Code/PwmLdd8.o
 .debug_line    0x00001b70      0x2d4 ./Generated_Code/PwmLdd7.o
 .debug_line    0x00001e44      0x2d4 ./Generated_Code/PwmLdd6.o
 .debug_line    0x00002118      0x2d4 ./Generated_Code/PwmLdd5.o
 .debug_line    0x000023ec      0x2d4 ./Generated_Code/PwmLdd4.o
 .debug_line    0x000026c0      0x2d4 ./Generated_Code/PwmLdd3.o
 .debug_line    0x00002994      0x2d4 ./Generated_Code/PwmLdd2.o
 .debug_line    0x00002c68      0x2d4 ./Generated_Code/PwmLdd1.o
 .debug_line    0x00002f3c      0x4f0 ./Generated_Code/PE_LDD.o
 .debug_line    0x0000342c      0x390 ./Generated_Code/MAG1.o
 .debug_line    0x000037bc      0x3bf ./Generated_Code/GI2C1.o
 .debug_line    0x00003b7b      0x82b ./Generated_Code/Cpu.o
 .debug_line    0x000043a6      0x679 ./Generated_Code/ComGalileo.o
 .debug_line    0x00004a1f      0x3a5 ./Generated_Code/CI2C1.o
 .debug_line    0x00004dc4      0x33d ./Generated_Code/BitsIoLdd1.o
 .debug_line    0x00005101      0x2e3 ./Generated_Code/BitIoLdd2.o
 .debug_line    0x000053e4      0x2e3 ./Generated_Code/BitIoLdd1.o
 .debug_line    0x000056c7      0x627 ./Generated_Code/AdcTemp.o
 .debug_line    0x00005cee      0x36a ./Generated_Code/AdcLdd1.o
 .debug_line    0x00006058      0x49d ./Generated_Code/Acelerometro.o
 .debug_line    0x000064f5      0x665 ./Generated_Code/AS1.o
 .debug_line    0x00006b5a      0x2b8 ./Project_Settings/Startup_Code/__arm_start.o
 .debug_line    0x00006e12      0x266 ./Project_Settings/Startup_Code/__arm_end.o
 .debug_line    0x00007078      0x6cd ./Sources/main.o
 .debug_line    0x00007745      0x2b8 ./Sources/Utiles.o
 .debug_line    0x000079fd      0x597 ./Sources/Events.o
 .debug_line    0x00007f94      0x5bb ./Sources/Comunicacion.o
 .debug_line    0x0000854f      0x5ba ./Sources/Actuadores.o
 .debug_line    0x00008b09       0x93 C:/Freescale/CW MCU v10.6/MCU/ARM_GCC_Support/ewl/lib/armv6-m\libc.a(sprintf.o)
 .debug_line    0x00008b9c       0x92 C:/Freescale/CW MCU v10.6/MCU/ARM_GCC_Support/ewl/lib/armv6-m\libc.a(sscanf.o)
 .debug_line    0x00008c2e       0xd4 C:/Freescale/CW MCU v10.6/MCU/ARM_GCC_Support/ewl/lib/armv6-m\libc.a(vsnprintf.o)
 .debug_line    0x00008d02       0xc8 C:/Freescale/CW MCU v10.6/MCU/ARM_GCC_Support/ewl/lib/armv6-m\libc.a(vsscanf.o)
 .debug_line    0x00008dca      0x156 C:/Freescale/CW MCU v10.6/MCU/ARM_GCC_Support/ewl/lib/armv6-m\libc.a(alloc.o)
 .debug_line    0x00008f20       0x8d C:/Freescale/CW MCU v10.6/MCU/ARM_GCC_Support/ewl/lib/armv6-m\libc.a(exit.o)
 .debug_line    0x00008fad       0x8b C:/Freescale/CW MCU v10.6/MCU/ARM_GCC_Support/ewl/lib/armv6-m\libc.a(memcpy.o)
 .debug_line    0x00009038       0x90 C:/Freescale/CW MCU v10.6/MCU/ARM_GCC_Support/ewl/lib/armv6-m\libc.a(memset.o)
 .debug_line    0x000090c8       0x83 C:/Freescale/CW MCU v10.6/MCU/ARM_GCC_Support/ewl/lib/armv6-m\libc.a(strcmp.o)
 .debug_line    0x0000914b       0x85 C:/Freescale/CW MCU v10.6/MCU/ARM_GCC_Support/ewl/lib/armv6-m\libc.a(strlen.o)
 .debug_line    0x000091d0       0x91 C:/Freescale/CW MCU v10.6/MCU/ARM_GCC_Support/ewl/lib/armv6-m\libc.a(strtok.o)
 .debug_line    0x00009261      0x2c3 C:/Freescale/CW MCU v10.6/MCU/ARM_GCC_Support/ewl/lib/armv6-m\libc.a(printformat_.o)
 .debug_line    0x00009524      0x2be C:/Freescale/CW MCU v10.6/MCU/ARM_GCC_Support/ewl/lib/armv6-m\libc.a(scanformat_.o)
 .debug_line    0x000097e2      0x1be C:/Freescale/CW MCU v10.6/MCU/ARM_GCC_Support/ewl/lib/armv6-m\libc.a(ctype_aeabi.o)
 .debug_line    0x000099a0      0x11e C:/Freescale/CW MCU v10.6/MCU/ARM_GCC_Support/ewl/lib/armv6-m\libc.a(__strtoul.o)
 .debug_line    0x00009abe       0xf6 C:/Freescale/CW MCU v10.6/MCU/ARM_GCC_Support/ewl/lib/armv6-m\libc.a(__filll_mem.o)
 .debug_line    0x00009bb4       0x9f C:/Freescale/CW MCU v10.6/MCU/ARM_GCC_Support/ewl/lib/armv6-m\libc.a(memchr.o)
 .debug_line    0x00009c53       0x7d C:/Freescale/CW MCU v10.6/MCU/ARM_GCC_Support/ewl/lib/armv6-m\libc.a(strchr.o)
 .debug_line    0x00009cd0       0x6c C:/Freescale/CW MCU v10.6/MCU/ARM_GCC_Support/ewl/lib/armv6-m\librt.a(gcc_ctor_dtor.o)
 .debug_line    0x00009d3c       0xbd C:/Freescale/CW MCU v10.6/MCU/ARM_GCC_Support/ewl/lib/armv6-m\librt.a(ROMCopy.o)
 .debug_line    0x00009df9      0x117 C:/Freescale/CW MCU v10.6/MCU/ARM_GCC_Support/ewl/lib/armv6-m\librt.a(__arm_eabi_init.o)

.debug_str      0x00000000     0x2d95
 .debug_str     0x00000000      0x18f ./Generated_Code/WAIT1.o
                                0x1c1 (size before relaxing)
 .debug_str     0x0000018f       0x55 ./Generated_Code/Vectors.o
                                0x189 (size before relaxing)
 .debug_str     0x000001e4      0x31d ./Generated_Code/TU3.o
                                0x46e (size before relaxing)
 .debug_str     0x00000501       0xb7 ./Generated_Code/TU2.o
                                0x46e (size before relaxing)
 .debug_str     0x000005b8       0xb7 ./Generated_Code/TU1.o
                                0x46e (size before relaxing)
 .debug_str     0x0000066f       0xd4 ./Generated_Code/Rng1Gal.o
                                0x207 (size before relaxing)
 .debug_str     0x00000743       0xc6 ./Generated_Code/RingBuffer.o
                                0x225 (size before relaxing)
 .debug_str     0x00000809       0xc2 ./Generated_Code/PwmLdd8.o
                                0x28e (size before relaxing)
 .debug_str     0x000008cb       0x62 ./Generated_Code/PwmLdd7.o
                                0x28e (size before relaxing)
 .debug_str     0x0000092d       0x62 ./Generated_Code/PwmLdd6.o
                                0x28e (size before relaxing)
 .debug_str     0x0000098f       0x62 ./Generated_Code/PwmLdd5.o
                                0x28e (size before relaxing)
 .debug_str     0x000009f1       0x62 ./Generated_Code/PwmLdd4.o
                                0x28e (size before relaxing)
 .debug_str     0x00000a53       0x62 ./Generated_Code/PwmLdd3.o
                                0x28e (size before relaxing)
 .debug_str     0x00000ab5       0x62 ./Generated_Code/PwmLdd2.o
                                0x28e (size before relaxing)
 .debug_str     0x00000b17       0x62 ./Generated_Code/PwmLdd1.o
                                0x28e (size before relaxing)
 .debug_str     0x00000b79      0x172 ./Generated_Code/PE_LDD.o
                                0x2ec (size before relaxing)
 .debug_str     0x00000ceb      0x15d ./Generated_Code/MAG1.o
                                0x2b2 (size before relaxing)
 .debug_str     0x00000e48      0x2f0 ./Generated_Code/GI2C1.o
                                0x464 (size before relaxing)
 .debug_str     0x00001138      0x1ac ./Generated_Code/Cpu.o
                                0x438 (size before relaxing)
 .debug_str     0x000012e4      0x16c ./Generated_Code/ComGalileo.o
                                0x4a1 (size before relaxing)
 .debug_str     0x00001450      0x16b ./Generated_Code/CI2C1.o
                                0x552 (size before relaxing)
 .debug_str     0x000015bb      0x15a ./Generated_Code/BitsIoLdd1.o
                                0x384 (size before relaxing)
 .debug_str     0x00001715       0xb1 ./Generated_Code/BitIoLdd2.o
                                0x306 (size before relaxing)
 .debug_str     0x000017c6       0xb1 ./Generated_Code/BitIoLdd1.o
                                0x306 (size before relaxing)
 .debug_str     0x00001877      0x11e ./Generated_Code/AdcTemp.o
                                0x2b8 (size before relaxing)
 .debug_str     0x00001995      0x20c ./Generated_Code/AdcLdd1.o
                                0x5af (size before relaxing)
 .debug_str     0x00001ba1      0x2ef ./Generated_Code/Acelerometro.o
                                0x455 (size before relaxing)
 .debug_str     0x00001e90       0xad ./Generated_Code/AS1.o
                                0x46e (size before relaxing)
 .debug_str     0x00001f3d       0x85 ./Project_Settings/Startup_Code/__arm_start.o
                                0x1b7 (size before relaxing)
 .debug_str     0x00001fc2       0x41 ./Project_Settings/Startup_Code/__arm_end.o
                                 0xee (size before relaxing)
 .debug_str     0x00002003       0x99 ./Sources/main.o
                                0x1e0 (size before relaxing)
 .debug_str     0x0000209c       0x64 ./Sources/Utiles.o
                                0x1ab (size before relaxing)
 .debug_str     0x00002100       0xbf ./Sources/Events.o
                                0x22d (size before relaxing)
 .debug_str     0x000021bf       0x51 ./Sources/Comunicacion.o
                                0x1de (size before relaxing)
 .debug_str     0x00002210       0xfa ./Sources/Actuadores.o
                                0x24b (size before relaxing)
 .debug_str     0x0000230a       0x56 C:/Freescale/CW MCU v10.6/MCU/ARM_GCC_Support/ewl/lib/armv6-m\libc.a(sprintf.o)
                                0x163 (size before relaxing)
 .debug_str     0x00002360       0x13 C:/Freescale/CW MCU v10.6/MCU/ARM_GCC_Support/ewl/lib/armv6-m\libc.a(sscanf.o)
                                0x161 (size before relaxing)
 .debug_str     0x00002373       0x83 C:/Freescale/CW MCU v10.6/MCU/ARM_GCC_Support/ewl/lib/armv6-m\libc.a(vsnprintf.o)
                                0x1cc (size before relaxing)
 .debug_str     0x000023f6       0x9c C:/Freescale/CW MCU v10.6/MCU/ARM_GCC_Support/ewl/lib/armv6-m\libc.a(vsscanf.o)
                                0x1e5 (size before relaxing)
 .debug_str     0x00002492       0xc8 C:/Freescale/CW MCU v10.6/MCU/ARM_GCC_Support/ewl/lib/armv6-m\libc.a(alloc.o)
                                0x200 (size before relaxing)
 .debug_str     0x0000255a       0x2e C:/Freescale/CW MCU v10.6/MCU/ARM_GCC_Support/ewl/lib/armv6-m\libc.a(exit.o)
                                0x157 (size before relaxing)
 .debug_str     0x00002588       0x1c C:/Freescale/CW MCU v10.6/MCU/ARM_GCC_Support/ewl/lib/armv6-m\libc.a(memcpy.o)
                                0x138 (size before relaxing)
 .debug_str     0x000025a4       0x1c C:/Freescale/CW MCU v10.6/MCU/ARM_GCC_Support/ewl/lib/armv6-m\libc.a(memset.o)
                                0x140 (size before relaxing)
 .debug_str     0x000025c0       0x26 C:/Freescale/CW MCU v10.6/MCU/ARM_GCC_Support/ewl/lib/armv6-m\libc.a(strcmp.o)
                                0x152 (size before relaxing)
 .debug_str     0x000025e6       0x1c C:/Freescale/CW MCU v10.6/MCU/ARM_GCC_Support/ewl/lib/armv6-m\libc.a(strlen.o)
                                0x140 (size before relaxing)
 .debug_str     0x00002602       0x39 C:/Freescale/CW MCU v10.6/MCU/ARM_GCC_Support/ewl/lib/armv6-m\libc.a(strtok.o)
                                0x15f (size before relaxing)
 .debug_str     0x0000263b      0x218 C:/Freescale/CW MCU v10.6/MCU/ARM_GCC_Support/ewl/lib/armv6-m\libc.a(printformat_.o)
                                0x3b3 (size before relaxing)
 .debug_str     0x00002853      0x142 C:/Freescale/CW MCU v10.6/MCU/ARM_GCC_Support/ewl/lib/armv6-m\libc.a(scanformat_.o)
                                0x3f9 (size before relaxing)
 .debug_str     0x00002995       0x9d C:/Freescale/CW MCU v10.6/MCU/ARM_GCC_Support/ewl/lib/armv6-m\libc.a(ctype_aeabi.o)
                                0x1bc (size before relaxing)
 .debug_str     0x00002a32       0x5b C:/Freescale/CW MCU v10.6/MCU/ARM_GCC_Support/ewl/lib/armv6-m\libc.a(__strtoul.o)
                                0x1fb (size before relaxing)
 .debug_str     0x00002a8d       0x25 C:/Freescale/CW MCU v10.6/MCU/ARM_GCC_Support/ewl/lib/armv6-m\libc.a(__filll_mem.o)
                                0x152 (size before relaxing)
 .debug_str     0x00002ab2       0x1c C:/Freescale/CW MCU v10.6/MCU/ARM_GCC_Support/ewl/lib/armv6-m\libc.a(memchr.o)
                                0x148 (size before relaxing)
 .debug_str     0x00002ace       0x1c C:/Freescale/CW MCU v10.6/MCU/ARM_GCC_Support/ewl/lib/armv6-m\libc.a(strchr.o)
                                0x137 (size before relaxing)
 .debug_str     0x00002aea      0x126 C:/Freescale/CW MCU v10.6/MCU/ARM_GCC_Support/ewl/lib/armv6-m\librt.a(gcc_ctor_dtor.o)
                                0x181 (size before relaxing)
 .debug_str     0x00002c10       0x9c C:/Freescale/CW MCU v10.6/MCU/ARM_GCC_Support/ewl/lib/armv6-m\librt.a(ROMCopy.o)
                                0x13c (size before relaxing)
 .debug_str     0x00002cac       0xe9 C:/Freescale/CW MCU v10.6/MCU/ARM_GCC_Support/ewl/lib/armv6-m\librt.a(__arm_eabi_init.o)
                                0x1b5 (size before relaxing)

.comment        0x00000000       0x79
 .comment       0x00000000       0x79 ./Generated_Code/WAIT1.o
                                 0x7a (size before relaxing)
 .comment       0x00000000       0x7a ./Generated_Code/Vectors.o
 .comment       0x00000000       0x7a ./Generated_Code/TU3.o
 .comment       0x00000000       0x7a ./Generated_Code/TU2.o
 .comment       0x00000000       0x7a ./Generated_Code/TU1.o
 .comment       0x00000000       0x7a ./Generated_Code/Rng1Gal.o
 .comment       0x00000000       0x7a ./Generated_Code/RingBuffer.o
 .comment       0x00000000       0x7a ./Generated_Code/PwmLdd8.o
 .comment       0x00000000       0x7a ./Generated_Code/PwmLdd7.o
 .comment       0x00000000       0x7a ./Generated_Code/PwmLdd6.o
 .comment       0x00000000       0x7a ./Generated_Code/PwmLdd5.o
 .comment       0x00000000       0x7a ./Generated_Code/PwmLdd4.o
 .comment       0x00000000       0x7a ./Generated_Code/PwmLdd3.o
 .comment       0x00000000       0x7a ./Generated_Code/PwmLdd2.o
 .comment       0x00000000       0x7a ./Generated_Code/PwmLdd1.o
 .comment       0x00000000       0x7a ./Generated_Code/PE_LDD.o
 .comment       0x00000000       0x7a ./Generated_Code/MAG1.o
 .comment       0x00000000       0x7a ./Generated_Code/GI2C1.o
 .comment       0x00000000       0x7a ./Generated_Code/Cpu.o
 .comment       0x00000000       0x7a ./Generated_Code/ComGalileo.o
 .comment       0x00000000       0x7a ./Generated_Code/CI2C1.o
 .comment       0x00000000       0x7a ./Generated_Code/BitsIoLdd1.o
 .comment       0x00000000       0x7a ./Generated_Code/BitIoLdd2.o
 .comment       0x00000000       0x7a ./Generated_Code/BitIoLdd1.o
 .comment       0x00000000       0x7a ./Generated_Code/AdcTemp.o
 .comment       0x00000000       0x7a ./Generated_Code/AdcLdd1.o
 .comment       0x00000000       0x7a ./Generated_Code/Acelerometro.o
 .comment       0x00000000       0x7a ./Generated_Code/AS1.o
 .comment       0x00000000       0x7a ./Project_Settings/Startup_Code/__arm_start.o
 .comment       0x00000000       0x7a ./Project_Settings/Startup_Code/__arm_end.o
 .comment       0x00000000       0x7a ./Sources/main.o
 .comment       0x00000000       0x7a ./Sources/Utiles.o
 .comment       0x00000000       0x7a ./Sources/Events.o
 .comment       0x00000000       0x7a ./Sources/Comunicacion.o
 .comment       0x00000000       0x7a ./Sources/Actuadores.o
 .comment       0x00000000       0x7a C:/Freescale/CW MCU v10.6/MCU/ARM_GCC_Support/ewl/lib/armv6-m\libc.a(sprintf.o)
 .comment       0x00000000       0x7a C:/Freescale/CW MCU v10.6/MCU/ARM_GCC_Support/ewl/lib/armv6-m\libc.a(sscanf.o)
 .comment       0x00000000       0x7a C:/Freescale/CW MCU v10.6/MCU/ARM_GCC_Support/ewl/lib/armv6-m\libc.a(vsnprintf.o)
 .comment       0x00000000       0x7a C:/Freescale/CW MCU v10.6/MCU/ARM_GCC_Support/ewl/lib/armv6-m\libc.a(vsscanf.o)
 .comment       0x00000000       0x7a C:/Freescale/CW MCU v10.6/MCU/ARM_GCC_Support/ewl/lib/armv6-m\libc.a(alloc.o)
 .comment       0x00000000       0x7a C:/Freescale/CW MCU v10.6/MCU/ARM_GCC_Support/ewl/lib/armv6-m\libc.a(exit.o)
 .comment       0x00000000       0x7a C:/Freescale/CW MCU v10.6/MCU/ARM_GCC_Support/ewl/lib/armv6-m\libc.a(memcpy.o)
 .comment       0x00000000       0x7a C:/Freescale/CW MCU v10.6/MCU/ARM_GCC_Support/ewl/lib/armv6-m\libc.a(memset.o)
 .comment       0x00000000       0x7a C:/Freescale/CW MCU v10.6/MCU/ARM_GCC_Support/ewl/lib/armv6-m\libc.a(strcmp.o)
 .comment       0x00000000       0x7a C:/Freescale/CW MCU v10.6/MCU/ARM_GCC_Support/ewl/lib/armv6-m\libc.a(strlen.o)
 .comment       0x00000000       0x7a C:/Freescale/CW MCU v10.6/MCU/ARM_GCC_Support/ewl/lib/armv6-m\libc.a(strtok.o)
 .comment       0x00000000       0x7a C:/Freescale/CW MCU v10.6/MCU/ARM_GCC_Support/ewl/lib/armv6-m\libc.a(printformat_.o)
 .comment       0x00000000       0x7a C:/Freescale/CW MCU v10.6/MCU/ARM_GCC_Support/ewl/lib/armv6-m\libc.a(scanformat_.o)
 .comment       0x00000000       0x7a C:/Freescale/CW MCU v10.6/MCU/ARM_GCC_Support/ewl/lib/armv6-m\libc.a(ctype_aeabi.o)
 .comment       0x00000000       0x7a C:/Freescale/CW MCU v10.6/MCU/ARM_GCC_Support/ewl/lib/armv6-m\libc.a(__strtoul.o)
 .comment       0x00000000       0x7a C:/Freescale/CW MCU v10.6/MCU/ARM_GCC_Support/ewl/lib/armv6-m\libc.a(__filll_mem.o)
 .comment       0x00000000       0x7a C:/Freescale/CW MCU v10.6/MCU/ARM_GCC_Support/ewl/lib/armv6-m\libc.a(memchr.o)
 .comment       0x00000000       0x7a C:/Freescale/CW MCU v10.6/MCU/ARM_GCC_Support/ewl/lib/armv6-m\libc.a(strchr.o)
 .comment       0x00000000       0x7a C:/Freescale/CW MCU v10.6/MCU/ARM_GCC_Support/ewl/lib/armv6-m\librt.a(gcc_ctor_dtor.o)
 .comment       0x00000000       0x7a C:/Freescale/CW MCU v10.6/MCU/ARM_GCC_Support/ewl/lib/armv6-m\librt.a(ROMCopy.o)
 .comment       0x00000000       0x7a C:/Freescale/CW MCU v10.6/MCU/ARM_GCC_Support/ewl/lib/armv6-m\librt.a(__arm_eabi_init.o)

.debug_frame    0x00000000     0x24d4
 .debug_frame   0x00000000       0x90 ./Generated_Code/WAIT1.o
 .debug_frame   0x00000090       0xd0 ./Generated_Code/TU3.o
 .debug_frame   0x00000160       0xd0 ./Generated_Code/TU2.o
 .debug_frame   0x00000230       0xd0 ./Generated_Code/TU1.o
 .debug_frame   0x00000300       0xa4 ./Generated_Code/Rng1Gal.o
 .debug_frame   0x000003a4       0xa4 ./Generated_Code/RingBuffer.o
 .debug_frame   0x00000448       0x90 ./Generated_Code/PwmLdd8.o
 .debug_frame   0x000004d8       0x90 ./Generated_Code/PwmLdd7.o
 .debug_frame   0x00000568       0x90 ./Generated_Code/PwmLdd6.o
 .debug_frame   0x000005f8       0x90 ./Generated_Code/PwmLdd5.o
 .debug_frame   0x00000688       0x90 ./Generated_Code/PwmLdd4.o
 .debug_frame   0x00000718       0x90 ./Generated_Code/PwmLdd3.o
 .debug_frame   0x000007a8       0x90 ./Generated_Code/PwmLdd2.o
 .debug_frame   0x00000838       0x90 ./Generated_Code/PwmLdd1.o
 .debug_frame   0x000008c8       0x6c ./Generated_Code/PE_LDD.o
 .debug_frame   0x00000934      0x248 ./Generated_Code/MAG1.o
 .debug_frame   0x00000b7c      0x218 ./Generated_Code/GI2C1.o
 .debug_frame   0x00000d94       0x80 ./Generated_Code/Cpu.o
 .debug_frame   0x00000e14       0xd0 ./Generated_Code/ComGalileo.o
 .debug_frame   0x00000ee4       0xd0 ./Generated_Code/CI2C1.o